Archive member included to satisfy reference by file (symbol)

c:/st/stm32cubeide_1.11.2/stm32cubeide/plugins/com.st.stm32cube.ide.mcu.externaltools.gnu-tools-for-stm32.10.3-2021.10.win32_1.0.100.202210260954/tools/bin/../lib/gcc/arm-none-eabi/10.3.1/../../../../arm-none-eabi/lib/thumb/v7e-m/nofp\libc_nano.a(lib_a-exit.o)
                              c:/st/stm32cubeide_1.11.2/stm32cubeide/plugins/com.st.stm32cube.ide.mcu.externaltools.gnu-tools-for-stm32.10.3-2021.10.win32_1.0.100.202210260954/tools/bin/../lib/gcc/arm-none-eabi/10.3.1/../../../../arm-none-eabi/lib/thumb/v7e-m/nofp/crt0.o (exit)
c:/st/stm32cubeide_1.11.2/stm32cubeide/plugins/com.st.stm32cube.ide.mcu.externaltools.gnu-tools-for-stm32.10.3-2021.10.win32_1.0.100.202210260954/tools/bin/../lib/gcc/arm-none-eabi/10.3.1/../../../../arm-none-eabi/lib/thumb/v7e-m/nofp\libc_nano.a(lib_a-impure.o)
                              c:/st/stm32cubeide_1.11.2/stm32cubeide/plugins/com.st.stm32cube.ide.mcu.externaltools.gnu-tools-for-stm32.10.3-2021.10.win32_1.0.100.202210260954/tools/bin/../lib/gcc/arm-none-eabi/10.3.1/../../../../arm-none-eabi/lib/thumb/v7e-m/nofp\libc_nano.a(lib_a-exit.o) (_global_impure_ptr)
c:/st/stm32cubeide_1.11.2/stm32cubeide/plugins/com.st.stm32cube.ide.mcu.externaltools.gnu-tools-for-stm32.10.3-2021.10.win32_1.0.100.202210260954/tools/bin/../lib/gcc/arm-none-eabi/10.3.1/../../../../arm-none-eabi/lib/thumb/v7e-m/nofp\libc_nano.a(lib_a-init.o)
                              c:/st/stm32cubeide_1.11.2/stm32cubeide/plugins/com.st.stm32cube.ide.mcu.externaltools.gnu-tools-for-stm32.10.3-2021.10.win32_1.0.100.202210260954/tools/bin/../lib/gcc/arm-none-eabi/10.3.1/../../../../arm-none-eabi/lib/thumb/v7e-m/nofp/crt0.o (__libc_init_array)
c:/st/stm32cubeide_1.11.2/stm32cubeide/plugins/com.st.stm32cube.ide.mcu.externaltools.gnu-tools-for-stm32.10.3-2021.10.win32_1.0.100.202210260954/tools/bin/../lib/gcc/arm-none-eabi/10.3.1/../../../../arm-none-eabi/lib/thumb/v7e-m/nofp\libc_nano.a(lib_a-memset.o)
                              c:/st/stm32cubeide_1.11.2/stm32cubeide/plugins/com.st.stm32cube.ide.mcu.externaltools.gnu-tools-for-stm32.10.3-2021.10.win32_1.0.100.202210260954/tools/bin/../lib/gcc/arm-none-eabi/10.3.1/../../../../arm-none-eabi/lib/thumb/v7e-m/nofp/crt0.o (memset)
c:/st/stm32cubeide_1.11.2/stm32cubeide/plugins/com.st.stm32cube.ide.mcu.externaltools.gnu-tools-for-stm32.10.3-2021.10.win32_1.0.100.202210260954/tools/bin/../lib/gcc/arm-none-eabi/10.3.1/../../../../arm-none-eabi/lib/thumb/v7e-m/nofp\libnosys.a(_exit.o)
                              c:/st/stm32cubeide_1.11.2/stm32cubeide/plugins/com.st.stm32cube.ide.mcu.externaltools.gnu-tools-for-stm32.10.3-2021.10.win32_1.0.100.202210260954/tools/bin/../lib/gcc/arm-none-eabi/10.3.1/../../../../arm-none-eabi/lib/thumb/v7e-m/nofp\libc_nano.a(lib_a-exit.o) (_exit)

Discarded input sections

 .text          0x0000000000000000        0x0 c:/st/stm32cubeide_1.11.2/stm32cubeide/plugins/com.st.stm32cube.ide.mcu.externaltools.gnu-tools-for-stm32.10.3-2021.10.win32_1.0.100.202210260954/tools/bin/../lib/gcc/arm-none-eabi/10.3.1/thumb/v7e-m/nofp/crti.o
 .data          0x0000000000000000        0x0 c:/st/stm32cubeide_1.11.2/stm32cubeide/plugins/com.st.stm32cube.ide.mcu.externaltools.gnu-tools-for-stm32.10.3-2021.10.win32_1.0.100.202210260954/tools/bin/../lib/gcc/arm-none-eabi/10.3.1/thumb/v7e-m/nofp/crti.o
 .bss           0x0000000000000000        0x0 c:/st/stm32cubeide_1.11.2/stm32cubeide/plugins/com.st.stm32cube.ide.mcu.externaltools.gnu-tools-for-stm32.10.3-2021.10.win32_1.0.100.202210260954/tools/bin/../lib/gcc/arm-none-eabi/10.3.1/thumb/v7e-m/nofp/crti.o
 .data          0x0000000000000000        0x4 c:/st/stm32cubeide_1.11.2/stm32cubeide/plugins/com.st.stm32cube.ide.mcu.externaltools.gnu-tools-for-stm32.10.3-2021.10.win32_1.0.100.202210260954/tools/bin/../lib/gcc/arm-none-eabi/10.3.1/thumb/v7e-m/nofp/crtbegin.o
 .rodata        0x0000000000000000       0x24 c:/st/stm32cubeide_1.11.2/stm32cubeide/plugins/com.st.stm32cube.ide.mcu.externaltools.gnu-tools-for-stm32.10.3-2021.10.win32_1.0.100.202210260954/tools/bin/../lib/gcc/arm-none-eabi/10.3.1/thumb/v7e-m/nofp/crtbegin.o
 .text          0x0000000000000000       0x7c c:/st/stm32cubeide_1.11.2/stm32cubeide/plugins/com.st.stm32cube.ide.mcu.externaltools.gnu-tools-for-stm32.10.3-2021.10.win32_1.0.100.202210260954/tools/bin/../lib/gcc/arm-none-eabi/10.3.1/../../../../arm-none-eabi/lib/thumb/v7e-m/nofp/crt0.o
 .data          0x0000000000000000        0x0 c:/st/stm32cubeide_1.11.2/stm32cubeide/plugins/com.st.stm32cube.ide.mcu.externaltools.gnu-tools-for-stm32.10.3-2021.10.win32_1.0.100.202210260954/tools/bin/../lib/gcc/arm-none-eabi/10.3.1/../../../../arm-none-eabi/lib/thumb/v7e-m/nofp/crt0.o
 .bss           0x0000000000000000        0x0 c:/st/stm32cubeide_1.11.2/stm32cubeide/plugins/com.st.stm32cube.ide.mcu.externaltools.gnu-tools-for-stm32.10.3-2021.10.win32_1.0.100.202210260954/tools/bin/../lib/gcc/arm-none-eabi/10.3.1/../../../../arm-none-eabi/lib/thumb/v7e-m/nofp/crt0.o
 .ARM.extab     0x0000000000000000        0x0 c:/st/stm32cubeide_1.11.2/stm32cubeide/plugins/com.st.stm32cube.ide.mcu.externaltools.gnu-tools-for-stm32.10.3-2021.10.win32_1.0.100.202210260954/tools/bin/../lib/gcc/arm-none-eabi/10.3.1/../../../../arm-none-eabi/lib/thumb/v7e-m/nofp/crt0.o
 .ARM.exidx     0x0000000000000000       0x10 c:/st/stm32cubeide_1.11.2/stm32cubeide/plugins/com.st.stm32cube.ide.mcu.externaltools.gnu-tools-for-stm32.10.3-2021.10.win32_1.0.100.202210260954/tools/bin/../lib/gcc/arm-none-eabi/10.3.1/../../../../arm-none-eabi/lib/thumb/v7e-m/nofp/crt0.o
 .ARM.attributes
                0x0000000000000000       0x1c c:/st/stm32cubeide_1.11.2/stm32cubeide/plugins/com.st.stm32cube.ide.mcu.externaltools.gnu-tools-for-stm32.10.3-2021.10.win32_1.0.100.202210260954/tools/bin/../lib/gcc/arm-none-eabi/10.3.1/../../../../arm-none-eabi/lib/thumb/v7e-m/nofp/crt0.o
 .group         0x0000000000000000        0xc ./BSP/bsp.o
 .group         0x0000000000000000        0xc ./BSP/bsp.o
 .group         0x0000000000000000        0xc ./BSP/bsp.o
 .group         0x0000000000000000        0xc ./BSP/bsp.o
 .group         0x0000000000000000        0xc ./BSP/bsp.o
 .group         0x0000000000000000        0xc ./BSP/bsp.o
 .group         0x0000000000000000        0xc ./BSP/bsp.o
 .group         0x0000000000000000        0xc ./BSP/bsp.o
 .group         0x0000000000000000        0xc ./BSP/bsp.o
 .group         0x0000000000000000        0xc ./BSP/bsp.o
 .group         0x0000000000000000        0xc ./BSP/bsp.o
 .text          0x0000000000000000        0x0 ./BSP/bsp.o
 .data          0x0000000000000000        0x0 ./BSP/bsp.o
 .bss           0x0000000000000000        0x0 ./BSP/bsp.o
 .text.systick_init
                0x0000000000000000       0x54 ./BSP/bsp.o
 .text.SPI2_GPIOInit
                0x0000000000000000       0x42 ./BSP/bsp.o
 .text.I2C1_GPIOInit
                0x0000000000000000       0x5a ./BSP/bsp.o
 .text.USART_GPIOInit
                0x0000000000000000       0x5a ./BSP/bsp.o
 .text.GPIO_ButtonInit
                0x0000000000000000       0x38 ./BSP/bsp.o
 .text.GPIO_ButtonInitIT
                0x0000000000000000       0x44 ./BSP/bsp.o
 .text.GPIO_CAN1Init
                0x0000000000000000       0x42 ./BSP/bsp.o
 .text.GPIO_LEDInit
                0x0000000000000000       0x3c ./BSP/bsp.o
 .text.delay    0x0000000000000000       0x30 ./BSP/bsp.o
 .debug_info    0x0000000000000000      0x4e4 ./BSP/bsp.o
 .debug_abbrev  0x0000000000000000      0x164 ./BSP/bsp.o
 .debug_aranges
                0x0000000000000000       0x60 ./BSP/bsp.o
 .debug_ranges  0x0000000000000000       0x50 ./BSP/bsp.o
 .debug_macro   0x0000000000000000       0xa7 ./BSP/bsp.o
 .debug_macro   0x0000000000000000      0xa78 ./BSP/bsp.o
 .debug_macro   0x0000000000000000       0x22 ./BSP/bsp.o
 .debug_macro   0x0000000000000000       0x8e ./BSP/bsp.o
 .debug_macro   0x0000000000000000       0x51 ./BSP/bsp.o
 .debug_macro   0x0000000000000000      0x103 ./BSP/bsp.o
 .debug_macro   0x0000000000000000       0x6a ./BSP/bsp.o
 .debug_macro   0x0000000000000000      0x1df ./BSP/bsp.o
 .debug_macro   0x0000000000000000      0x174 ./BSP/bsp.o
 .debug_macro   0x0000000000000000      0xa5a ./BSP/bsp.o
 .debug_macro   0x0000000000000000       0xc4 ./BSP/bsp.o
 .debug_macro   0x0000000000000000       0xe2 ./BSP/bsp.o
 .debug_line    0x0000000000000000      0x5c8 ./BSP/bsp.o
 .debug_str     0x0000000000000000     0x6d2d ./BSP/bsp.o
 .comment       0x0000000000000000       0x51 ./BSP/bsp.o
 .debug_frame   0x0000000000000000      0x15c ./BSP/bsp.o
 .ARM.attributes
                0x0000000000000000       0x2e ./BSP/bsp.o
 .group         0x0000000000000000        0xc ./Drivers/GPIO_DRIVERS/GPIO_driver.o
 .group         0x0000000000000000        0xc ./Drivers/GPIO_DRIVERS/GPIO_driver.o
 .group         0x0000000000000000        0xc ./Drivers/GPIO_DRIVERS/GPIO_driver.o
 .group         0x0000000000000000        0xc ./Drivers/GPIO_DRIVERS/GPIO_driver.o
 .group         0x0000000000000000        0xc ./Drivers/GPIO_DRIVERS/GPIO_driver.o
 .group         0x0000000000000000        0xc ./Drivers/GPIO_DRIVERS/GPIO_driver.o
 .group         0x0000000000000000        0xc ./Drivers/GPIO_DRIVERS/GPIO_driver.o
 .group         0x0000000000000000        0xc ./Drivers/GPIO_DRIVERS/GPIO_driver.o
 .group         0x0000000000000000        0xc ./Drivers/GPIO_DRIVERS/GPIO_driver.o
 .group         0x0000000000000000        0xc ./Drivers/GPIO_DRIVERS/GPIO_driver.o
 .text          0x0000000000000000        0x0 ./Drivers/GPIO_DRIVERS/GPIO_driver.o
 .data          0x0000000000000000        0x0 ./Drivers/GPIO_DRIVERS/GPIO_driver.o
 .bss           0x0000000000000000        0x0 ./Drivers/GPIO_DRIVERS/GPIO_driver.o
 .text.GPIO_CLKCNT
                0x0000000000000000      0x1a0 ./Drivers/GPIO_DRIVERS/GPIO_driver.o
 .text.GPIO_PORTCODE
                0x0000000000000000       0x2a ./Drivers/GPIO_DRIVERS/GPIO_driver.o
 .text.GPIO_Init
                0x0000000000000000      0x2a8 ./Drivers/GPIO_DRIVERS/GPIO_driver.o
 .text.GPIO_DeInit
                0x0000000000000000      0x144 ./Drivers/GPIO_DRIVERS/GPIO_driver.o
 .text.GPIO_ReadFromInputPin
                0x0000000000000000       0x2a ./Drivers/GPIO_DRIVERS/GPIO_driver.o
 .text.GPIO_ReadFromInputPort
                0x0000000000000000       0x1a ./Drivers/GPIO_DRIVERS/GPIO_driver.o
 .text.GPIO_WriteToOutputPin
                0x0000000000000000       0x48 ./Drivers/GPIO_DRIVERS/GPIO_driver.o
 .text.GPIO_WriteToOutputPort
                0x0000000000000000       0x1c ./Drivers/GPIO_DRIVERS/GPIO_driver.o
 .text.GPIO_ToggleOutputPin
                0x0000000000000000       0x28 ./Drivers/GPIO_DRIVERS/GPIO_driver.o
 .text.GPIO_IRQInterruptConfig
                0x0000000000000000      0x108 ./Drivers/GPIO_DRIVERS/GPIO_driver.o
 .text.GPIO_IRQPriorityConfig
                0x0000000000000000       0x52 ./Drivers/GPIO_DRIVERS/GPIO_driver.o
 .text.GPIO_IRQHandling
                0x0000000000000000       0x14 ./Drivers/GPIO_DRIVERS/GPIO_driver.o
 .debug_info    0x0000000000000000      0x7eb ./Drivers/GPIO_DRIVERS/GPIO_driver.o
 .debug_abbrev  0x0000000000000000      0x173 ./Drivers/GPIO_DRIVERS/GPIO_driver.o
 .debug_aranges
                0x0000000000000000       0x78 ./Drivers/GPIO_DRIVERS/GPIO_driver.o
 .debug_ranges  0x0000000000000000       0x68 ./Drivers/GPIO_DRIVERS/GPIO_driver.o
 .debug_macro   0x0000000000000000       0x8a ./Drivers/GPIO_DRIVERS/GPIO_driver.o
 .debug_macro   0x0000000000000000      0xa78 ./Drivers/GPIO_DRIVERS/GPIO_driver.o
 .debug_macro   0x0000000000000000       0x22 ./Drivers/GPIO_DRIVERS/GPIO_driver.o
 .debug_macro   0x0000000000000000       0x8e ./Drivers/GPIO_DRIVERS/GPIO_driver.o
 .debug_macro   0x0000000000000000       0x51 ./Drivers/GPIO_DRIVERS/GPIO_driver.o
 .debug_macro   0x0000000000000000      0x103 ./Drivers/GPIO_DRIVERS/GPIO_driver.o
 .debug_macro   0x0000000000000000       0x6a ./Drivers/GPIO_DRIVERS/GPIO_driver.o
 .debug_macro   0x0000000000000000      0x1df ./Drivers/GPIO_DRIVERS/GPIO_driver.o
 .debug_macro   0x0000000000000000      0x174 ./Drivers/GPIO_DRIVERS/GPIO_driver.o
 .debug_macro   0x0000000000000000      0xa5a ./Drivers/GPIO_DRIVERS/GPIO_driver.o
 .debug_macro   0x0000000000000000       0xc4 ./Drivers/GPIO_DRIVERS/GPIO_driver.o
 .debug_line    0x0000000000000000      0x90a ./Drivers/GPIO_DRIVERS/GPIO_driver.o
 .debug_str     0x0000000000000000     0x6c25 ./Drivers/GPIO_DRIVERS/GPIO_driver.o
 .comment       0x0000000000000000       0x51 ./Drivers/GPIO_DRIVERS/GPIO_driver.o
 .debug_frame   0x0000000000000000      0x1f0 ./Drivers/GPIO_DRIVERS/GPIO_driver.o
 .ARM.attributes
                0x0000000000000000       0x2e ./Drivers/GPIO_DRIVERS/GPIO_driver.o
 .group         0x0000000000000000        0xc ./Drivers/I2C_Driver/I2C_Driver.o
 .group         0x0000000000000000        0xc ./Drivers/I2C_Driver/I2C_Driver.o
 .group         0x0000000000000000        0xc ./Drivers/I2C_Driver/I2C_Driver.o
 .group         0x0000000000000000        0xc ./Drivers/I2C_Driver/I2C_Driver.o
 .group         0x0000000000000000        0xc ./Drivers/I2C_Driver/I2C_Driver.o
 .group         0x0000000000000000        0xc ./Drivers/I2C_Driver/I2C_Driver.o
 .group         0x0000000000000000        0xc ./Drivers/I2C_Driver/I2C_Driver.o
 .group         0x0000000000000000        0xc ./Drivers/I2C_Driver/I2C_Driver.o
 .group         0x0000000000000000        0xc ./Drivers/I2C_Driver/I2C_Driver.o
 .group         0x0000000000000000        0xc ./Drivers/I2C_Driver/I2C_Driver.o
 .group         0x0000000000000000        0xc ./Drivers/I2C_Driver/I2C_Driver.o
 .text          0x0000000000000000        0x0 ./Drivers/I2C_Driver/I2C_Driver.o
 .data          0x0000000000000000        0x0 ./Drivers/I2C_Driver/I2C_Driver.o
 .bss           0x0000000000000000        0x0 ./Drivers/I2C_Driver/I2C_Driver.o
 .text.I2C_Enable
                0x0000000000000000       0x36 ./Drivers/I2C_Driver/I2C_Driver.o
 .text.I2C_CLKCNT
                0x0000000000000000       0xb0 ./Drivers/I2C_Driver/I2C_Driver.o
 .text.I2C_Init
                0x0000000000000000      0x1b8 ./Drivers/I2C_Driver/I2C_Driver.o
 .text.I2C_DeInit
                0x0000000000000000       0x58 ./Drivers/I2C_Driver/I2C_Driver.o
 .text.I2C_GetFlagStatus
                0x0000000000000000       0x28 ./Drivers/I2C_Driver/I2C_Driver.o
 .text.I2C_MasterSendData
                0x0000000000000000       0xba ./Drivers/I2C_Driver/I2C_Driver.o
 .text.I2C_MasterRecieveData
                0x0000000000000000      0x19e ./Drivers/I2C_Driver/I2C_Driver.o
 .text.I2C_SLaveSendData
                0x0000000000000000       0x20 ./Drivers/I2C_Driver/I2C_Driver.o
 .text.I2C_SlaveRecieveData
                0x0000000000000000       0xa6 ./Drivers/I2C_Driver/I2C_Driver.o
 .text.I2C_IRQInterruptConfig
                0x0000000000000000       0x1a ./Drivers/I2C_Driver/I2C_Driver.o
 .text.I2C_IRQPriorityConfig
                0x0000000000000000       0x16 ./Drivers/I2C_Driver/I2C_Driver.o
 .text.I2C_GenerateStartCondition
                0x0000000000000000       0x1e ./Drivers/I2C_Driver/I2C_Driver.o
 .text.I2C_ExecuteAddressPhaseWrite
                0x0000000000000000       0x30 ./Drivers/I2C_Driver/I2C_Driver.o
 .text.I2C_ClearADDRFlag
                0x0000000000000000       0x3a ./Drivers/I2C_Driver/I2C_Driver.o
 .debug_info    0x0000000000000000      0x7b8 ./Drivers/I2C_Driver/I2C_Driver.o
 .debug_abbrev  0x0000000000000000      0x1de ./Drivers/I2C_Driver/I2C_Driver.o
 .debug_aranges
                0x0000000000000000       0x88 ./Drivers/I2C_Driver/I2C_Driver.o
 .debug_ranges  0x0000000000000000       0x78 ./Drivers/I2C_Driver/I2C_Driver.o
 .debug_macro   0x0000000000000000       0x93 ./Drivers/I2C_Driver/I2C_Driver.o
 .debug_macro   0x0000000000000000      0xa78 ./Drivers/I2C_Driver/I2C_Driver.o
 .debug_macro   0x0000000000000000       0x22 ./Drivers/I2C_Driver/I2C_Driver.o
 .debug_macro   0x0000000000000000       0x8e ./Drivers/I2C_Driver/I2C_Driver.o
 .debug_macro   0x0000000000000000       0x51 ./Drivers/I2C_Driver/I2C_Driver.o
 .debug_macro   0x0000000000000000      0x103 ./Drivers/I2C_Driver/I2C_Driver.o
 .debug_macro   0x0000000000000000       0x6a ./Drivers/I2C_Driver/I2C_Driver.o
 .debug_macro   0x0000000000000000      0x1df ./Drivers/I2C_Driver/I2C_Driver.o
 .debug_macro   0x0000000000000000      0x174 ./Drivers/I2C_Driver/I2C_Driver.o
 .debug_macro   0x0000000000000000      0xa5a ./Drivers/I2C_Driver/I2C_Driver.o
 .debug_macro   0x0000000000000000       0x8e ./Drivers/I2C_Driver/I2C_Driver.o
 .debug_macro   0x0000000000000000       0x16 ./Drivers/I2C_Driver/I2C_Driver.o
 .debug_line    0x0000000000000000      0x915 ./Drivers/I2C_Driver/I2C_Driver.o
 .debug_str     0x0000000000000000     0x6c07 ./Drivers/I2C_Driver/I2C_Driver.o
 .comment       0x0000000000000000       0x51 ./Drivers/I2C_Driver/I2C_Driver.o
 .debug_frame   0x0000000000000000      0x22c ./Drivers/I2C_Driver/I2C_Driver.o
 .ARM.attributes
                0x0000000000000000       0x2e ./Drivers/I2C_Driver/I2C_Driver.o
 .group         0x0000000000000000        0xc ./Drivers/RCC_Driver/RCC_driver.o
 .group         0x0000000000000000        0xc ./Drivers/RCC_Driver/RCC_driver.o
 .group         0x0000000000000000        0xc ./Drivers/RCC_Driver/RCC_driver.o
 .group         0x0000000000000000        0xc ./Drivers/RCC_Driver/RCC_driver.o
 .group         0x0000000000000000        0xc ./Drivers/RCC_Driver/RCC_driver.o
 .group         0x0000000000000000        0xc ./Drivers/RCC_Driver/RCC_driver.o
 .group         0x0000000000000000        0xc ./Drivers/RCC_Driver/RCC_driver.o
 .group         0x0000000000000000        0xc ./Drivers/RCC_Driver/RCC_driver.o
 .group         0x0000000000000000        0xc ./Drivers/RCC_Driver/RCC_driver.o
 .group         0x0000000000000000        0xc ./Drivers/RCC_Driver/RCC_driver.o
 .text          0x0000000000000000        0x0 ./Drivers/RCC_Driver/RCC_driver.o
 .data          0x0000000000000000        0x0 ./Drivers/RCC_Driver/RCC_driver.o
 .bss           0x0000000000000000        0x0 ./Drivers/RCC_Driver/RCC_driver.o
 .data.AHB_PRESCALERS
                0x0000000000000000       0x10 ./Drivers/RCC_Driver/RCC_driver.o
 .data.APB_PRESCALERS
                0x0000000000000000        0x8 ./Drivers/RCC_Driver/RCC_driver.o
 .text.getSystemClock
                0x0000000000000000       0xe0 ./Drivers/RCC_Driver/RCC_driver.o
 .text.getAHBClock
                0x0000000000000000       0x50 ./Drivers/RCC_Driver/RCC_driver.o
 .text.getAPBClock
                0x0000000000000000       0x8c ./Drivers/RCC_Driver/RCC_driver.o
 .debug_info    0x0000000000000000      0x41e ./Drivers/RCC_Driver/RCC_driver.o
 .debug_abbrev  0x0000000000000000      0x109 ./Drivers/RCC_Driver/RCC_driver.o
 .debug_aranges
                0x0000000000000000       0x30 ./Drivers/RCC_Driver/RCC_driver.o
 .debug_ranges  0x0000000000000000       0x20 ./Drivers/RCC_Driver/RCC_driver.o
 .debug_macro   0x0000000000000000       0x84 ./Drivers/RCC_Driver/RCC_driver.o
 .debug_macro   0x0000000000000000      0xa78 ./Drivers/RCC_Driver/RCC_driver.o
 .debug_macro   0x0000000000000000       0x22 ./Drivers/RCC_Driver/RCC_driver.o
 .debug_macro   0x0000000000000000       0x8e ./Drivers/RCC_Driver/RCC_driver.o
 .debug_macro   0x0000000000000000       0x51 ./Drivers/RCC_Driver/RCC_driver.o
 .debug_macro   0x0000000000000000      0x103 ./Drivers/RCC_Driver/RCC_driver.o
 .debug_macro   0x0000000000000000       0x6a ./Drivers/RCC_Driver/RCC_driver.o
 .debug_macro   0x0000000000000000      0x1df ./Drivers/RCC_Driver/RCC_driver.o
 .debug_macro   0x0000000000000000      0x174 ./Drivers/RCC_Driver/RCC_driver.o
 .debug_macro   0x0000000000000000      0xa5a ./Drivers/RCC_Driver/RCC_driver.o
 .debug_macro   0x0000000000000000       0x16 ./Drivers/RCC_Driver/RCC_driver.o
 .debug_line    0x0000000000000000      0x4f7 ./Drivers/RCC_Driver/RCC_driver.o
 .debug_str     0x0000000000000000     0x687d ./Drivers/RCC_Driver/RCC_driver.o
 .comment       0x0000000000000000       0x51 ./Drivers/RCC_Driver/RCC_driver.o
 .debug_frame   0x0000000000000000       0x80 ./Drivers/RCC_Driver/RCC_driver.o
 .ARM.attributes
                0x0000000000000000       0x2e ./Drivers/RCC_Driver/RCC_driver.o
 .group         0x0000000000000000        0xc ./Drivers/SPI_DRIVER/SPI_driver.o
 .group         0x0000000000000000        0xc ./Drivers/SPI_DRIVER/SPI_driver.o
 .group         0x0000000000000000        0xc ./Drivers/SPI_DRIVER/SPI_driver.o
 .group         0x0000000000000000        0xc ./Drivers/SPI_DRIVER/SPI_driver.o
 .group         0x0000000000000000        0xc ./Drivers/SPI_DRIVER/SPI_driver.o
 .group         0x0000000000000000        0xc ./Drivers/SPI_DRIVER/SPI_driver.o
 .group         0x0000000000000000        0xc ./Drivers/SPI_DRIVER/SPI_driver.o
 .group         0x0000000000000000        0xc ./Drivers/SPI_DRIVER/SPI_driver.o
 .group         0x0000000000000000        0xc ./Drivers/SPI_DRIVER/SPI_driver.o
 .group         0x0000000000000000        0xc ./Drivers/SPI_DRIVER/SPI_driver.o
 .group         0x0000000000000000        0xc ./Drivers/SPI_DRIVER/SPI_driver.o
 .text          0x0000000000000000        0x0 ./Drivers/SPI_DRIVER/SPI_driver.o
 .data          0x0000000000000000        0x0 ./Drivers/SPI_DRIVER/SPI_driver.o
 .bss           0x0000000000000000        0x0 ./Drivers/SPI_DRIVER/SPI_driver.o
 .text.SPI_CLKCNT
                0x0000000000000000       0xe0 ./Drivers/SPI_DRIVER/SPI_driver.o
 .text.SPI_Init
                0x0000000000000000       0xa4 ./Drivers/SPI_DRIVER/SPI_driver.o
 .text.SPI_DeInit
                0x0000000000000000       0x70 ./Drivers/SPI_DRIVER/SPI_driver.o
 .text.GetFlagStatus
                0x0000000000000000       0x28 ./Drivers/SPI_DRIVER/SPI_driver.o
 .text.SPI_SendData
                0x0000000000000000       0x98 ./Drivers/SPI_DRIVER/SPI_driver.o
 .text.SPI_SendDataIT
                0x0000000000000000       0x46 ./Drivers/SPI_DRIVER/SPI_driver.o
 .text.SPI_ReceiveData
                0x0000000000000000       0x78 ./Drivers/SPI_DRIVER/SPI_driver.o
 .text.SPI_ReceiveDataIT
                0x0000000000000000       0x46 ./Drivers/SPI_DRIVER/SPI_driver.o
 .text.SPI_IRQInterruptConfig
                0x0000000000000000       0xc8 ./Drivers/SPI_DRIVER/SPI_driver.o
 .text.SPI_IRQPriorityConfig
                0x0000000000000000       0x16 ./Drivers/SPI_DRIVER/SPI_driver.o
 .text.SPI_IRQHandling
                0x0000000000000000       0x9a ./Drivers/SPI_DRIVER/SPI_driver.o
 .text.SPI_TXE_INTERRUPT_HANDLE
                0x0000000000000000       0x8c ./Drivers/SPI_DRIVER/SPI_driver.o
 .text.SPI_RXNE_INTERRUPT_HANDLE
                0x0000000000000000       0x90 ./Drivers/SPI_DRIVER/SPI_driver.o
 .text.SPI_ERR_INTERRUPT_HANDLE
                0x0000000000000000       0x36 ./Drivers/SPI_DRIVER/SPI_driver.o
 .text.SPI_Enable
                0x0000000000000000       0x36 ./Drivers/SPI_DRIVER/SPI_driver.o
 .text.SSI_Enable
                0x0000000000000000       0x36 ./Drivers/SPI_DRIVER/SPI_driver.o
 .text.SSOE_Enable
                0x0000000000000000       0x36 ./Drivers/SPI_DRIVER/SPI_driver.o
 .text.SPI_ApplicationCallBack
                0x0000000000000000       0x16 ./Drivers/SPI_DRIVER/SPI_driver.o
 .debug_info    0x0000000000000000      0x857 ./Drivers/SPI_DRIVER/SPI_driver.o
 .debug_abbrev  0x0000000000000000      0x1b7 ./Drivers/SPI_DRIVER/SPI_driver.o
 .debug_aranges
                0x0000000000000000       0xa8 ./Drivers/SPI_DRIVER/SPI_driver.o
 .debug_ranges  0x0000000000000000       0x98 ./Drivers/SPI_DRIVER/SPI_driver.o
 .debug_macro   0x0000000000000000       0x9d ./Drivers/SPI_DRIVER/SPI_driver.o
 .debug_macro   0x0000000000000000      0xa78 ./Drivers/SPI_DRIVER/SPI_driver.o
 .debug_macro   0x0000000000000000       0x22 ./Drivers/SPI_DRIVER/SPI_driver.o
 .debug_macro   0x0000000000000000       0x8e ./Drivers/SPI_DRIVER/SPI_driver.o
 .debug_macro   0x0000000000000000       0x51 ./Drivers/SPI_DRIVER/SPI_driver.o
 .debug_macro   0x0000000000000000      0x103 ./Drivers/SPI_DRIVER/SPI_driver.o
 .debug_macro   0x0000000000000000       0x6a ./Drivers/SPI_DRIVER/SPI_driver.o
 .debug_macro   0x0000000000000000      0x1df ./Drivers/SPI_DRIVER/SPI_driver.o
 .debug_macro   0x0000000000000000      0x174 ./Drivers/SPI_DRIVER/SPI_driver.o
 .debug_macro   0x0000000000000000      0xa5a ./Drivers/SPI_DRIVER/SPI_driver.o
 .debug_macro   0x0000000000000000       0xdc ./Drivers/SPI_DRIVER/SPI_driver.o
 .debug_macro   0x0000000000000000       0xc4 ./Drivers/SPI_DRIVER/SPI_driver.o
 .debug_line    0x0000000000000000      0x96a ./Drivers/SPI_DRIVER/SPI_driver.o
 .debug_str     0x0000000000000000     0x6ec7 ./Drivers/SPI_DRIVER/SPI_driver.o
 .comment       0x0000000000000000       0x51 ./Drivers/SPI_DRIVER/SPI_driver.o
 .debug_frame   0x0000000000000000      0x2c8 ./Drivers/SPI_DRIVER/SPI_driver.o
 .ARM.attributes
                0x0000000000000000       0x2e ./Drivers/SPI_DRIVER/SPI_driver.o
 .group         0x0000000000000000        0xc ./Drivers/USART_Driver/USART_driver.o
 .group         0x0000000000000000        0xc ./Drivers/USART_Driver/USART_driver.o
 .group         0x0000000000000000        0xc ./Drivers/USART_Driver/USART_driver.o
 .group         0x0000000000000000        0xc ./Drivers/USART_Driver/USART_driver.o
 .group         0x0000000000000000        0xc ./Drivers/USART_Driver/USART_driver.o
 .group         0x0000000000000000        0xc ./Drivers/USART_Driver/USART_driver.o
 .group         0x0000000000000000        0xc ./Drivers/USART_Driver/USART_driver.o
 .group         0x0000000000000000        0xc ./Drivers/USART_Driver/USART_driver.o
 .group         0x0000000000000000        0xc ./Drivers/USART_Driver/USART_driver.o
 .group         0x0000000000000000        0xc ./Drivers/USART_Driver/USART_driver.o
 .group         0x0000000000000000        0xc ./Drivers/USART_Driver/USART_driver.o
 .text          0x0000000000000000        0x0 ./Drivers/USART_Driver/USART_driver.o
 .data          0x0000000000000000        0x0 ./Drivers/USART_Driver/USART_driver.o
 .bss           0x0000000000000000        0x0 ./Drivers/USART_Driver/USART_driver.o
 .text.USART_SetBaudRate
                0x0000000000000000       0xec ./Drivers/USART_Driver/USART_driver.o
 .text.USART_Init
                0x0000000000000000      0x116 ./Drivers/USART_Driver/USART_driver.o
 .text.USART_PeripheralControl
                0x0000000000000000       0x36 ./Drivers/USART_Driver/USART_driver.o
 .text.USART_PeriClockControl
                0x0000000000000000       0xbc ./Drivers/USART_Driver/USART_driver.o
 .text.USART_GetFlagStatus
                0x0000000000000000       0x28 ./Drivers/USART_Driver/USART_driver.o
 .text.USART_SendData
                0x0000000000000000       0x9c ./Drivers/USART_Driver/USART_driver.o
 .text.USART_ReceiveData
                0x0000000000000000       0xb0 ./Drivers/USART_Driver/USART_driver.o
 .text.USART_SendDataIT
                0x0000000000000000       0x5a ./Drivers/USART_Driver/USART_driver.o
 .text.USART_ReceiveDataIT
                0x0000000000000000       0x50 ./Drivers/USART_Driver/USART_driver.o
 .text.USART_ClearFlag
                0x0000000000000000       0x24 ./Drivers/USART_Driver/USART_driver.o
 .text.USART_IRQInterruptConfig
                0x0000000000000000      0x108 ./Drivers/USART_Driver/USART_driver.o
 .text.USART_IRQPriorityConfig
                0x0000000000000000       0x44 ./Drivers/USART_Driver/USART_driver.o
 .text.USART_IRQHandling
                0x0000000000000000      0x344 ./Drivers/USART_Driver/USART_driver.o
 .debug_info    0x0000000000000000      0x858 ./Drivers/USART_Driver/USART_driver.o
 .debug_abbrev  0x0000000000000000      0x1ea ./Drivers/USART_Driver/USART_driver.o
 .debug_aranges
                0x0000000000000000       0x80 ./Drivers/USART_Driver/USART_driver.o
 .debug_ranges  0x0000000000000000       0x70 ./Drivers/USART_Driver/USART_driver.o
 .debug_macro   0x0000000000000000       0x93 ./Drivers/USART_Driver/USART_driver.o
 .debug_macro   0x0000000000000000      0xa78 ./Drivers/USART_Driver/USART_driver.o
 .debug_macro   0x0000000000000000       0x22 ./Drivers/USART_Driver/USART_driver.o
 .debug_macro   0x0000000000000000       0x8e ./Drivers/USART_Driver/USART_driver.o
 .debug_macro   0x0000000000000000       0x51 ./Drivers/USART_Driver/USART_driver.o
 .debug_macro   0x0000000000000000      0x103 ./Drivers/USART_Driver/USART_driver.o
 .debug_macro   0x0000000000000000       0x6a ./Drivers/USART_Driver/USART_driver.o
 .debug_macro   0x0000000000000000      0x1df ./Drivers/USART_Driver/USART_driver.o
 .debug_macro   0x0000000000000000      0x174 ./Drivers/USART_Driver/USART_driver.o
 .debug_macro   0x0000000000000000      0xa5a ./Drivers/USART_Driver/USART_driver.o
 .debug_macro   0x0000000000000000      0x102 ./Drivers/USART_Driver/USART_driver.o
 .debug_macro   0x0000000000000000       0x16 ./Drivers/USART_Driver/USART_driver.o
 .debug_line    0x0000000000000000      0xa6a ./Drivers/USART_Driver/USART_driver.o
 .debug_str     0x0000000000000000     0x6e6c ./Drivers/USART_Driver/USART_driver.o
 .comment       0x0000000000000000       0x51 ./Drivers/USART_Driver/USART_driver.o
 .debug_frame   0x0000000000000000      0x208 ./Drivers/USART_Driver/USART_driver.o
 .ARM.attributes
                0x0000000000000000       0x2e ./Drivers/USART_Driver/USART_driver.o
 .group         0x0000000000000000        0xc ./Src/bootloader.o
 .group         0x0000000000000000        0xc ./Src/bootloader.o
 .group         0x0000000000000000        0xc ./Src/bootloader.o
 .group         0x0000000000000000        0xc ./Src/bootloader.o
 .group         0x0000000000000000        0xc ./Src/bootloader.o
 .group         0x0000000000000000        0xc ./Src/bootloader.o
 .group         0x0000000000000000        0xc ./Src/bootloader.o
 .group         0x0000000000000000        0xc ./Src/bootloader.o
 .group         0x0000000000000000        0xc ./Src/bootloader.o
 .text          0x0000000000000000        0x0 ./Src/bootloader.o
 .data          0x0000000000000000        0x0 ./Src/bootloader.o
 .bss           0x0000000000000000        0x0 ./Src/bootloader.o
 .debug_macro   0x0000000000000000      0xa78 ./Src/bootloader.o
 .debug_macro   0x0000000000000000       0x22 ./Src/bootloader.o
 .debug_macro   0x0000000000000000       0x8e ./Src/bootloader.o
 .debug_macro   0x0000000000000000       0x51 ./Src/bootloader.o
 .debug_macro   0x0000000000000000      0x103 ./Src/bootloader.o
 .debug_macro   0x0000000000000000       0x6a ./Src/bootloader.o
 .debug_macro   0x0000000000000000      0x1df ./Src/bootloader.o
 .debug_macro   0x0000000000000000      0x174 ./Src/bootloader.o
 .debug_macro   0x0000000000000000      0xa5a ./Src/bootloader.o
 .text          0x0000000000000000       0x14 ./Startup/startup_stm32f446retx.o
 .data          0x0000000000000000        0x0 ./Startup/startup_stm32f446retx.o
 .bss           0x0000000000000000        0x0 ./Startup/startup_stm32f446retx.o
 .text          0x0000000000000000        0x0 c:/st/stm32cubeide_1.11.2/stm32cubeide/plugins/com.st.stm32cube.ide.mcu.externaltools.gnu-tools-for-stm32.10.3-2021.10.win32_1.0.100.202210260954/tools/bin/../lib/gcc/arm-none-eabi/10.3.1/../../../../arm-none-eabi/lib/thumb/v7e-m/nofp\libc_nano.a(lib_a-exit.o)
 .data          0x0000000000000000        0x0 c:/st/stm32cubeide_1.11.2/stm32cubeide/plugins/com.st.stm32cube.ide.mcu.externaltools.gnu-tools-for-stm32.10.3-2021.10.win32_1.0.100.202210260954/tools/bin/../lib/gcc/arm-none-eabi/10.3.1/../../../../arm-none-eabi/lib/thumb/v7e-m/nofp\libc_nano.a(lib_a-exit.o)
 .bss           0x0000000000000000        0x0 c:/st/stm32cubeide_1.11.2/stm32cubeide/plugins/com.st.stm32cube.ide.mcu.externaltools.gnu-tools-for-stm32.10.3-2021.10.win32_1.0.100.202210260954/tools/bin/../lib/gcc/arm-none-eabi/10.3.1/../../../../arm-none-eabi/lib/thumb/v7e-m/nofp\libc_nano.a(lib_a-exit.o)
 .text.exit     0x0000000000000000       0x28 c:/st/stm32cubeide_1.11.2/stm32cubeide/plugins/com.st.stm32cube.ide.mcu.externaltools.gnu-tools-for-stm32.10.3-2021.10.win32_1.0.100.202210260954/tools/bin/../lib/gcc/arm-none-eabi/10.3.1/../../../../arm-none-eabi/lib/thumb/v7e-m/nofp\libc_nano.a(lib_a-exit.o)
 .debug_frame   0x0000000000000000       0x28 c:/st/stm32cubeide_1.11.2/stm32cubeide/plugins/com.st.stm32cube.ide.mcu.externaltools.gnu-tools-for-stm32.10.3-2021.10.win32_1.0.100.202210260954/tools/bin/../lib/gcc/arm-none-eabi/10.3.1/../../../../arm-none-eabi/lib/thumb/v7e-m/nofp\libc_nano.a(lib_a-exit.o)
 .ARM.attributes
                0x0000000000000000       0x2e c:/st/stm32cubeide_1.11.2/stm32cubeide/plugins/com.st.stm32cube.ide.mcu.externaltools.gnu-tools-for-stm32.10.3-2021.10.win32_1.0.100.202210260954/tools/bin/../lib/gcc/arm-none-eabi/10.3.1/../../../../arm-none-eabi/lib/thumb/v7e-m/nofp\libc_nano.a(lib_a-exit.o)
 .text          0x0000000000000000        0x0 c:/st/stm32cubeide_1.11.2/stm32cubeide/plugins/com.st.stm32cube.ide.mcu.externaltools.gnu-tools-for-stm32.10.3-2021.10.win32_1.0.100.202210260954/tools/bin/../lib/gcc/arm-none-eabi/10.3.1/../../../../arm-none-eabi/lib/thumb/v7e-m/nofp\libc_nano.a(lib_a-impure.o)
 .data          0x0000000000000000        0x0 c:/st/stm32cubeide_1.11.2/stm32cubeide/plugins/com.st.stm32cube.ide.mcu.externaltools.gnu-tools-for-stm32.10.3-2021.10.win32_1.0.100.202210260954/tools/bin/../lib/gcc/arm-none-eabi/10.3.1/../../../../arm-none-eabi/lib/thumb/v7e-m/nofp\libc_nano.a(lib_a-impure.o)
 .bss           0x0000000000000000        0x0 c:/st/stm32cubeide_1.11.2/stm32cubeide/plugins/com.st.stm32cube.ide.mcu.externaltools.gnu-tools-for-stm32.10.3-2021.10.win32_1.0.100.202210260954/tools/bin/../lib/gcc/arm-none-eabi/10.3.1/../../../../arm-none-eabi/lib/thumb/v7e-m/nofp\libc_nano.a(lib_a-impure.o)
 .data._impure_ptr
                0x0000000000000000        0x4 c:/st/stm32cubeide_1.11.2/stm32cubeide/plugins/com.st.stm32cube.ide.mcu.externaltools.gnu-tools-for-stm32.10.3-2021.10.win32_1.0.100.202210260954/tools/bin/../lib/gcc/arm-none-eabi/10.3.1/../../../../arm-none-eabi/lib/thumb/v7e-m/nofp\libc_nano.a(lib_a-impure.o)
 .data.impure_data
                0x0000000000000000       0x60 c:/st/stm32cubeide_1.11.2/stm32cubeide/plugins/com.st.stm32cube.ide.mcu.externaltools.gnu-tools-for-stm32.10.3-2021.10.win32_1.0.100.202210260954/tools/bin/../lib/gcc/arm-none-eabi/10.3.1/../../../../arm-none-eabi/lib/thumb/v7e-m/nofp\libc_nano.a(lib_a-impure.o)
 .rodata._global_impure_ptr
                0x0000000000000000        0x4 c:/st/stm32cubeide_1.11.2/stm32cubeide/plugins/com.st.stm32cube.ide.mcu.externaltools.gnu-tools-for-stm32.10.3-2021.10.win32_1.0.100.202210260954/tools/bin/../lib/gcc/arm-none-eabi/10.3.1/../../../../arm-none-eabi/lib/thumb/v7e-m/nofp\libc_nano.a(lib_a-impure.o)
 .ARM.attributes
                0x0000000000000000       0x2e c:/st/stm32cubeide_1.11.2/stm32cubeide/plugins/com.st.stm32cube.ide.mcu.externaltools.gnu-tools-for-stm32.10.3-2021.10.win32_1.0.100.202210260954/tools/bin/../lib/gcc/arm-none-eabi/10.3.1/../../../../arm-none-eabi/lib/thumb/v7e-m/nofp\libc_nano.a(lib_a-impure.o)
 .text          0x0000000000000000        0x0 c:/st/stm32cubeide_1.11.2/stm32cubeide/plugins/com.st.stm32cube.ide.mcu.externaltools.gnu-tools-for-stm32.10.3-2021.10.win32_1.0.100.202210260954/tools/bin/../lib/gcc/arm-none-eabi/10.3.1/../../../../arm-none-eabi/lib/thumb/v7e-m/nofp\libc_nano.a(lib_a-init.o)
 .data          0x0000000000000000        0x0 c:/st/stm32cubeide_1.11.2/stm32cubeide/plugins/com.st.stm32cube.ide.mcu.externaltools.gnu-tools-for-stm32.10.3-2021.10.win32_1.0.100.202210260954/tools/bin/../lib/gcc/arm-none-eabi/10.3.1/../../../../arm-none-eabi/lib/thumb/v7e-m/nofp\libc_nano.a(lib_a-init.o)
 .bss           0x0000000000000000        0x0 c:/st/stm32cubeide_1.11.2/stm32cubeide/plugins/com.st.stm32cube.ide.mcu.externaltools.gnu-tools-for-stm32.10.3-2021.10.win32_1.0.100.202210260954/tools/bin/../lib/gcc/arm-none-eabi/10.3.1/../../../../arm-none-eabi/lib/thumb/v7e-m/nofp\libc_nano.a(lib_a-init.o)
 .text          0x0000000000000000        0x0 c:/st/stm32cubeide_1.11.2/stm32cubeide/plugins/com.st.stm32cube.ide.mcu.externaltools.gnu-tools-for-stm32.10.3-2021.10.win32_1.0.100.202210260954/tools/bin/../lib/gcc/arm-none-eabi/10.3.1/../../../../arm-none-eabi/lib/thumb/v7e-m/nofp\libc_nano.a(lib_a-memset.o)
 .data          0x0000000000000000        0x0 c:/st/stm32cubeide_1.11.2/stm32cubeide/plugins/com.st.stm32cube.ide.mcu.externaltools.gnu-tools-for-stm32.10.3-2021.10.win32_1.0.100.202210260954/tools/bin/../lib/gcc/arm-none-eabi/10.3.1/../../../../arm-none-eabi/lib/thumb/v7e-m/nofp\libc_nano.a(lib_a-memset.o)
 .bss           0x0000000000000000        0x0 c:/st/stm32cubeide_1.11.2/stm32cubeide/plugins/com.st.stm32cube.ide.mcu.externaltools.gnu-tools-for-stm32.10.3-2021.10.win32_1.0.100.202210260954/tools/bin/../lib/gcc/arm-none-eabi/10.3.1/../../../../arm-none-eabi/lib/thumb/v7e-m/nofp\libc_nano.a(lib_a-memset.o)
 .text.memset   0x0000000000000000       0x10 c:/st/stm32cubeide_1.11.2/stm32cubeide/plugins/com.st.stm32cube.ide.mcu.externaltools.gnu-tools-for-stm32.10.3-2021.10.win32_1.0.100.202210260954/tools/bin/../lib/gcc/arm-none-eabi/10.3.1/../../../../arm-none-eabi/lib/thumb/v7e-m/nofp\libc_nano.a(lib_a-memset.o)
 .debug_frame   0x0000000000000000       0x20 c:/st/stm32cubeide_1.11.2/stm32cubeide/plugins/com.st.stm32cube.ide.mcu.externaltools.gnu-tools-for-stm32.10.3-2021.10.win32_1.0.100.202210260954/tools/bin/../lib/gcc/arm-none-eabi/10.3.1/../../../../arm-none-eabi/lib/thumb/v7e-m/nofp\libc_nano.a(lib_a-memset.o)
 .ARM.attributes
                0x0000000000000000       0x2e c:/st/stm32cubeide_1.11.2/stm32cubeide/plugins/com.st.stm32cube.ide.mcu.externaltools.gnu-tools-for-stm32.10.3-2021.10.win32_1.0.100.202210260954/tools/bin/../lib/gcc/arm-none-eabi/10.3.1/../../../../arm-none-eabi/lib/thumb/v7e-m/nofp\libc_nano.a(lib_a-memset.o)
 .text          0x0000000000000000        0x0 c:/st/stm32cubeide_1.11.2/stm32cubeide/plugins/com.st.stm32cube.ide.mcu.externaltools.gnu-tools-for-stm32.10.3-2021.10.win32_1.0.100.202210260954/tools/bin/../lib/gcc/arm-none-eabi/10.3.1/../../../../arm-none-eabi/lib/thumb/v7e-m/nofp\libnosys.a(_exit.o)
 .data          0x0000000000000000        0x0 c:/st/stm32cubeide_1.11.2/stm32cubeide/plugins/com.st.stm32cube.ide.mcu.externaltools.gnu-tools-for-stm32.10.3-2021.10.win32_1.0.100.202210260954/tools/bin/../lib/gcc/arm-none-eabi/10.3.1/../../../../arm-none-eabi/lib/thumb/v7e-m/nofp\libnosys.a(_exit.o)
 .bss           0x0000000000000000        0x0 c:/st/stm32cubeide_1.11.2/stm32cubeide/plugins/com.st.stm32cube.ide.mcu.externaltools.gnu-tools-for-stm32.10.3-2021.10.win32_1.0.100.202210260954/tools/bin/../lib/gcc/arm-none-eabi/10.3.1/../../../../arm-none-eabi/lib/thumb/v7e-m/nofp\libnosys.a(_exit.o)
 .text._exit    0x0000000000000000        0x2 c:/st/stm32cubeide_1.11.2/stm32cubeide/plugins/com.st.stm32cube.ide.mcu.externaltools.gnu-tools-for-stm32.10.3-2021.10.win32_1.0.100.202210260954/tools/bin/../lib/gcc/arm-none-eabi/10.3.1/../../../../arm-none-eabi/lib/thumb/v7e-m/nofp\libnosys.a(_exit.o)
 .debug_frame   0x0000000000000000       0x20 c:/st/stm32cubeide_1.11.2/stm32cubeide/plugins/com.st.stm32cube.ide.mcu.externaltools.gnu-tools-for-stm32.10.3-2021.10.win32_1.0.100.202210260954/tools/bin/../lib/gcc/arm-none-eabi/10.3.1/../../../../arm-none-eabi/lib/thumb/v7e-m/nofp\libnosys.a(_exit.o)
 .ARM.attributes
                0x0000000000000000       0x2e c:/st/stm32cubeide_1.11.2/stm32cubeide/plugins/com.st.stm32cube.ide.mcu.externaltools.gnu-tools-for-stm32.10.3-2021.10.win32_1.0.100.202210260954/tools/bin/../lib/gcc/arm-none-eabi/10.3.1/../../../../arm-none-eabi/lib/thumb/v7e-m/nofp\libnosys.a(_exit.o)
 .text          0x0000000000000000        0x0 c:/st/stm32cubeide_1.11.2/stm32cubeide/plugins/com.st.stm32cube.ide.mcu.externaltools.gnu-tools-for-stm32.10.3-2021.10.win32_1.0.100.202210260954/tools/bin/../lib/gcc/arm-none-eabi/10.3.1/thumb/v7e-m/nofp/crtend.o
 .data          0x0000000000000000        0x0 c:/st/stm32cubeide_1.11.2/stm32cubeide/plugins/com.st.stm32cube.ide.mcu.externaltools.gnu-tools-for-stm32.10.3-2021.10.win32_1.0.100.202210260954/tools/bin/../lib/gcc/arm-none-eabi/10.3.1/thumb/v7e-m/nofp/crtend.o
 .bss           0x0000000000000000        0x0 c:/st/stm32cubeide_1.11.2/stm32cubeide/plugins/com.st.stm32cube.ide.mcu.externaltools.gnu-tools-for-stm32.10.3-2021.10.win32_1.0.100.202210260954/tools/bin/../lib/gcc/arm-none-eabi/10.3.1/thumb/v7e-m/nofp/crtend.o
 .rodata        0x0000000000000000       0x24 c:/st/stm32cubeide_1.11.2/stm32cubeide/plugins/com.st.stm32cube.ide.mcu.externaltools.gnu-tools-for-stm32.10.3-2021.10.win32_1.0.100.202210260954/tools/bin/../lib/gcc/arm-none-eabi/10.3.1/thumb/v7e-m/nofp/crtend.o
 .eh_frame      0x0000000000000000        0x4 c:/st/stm32cubeide_1.11.2/stm32cubeide/plugins/com.st.stm32cube.ide.mcu.externaltools.gnu-tools-for-stm32.10.3-2021.10.win32_1.0.100.202210260954/tools/bin/../lib/gcc/arm-none-eabi/10.3.1/thumb/v7e-m/nofp/crtend.o
 .ARM.attributes
                0x0000000000000000       0x2e c:/st/stm32cubeide_1.11.2/stm32cubeide/plugins/com.st.stm32cube.ide.mcu.externaltools.gnu-tools-for-stm32.10.3-2021.10.win32_1.0.100.202210260954/tools/bin/../lib/gcc/arm-none-eabi/10.3.1/thumb/v7e-m/nofp/crtend.o
 .text          0x0000000000000000        0x0 c:/st/stm32cubeide_1.11.2/stm32cubeide/plugins/com.st.stm32cube.ide.mcu.externaltools.gnu-tools-for-stm32.10.3-2021.10.win32_1.0.100.202210260954/tools/bin/../lib/gcc/arm-none-eabi/10.3.1/thumb/v7e-m/nofp/crtn.o
 .data          0x0000000000000000        0x0 c:/st/stm32cubeide_1.11.2/stm32cubeide/plugins/com.st.stm32cube.ide.mcu.externaltools.gnu-tools-for-stm32.10.3-2021.10.win32_1.0.100.202210260954/tools/bin/../lib/gcc/arm-none-eabi/10.3.1/thumb/v7e-m/nofp/crtn.o
 .bss           0x0000000000000000        0x0 c:/st/stm32cubeide_1.11.2/stm32cubeide/plugins/com.st.stm32cube.ide.mcu.externaltools.gnu-tools-for-stm32.10.3-2021.10.win32_1.0.100.202210260954/tools/bin/../lib/gcc/arm-none-eabi/10.3.1/thumb/v7e-m/nofp/crtn.o

Memory Configuration

Name             Origin             Length             Attributes
RAM              0x0000000020000000 0x0000000000020000 xrw
FLASH            0x0000000008000000 0x0000000000008000 xr
*default*        0x0000000000000000 0xffffffffffffffff

Linker script and memory map

LOAD c:/st/stm32cubeide_1.11.2/stm32cubeide/plugins/com.st.stm32cube.ide.mcu.externaltools.gnu-tools-for-stm32.10.3-2021.10.win32_1.0.100.202210260954/tools/bin/../lib/gcc/arm-none-eabi/10.3.1/thumb/v7e-m/nofp/crti.o
LOAD c:/st/stm32cubeide_1.11.2/stm32cubeide/plugins/com.st.stm32cube.ide.mcu.externaltools.gnu-tools-for-stm32.10.3-2021.10.win32_1.0.100.202210260954/tools/bin/../lib/gcc/arm-none-eabi/10.3.1/thumb/v7e-m/nofp/crtbegin.o
LOAD c:/st/stm32cubeide_1.11.2/stm32cubeide/plugins/com.st.stm32cube.ide.mcu.externaltools.gnu-tools-for-stm32.10.3-2021.10.win32_1.0.100.202210260954/tools/bin/../lib/gcc/arm-none-eabi/10.3.1/../../../../arm-none-eabi/lib/thumb/v7e-m/nofp/crt0.o
LOAD ./BSP/bsp.o
LOAD ./Drivers/GPIO_DRIVERS/GPIO_driver.o
LOAD ./Drivers/I2C_Driver/I2C_Driver.o
LOAD ./Drivers/RCC_Driver/RCC_driver.o
LOAD ./Drivers/SPI_DRIVER/SPI_driver.o
LOAD ./Drivers/USART_Driver/USART_driver.o
LOAD ./Src/bootloader.o
LOAD ./Startup/startup_stm32f446retx.o
START GROUP
LOAD c:/st/stm32cubeide_1.11.2/stm32cubeide/plugins/com.st.stm32cube.ide.mcu.externaltools.gnu-tools-for-stm32.10.3-2021.10.win32_1.0.100.202210260954/tools/bin/../lib/gcc/arm-none-eabi/10.3.1/../../../../arm-none-eabi/lib/thumb/v7e-m/nofp\libc_nano.a
LOAD c:/st/stm32cubeide_1.11.2/stm32cubeide/plugins/com.st.stm32cube.ide.mcu.externaltools.gnu-tools-for-stm32.10.3-2021.10.win32_1.0.100.202210260954/tools/bin/../lib/gcc/arm-none-eabi/10.3.1/../../../../arm-none-eabi/lib/thumb/v7e-m/nofp\libm.a
END GROUP
START GROUP
LOAD c:/st/stm32cubeide_1.11.2/stm32cubeide/plugins/com.st.stm32cube.ide.mcu.externaltools.gnu-tools-for-stm32.10.3-2021.10.win32_1.0.100.202210260954/tools/bin/../lib/gcc/arm-none-eabi/10.3.1/thumb/v7e-m/nofp\libgcc.a
LOAD c:/st/stm32cubeide_1.11.2/stm32cubeide/plugins/com.st.stm32cube.ide.mcu.externaltools.gnu-tools-for-stm32.10.3-2021.10.win32_1.0.100.202210260954/tools/bin/../lib/gcc/arm-none-eabi/10.3.1/../../../../arm-none-eabi/lib/thumb/v7e-m/nofp\libc_nano.a
END GROUP
START GROUP
LOAD c:/st/stm32cubeide_1.11.2/stm32cubeide/plugins/com.st.stm32cube.ide.mcu.externaltools.gnu-tools-for-stm32.10.3-2021.10.win32_1.0.100.202210260954/tools/bin/../lib/gcc/arm-none-eabi/10.3.1/thumb/v7e-m/nofp\libgcc.a
LOAD c:/st/stm32cubeide_1.11.2/stm32cubeide/plugins/com.st.stm32cube.ide.mcu.externaltools.gnu-tools-for-stm32.10.3-2021.10.win32_1.0.100.202210260954/tools/bin/../lib/gcc/arm-none-eabi/10.3.1/../../../../arm-none-eabi/lib/thumb/v7e-m/nofp\libc_nano.a
LOAD c:/st/stm32cubeide_1.11.2/stm32cubeide/plugins/com.st.stm32cube.ide.mcu.externaltools.gnu-tools-for-stm32.10.3-2021.10.win32_1.0.100.202210260954/tools/bin/../lib/gcc/arm-none-eabi/10.3.1/../../../../arm-none-eabi/lib/thumb/v7e-m/nofp\libnosys.a
END GROUP
START GROUP
LOAD c:/st/stm32cubeide_1.11.2/stm32cubeide/plugins/com.st.stm32cube.ide.mcu.externaltools.gnu-tools-for-stm32.10.3-2021.10.win32_1.0.100.202210260954/tools/bin/../lib/gcc/arm-none-eabi/10.3.1/thumb/v7e-m/nofp\libgcc.a
LOAD c:/st/stm32cubeide_1.11.2/stm32cubeide/plugins/com.st.stm32cube.ide.mcu.externaltools.gnu-tools-for-stm32.10.3-2021.10.win32_1.0.100.202210260954/tools/bin/../lib/gcc/arm-none-eabi/10.3.1/../../../../arm-none-eabi/lib/thumb/v7e-m/nofp\libc_nano.a
LOAD c:/st/stm32cubeide_1.11.2/stm32cubeide/plugins/com.st.stm32cube.ide.mcu.externaltools.gnu-tools-for-stm32.10.3-2021.10.win32_1.0.100.202210260954/tools/bin/../lib/gcc/arm-none-eabi/10.3.1/../../../../arm-none-eabi/lib/thumb/v7e-m/nofp\libnosys.a
END GROUP
LOAD c:/st/stm32cubeide_1.11.2/stm32cubeide/plugins/com.st.stm32cube.ide.mcu.externaltools.gnu-tools-for-stm32.10.3-2021.10.win32_1.0.100.202210260954/tools/bin/../lib/gcc/arm-none-eabi/10.3.1/thumb/v7e-m/nofp/crtend.o
LOAD c:/st/stm32cubeide_1.11.2/stm32cubeide/plugins/com.st.stm32cube.ide.mcu.externaltools.gnu-tools-for-stm32.10.3-2021.10.win32_1.0.100.202210260954/tools/bin/../lib/gcc/arm-none-eabi/10.3.1/thumb/v7e-m/nofp/crtn.o
                0x0000000020020000                _estack = (ORIGIN (RAM) + LENGTH (RAM))
                0x0000000000000200                _Min_Heap_Size = 0x200
                0x0000000000000400                _Min_Stack_Size = 0x400

.isr_vector     0x0000000008000000      0x1c4
                0x0000000008000000                . = ALIGN (0x4)
 *(.isr_vector)
 .isr_vector    0x0000000008000000      0x1c4 ./Startup/startup_stm32f446retx.o
                0x0000000008000000                g_pfnVectors
                0x00000000080001c4                . = ALIGN (0x4)

.text           0x00000000080001c4      0x128
                0x00000000080001c4                . = ALIGN (0x4)
 *(.text)
 .text          0x00000000080001c4       0x40 c:/st/stm32cubeide_1.11.2/stm32cubeide/plugins/com.st.stm32cube.ide.mcu.externaltools.gnu-tools-for-stm32.10.3-2021.10.win32_1.0.100.202210260954/tools/bin/../lib/gcc/arm-none-eabi/10.3.1/thumb/v7e-m/nofp/crtbegin.o
 *(.text*)
 .text.main     0x0000000008000204        0xe ./Src/bootloader.o
                0x0000000008000204                main
 *fill*         0x0000000008000212        0x2 
 .text.jump_to_main
                0x0000000008000214       0x24 ./Src/bootloader.o
 .text.Reset_Handler
                0x0000000008000238       0x50 ./Startup/startup_stm32f446retx.o
                0x0000000008000238                Reset_Handler
 .text.Default_Handler
                0x0000000008000288        0x2 ./Startup/startup_stm32f446retx.o
                0x0000000008000288                RTC_Alarm_IRQHandler
                0x0000000008000288                EXTI2_IRQHandler
                0x0000000008000288                TIM8_CC_IRQHandler
                0x0000000008000288                SPDIF_Rx_IRQHandler
                0x0000000008000288                DebugMon_Handler
                0x0000000008000288                SPI4_IRQHandler
                0x0000000008000288                TIM1_CC_IRQHandler
                0x0000000008000288                QuadSPI_IRQHandler
                0x0000000008000288                DMA2_Stream5_IRQHandler
                0x0000000008000288                HardFault_Handler
                0x0000000008000288                DMA1_Stream5_IRQHandler
                0x0000000008000288                SysTick_Handler
                0x0000000008000288                PVD_IRQHandler
                0x0000000008000288                SDIO_IRQHandler
                0x0000000008000288                TAMP_STAMP_IRQHandler
                0x0000000008000288                PendSV_Handler
                0x0000000008000288                NMI_Handler
                0x0000000008000288                CAN2_RX1_IRQHandler
                0x0000000008000288                EXTI3_IRQHandler
                0x0000000008000288                TIM8_TRG_COM_TIM14_IRQHandler
                0x0000000008000288                TIM1_UP_TIM10_IRQHandler
                0x0000000008000288                FMPI2C1_error_IRQHandler
                0x0000000008000288                TIM8_UP_TIM13_IRQHandler
                0x0000000008000288                I2C3_ER_IRQHandler
                0x0000000008000288                EXTI0_IRQHandler
                0x0000000008000288                I2C2_EV_IRQHandler
                0x0000000008000288                DMA1_Stream2_IRQHandler
                0x0000000008000288                CAN1_RX0_IRQHandler
                0x0000000008000288                OTG_HS_WKUP_IRQHandler
                0x0000000008000288                UsageFault_Handler
                0x0000000008000288                CAN2_SCE_IRQHandler
                0x0000000008000288                DMA2_Stream2_IRQHandler
                0x0000000008000288                SPI1_IRQHandler
                0x0000000008000288                TIM6_DAC_IRQHandler
                0x0000000008000288                TIM1_BRK_TIM9_IRQHandler
                0x0000000008000288                DCMI_IRQHandler
                0x0000000008000288                CAN2_RX0_IRQHandler
                0x0000000008000288                DMA2_Stream3_IRQHandler
                0x0000000008000288                FMPI2C1_IRQHandler
                0x0000000008000288                SAI2_IRQHandler
                0x0000000008000288                USART6_IRQHandler
                0x0000000008000288                USART3_IRQHandler
                0x0000000008000288                CAN1_RX1_IRQHandler
                0x0000000008000288                UART5_IRQHandler
                0x0000000008000288                DMA2_Stream0_IRQHandler
                0x0000000008000288                TIM4_IRQHandler
                0x0000000008000288                I2C1_EV_IRQHandler
                0x0000000008000288                HDMI_CEC_IRQHandler
                0x0000000008000288                DMA1_Stream6_IRQHandler
                0x0000000008000288                DMA1_Stream1_IRQHandler
                0x0000000008000288                UART4_IRQHandler
                0x0000000008000288                TIM3_IRQHandler
                0x0000000008000288                RCC_IRQHandler
                0x0000000008000288                TIM8_BRK_TIM12_IRQHandler
                0x0000000008000288                Default_Handler
                0x0000000008000288                EXTI15_10_IRQHandler
                0x0000000008000288                ADC_IRQHandler
                0x0000000008000288                DMA1_Stream7_IRQHandler
                0x0000000008000288                TIM7_IRQHandler
                0x0000000008000288                CAN2_TX_IRQHandler
                0x0000000008000288                TIM5_IRQHandler
                0x0000000008000288                DMA2_Stream7_IRQHandler
                0x0000000008000288                I2C3_EV_IRQHandler
                0x0000000008000288                EXTI9_5_IRQHandler
                0x0000000008000288                RTC_WKUP_IRQHandler
                0x0000000008000288                SPI2_IRQHandler
                0x0000000008000288                OTG_HS_EP1_IN_IRQHandler
                0x0000000008000288                MemManage_Handler
                0x0000000008000288                DMA1_Stream0_IRQHandler
                0x0000000008000288                CAN1_TX_IRQHandler
                0x0000000008000288                SVC_Handler
                0x0000000008000288                EXTI4_IRQHandler
                0x0000000008000288                OTG_HS_EP1_OUT_IRQHandler
                0x0000000008000288                WWDG_IRQHandler
                0x0000000008000288                TIM2_IRQHandler
                0x0000000008000288                OTG_FS_WKUP_IRQHandler
                0x0000000008000288                TIM1_TRG_COM_TIM11_IRQHandler
                0x0000000008000288                OTG_HS_IRQHandler
                0x0000000008000288                EXTI1_IRQHandler
                0x0000000008000288                USART2_IRQHandler
                0x0000000008000288                I2C2_ER_IRQHandler
                0x0000000008000288                DMA2_Stream1_IRQHandler
                0x0000000008000288                CAN1_SCE_IRQHandler
                0x0000000008000288                FLASH_IRQHandler
                0x0000000008000288                DMA2_Stream4_IRQHandler
                0x0000000008000288                BusFault_Handler
                0x0000000008000288                USART1_IRQHandler
                0x0000000008000288                OTG_FS_IRQHandler
                0x0000000008000288                SPI3_IRQHandler
                0x0000000008000288                DMA1_Stream4_IRQHandler
                0x0000000008000288                I2C1_ER_IRQHandler
                0x0000000008000288                FMC_IRQHandler
                0x0000000008000288                DMA2_Stream6_IRQHandler
                0x0000000008000288                SAI1_IRQHandler
                0x0000000008000288                DMA1_Stream3_IRQHandler
 *fill*         0x000000000800028a        0x2 
 .text.__libc_init_array
                0x000000000800028c       0x48 c:/st/stm32cubeide_1.11.2/stm32cubeide/plugins/com.st.stm32cube.ide.mcu.externaltools.gnu-tools-for-stm32.10.3-2021.10.win32_1.0.100.202210260954/tools/bin/../lib/gcc/arm-none-eabi/10.3.1/../../../../arm-none-eabi/lib/thumb/v7e-m/nofp\libc_nano.a(lib_a-init.o)
                0x000000000800028c                __libc_init_array
 *(.glue_7)
 .glue_7        0x00000000080002d4        0x0 linker stubs
 *(.glue_7t)
 .glue_7t       0x00000000080002d4        0x0 linker stubs
 *(.eh_frame)
 .eh_frame      0x00000000080002d4        0x0 c:/st/stm32cubeide_1.11.2/stm32cubeide/plugins/com.st.stm32cube.ide.mcu.externaltools.gnu-tools-for-stm32.10.3-2021.10.win32_1.0.100.202210260954/tools/bin/../lib/gcc/arm-none-eabi/10.3.1/thumb/v7e-m/nofp/crtbegin.o
 *(.init)
 .init          0x00000000080002d4        0x4 c:/st/stm32cubeide_1.11.2/stm32cubeide/plugins/com.st.stm32cube.ide.mcu.externaltools.gnu-tools-for-stm32.10.3-2021.10.win32_1.0.100.202210260954/tools/bin/../lib/gcc/arm-none-eabi/10.3.1/thumb/v7e-m/nofp/crti.o
                0x00000000080002d4                _init
 .init          0x00000000080002d8        0x8 c:/st/stm32cubeide_1.11.2/stm32cubeide/plugins/com.st.stm32cube.ide.mcu.externaltools.gnu-tools-for-stm32.10.3-2021.10.win32_1.0.100.202210260954/tools/bin/../lib/gcc/arm-none-eabi/10.3.1/thumb/v7e-m/nofp/crtn.o
 *(.fini)
 .fini          0x00000000080002e0        0x4 c:/st/stm32cubeide_1.11.2/stm32cubeide/plugins/com.st.stm32cube.ide.mcu.externaltools.gnu-tools-for-stm32.10.3-2021.10.win32_1.0.100.202210260954/tools/bin/../lib/gcc/arm-none-eabi/10.3.1/thumb/v7e-m/nofp/crti.o
                0x00000000080002e0                _fini
 .fini          0x00000000080002e4        0x8 c:/st/stm32cubeide_1.11.2/stm32cubeide/plugins/com.st.stm32cube.ide.mcu.externaltools.gnu-tools-for-stm32.10.3-2021.10.win32_1.0.100.202210260954/tools/bin/../lib/gcc/arm-none-eabi/10.3.1/thumb/v7e-m/nofp/crtn.o
                0x00000000080002ec                . = ALIGN (0x4)
                0x00000000080002ec                _etext = .

.vfp11_veneer   0x00000000080002ec        0x0
 .vfp11_veneer  0x00000000080002ec        0x0 linker stubs

.v4_bx          0x00000000080002ec        0x0
 .v4_bx         0x00000000080002ec        0x0 linker stubs

.iplt           0x00000000080002ec        0x0
 .iplt          0x00000000080002ec        0x0 c:/st/stm32cubeide_1.11.2/stm32cubeide/plugins/com.st.stm32cube.ide.mcu.externaltools.gnu-tools-for-stm32.10.3-2021.10.win32_1.0.100.202210260954/tools/bin/../lib/gcc/arm-none-eabi/10.3.1/thumb/v7e-m/nofp/crtbegin.o

.rel.dyn        0x00000000080002ec        0x0
 .rel.iplt      0x00000000080002ec        0x0 c:/st/stm32cubeide_1.11.2/stm32cubeide/plugins/com.st.stm32cube.ide.mcu.externaltools.gnu-tools-for-stm32.10.3-2021.10.win32_1.0.100.202210260954/tools/bin/../lib/gcc/arm-none-eabi/10.3.1/thumb/v7e-m/nofp/crtbegin.o

.rodata         0x00000000080002ec        0x0
                0x00000000080002ec                . = ALIGN (0x4)
 *(.rodata)
 *(.rodata*)
                0x00000000080002ec                . = ALIGN (0x4)

.ARM.extab      0x00000000080002ec        0x0
                0x00000000080002ec                . = ALIGN (0x4)
 *(.ARM.extab* .gnu.linkonce.armextab.*)
                0x00000000080002ec                . = ALIGN (0x4)

.ARM            0x00000000080002ec        0x0
                0x00000000080002ec                . = ALIGN (0x4)
                0x00000000080002ec                __exidx_start = .
 *(.ARM.exidx*)
                0x00000000080002ec                __exidx_end = .
                0x00000000080002ec                . = ALIGN (0x4)

.preinit_array  0x00000000080002ec        0x0
                0x00000000080002ec                . = ALIGN (0x4)
                0x00000000080002ec                PROVIDE (__preinit_array_start = .)
 *(.preinit_array*)
                0x00000000080002ec                PROVIDE (__preinit_array_end = .)
                0x00000000080002ec                . = ALIGN (0x4)

.init_array     0x00000000080002ec        0x4
                0x00000000080002ec                . = ALIGN (0x4)
                0x00000000080002ec                PROVIDE (__init_array_start = .)
 *(SORT_BY_NAME(.init_array.*))
 *(.init_array*)
 .init_array    0x00000000080002ec        0x4 c:/st/stm32cubeide_1.11.2/stm32cubeide/plugins/com.st.stm32cube.ide.mcu.externaltools.gnu-tools-for-stm32.10.3-2021.10.win32_1.0.100.202210260954/tools/bin/../lib/gcc/arm-none-eabi/10.3.1/thumb/v7e-m/nofp/crtbegin.o
                0x00000000080002f0                PROVIDE (__init_array_end = .)
                0x00000000080002f0                . = ALIGN (0x4)

.fini_array     0x00000000080002f0        0x4
                0x00000000080002f0                . = ALIGN (0x4)
                [!provide]                        PROVIDE (__fini_array_start = .)
 *(SORT_BY_NAME(.fini_array.*))
 *(.fini_array*)
 .fini_array    0x00000000080002f0        0x4 c:/st/stm32cubeide_1.11.2/stm32cubeide/plugins/com.st.stm32cube.ide.mcu.externaltools.gnu-tools-for-stm32.10.3-2021.10.win32_1.0.100.202210260954/tools/bin/../lib/gcc/arm-none-eabi/10.3.1/thumb/v7e-m/nofp/crtbegin.o
                [!provide]                        PROVIDE (__fini_array_end = .)
                0x00000000080002f4                . = ALIGN (0x4)
                0x00000000080002f4                _sidata = LOADADDR (.data)

.data           0x0000000020000000        0x0 load address 0x00000000080002f4
                0x0000000020000000                . = ALIGN (0x4)
                0x0000000020000000                _sdata = .
 *(.data)
 *(.data*)
 *(.RamFunc)
 *(.RamFunc*)
                0x0000000020000000                . = ALIGN (0x4)
                0x0000000020000000                _edata = .

.igot.plt       0x0000000020000000        0x0 load address 0x00000000080002f4
 .igot.plt      0x0000000020000000        0x0 c:/st/stm32cubeide_1.11.2/stm32cubeide/plugins/com.st.stm32cube.ide.mcu.externaltools.gnu-tools-for-stm32.10.3-2021.10.win32_1.0.100.202210260954/tools/bin/../lib/gcc/arm-none-eabi/10.3.1/thumb/v7e-m/nofp/crtbegin.o
                0x0000000020000000                . = ALIGN (0x4)

.bss            0x0000000020000000       0x1c load address 0x00000000080002f4
                0x0000000020000000                _sbss = .
                0x0000000020000000                __bss_start__ = _sbss
 *(.bss)
 .bss           0x0000000020000000       0x1c c:/st/stm32cubeide_1.11.2/stm32cubeide/plugins/com.st.stm32cube.ide.mcu.externaltools.gnu-tools-for-stm32.10.3-2021.10.win32_1.0.100.202210260954/tools/bin/../lib/gcc/arm-none-eabi/10.3.1/thumb/v7e-m/nofp/crtbegin.o
 *(.bss*)
 *(COMMON)
                0x000000002000001c                . = ALIGN (0x4)
                0x000000002000001c                _ebss = .
                0x000000002000001c                __bss_end__ = _ebss

._user_heap_stack
                0x000000002000001c      0x604 load address 0x00000000080002f4
                0x0000000020000020                . = ALIGN (0x8)
 *fill*         0x000000002000001c        0x4 
                [!provide]                        PROVIDE (end = .)
                [!provide]                        PROVIDE (_end = .)
                0x0000000020000220                . = (. + _Min_Heap_Size)
 *fill*         0x0000000020000020      0x200 
                0x0000000020000620                . = (. + _Min_Stack_Size)
 *fill*         0x0000000020000220      0x400 
                0x0000000020000620                . = ALIGN (0x8)

/DISCARD/
 libc.a(*)
 libm.a(*)
 libgcc.a(*)

.ARM.attributes
                0x0000000000000000       0x2a
 *(.ARM.attributes)
 .ARM.attributes
                0x0000000000000000       0x1e c:/st/stm32cubeide_1.11.2/stm32cubeide/plugins/com.st.stm32cube.ide.mcu.externaltools.gnu-tools-for-stm32.10.3-2021.10.win32_1.0.100.202210260954/tools/bin/../lib/gcc/arm-none-eabi/10.3.1/thumb/v7e-m/nofp/crti.o
 .ARM.attributes
                0x000000000000001e       0x2e c:/st/stm32cubeide_1.11.2/stm32cubeide/plugins/com.st.stm32cube.ide.mcu.externaltools.gnu-tools-for-stm32.10.3-2021.10.win32_1.0.100.202210260954/tools/bin/../lib/gcc/arm-none-eabi/10.3.1/thumb/v7e-m/nofp/crtbegin.o
 .ARM.attributes
                0x000000000000004c       0x2e ./Src/bootloader.o
 .ARM.attributes
                0x000000000000007a       0x21 ./Startup/startup_stm32f446retx.o
 .ARM.attributes
                0x000000000000009b       0x2e c:/st/stm32cubeide_1.11.2/stm32cubeide/plugins/com.st.stm32cube.ide.mcu.externaltools.gnu-tools-for-stm32.10.3-2021.10.win32_1.0.100.202210260954/tools/bin/../lib/gcc/arm-none-eabi/10.3.1/../../../../arm-none-eabi/lib/thumb/v7e-m/nofp\libc_nano.a(lib_a-init.o)
 .ARM.attributes
                0x00000000000000c9       0x1e c:/st/stm32cubeide_1.11.2/stm32cubeide/plugins/com.st.stm32cube.ide.mcu.externaltools.gnu-tools-for-stm32.10.3-2021.10.win32_1.0.100.202210260954/tools/bin/../lib/gcc/arm-none-eabi/10.3.1/thumb/v7e-m/nofp/crtn.o
OUTPUT(BootLoader_app.elf elf32-littlearm)
LOAD linker stubs
LOAD c:/st/stm32cubeide_1.11.2/stm32cubeide/plugins/com.st.stm32cube.ide.mcu.externaltools.gnu-tools-for-stm32.10.3-2021.10.win32_1.0.100.202210260954/tools/bin/../lib/gcc/arm-none-eabi/10.3.1/../../../../arm-none-eabi/lib/thumb/v7e-m/nofp\libc.a
LOAD c:/st/stm32cubeide_1.11.2/stm32cubeide/plugins/com.st.stm32cube.ide.mcu.externaltools.gnu-tools-for-stm32.10.3-2021.10.win32_1.0.100.202210260954/tools/bin/../lib/gcc/arm-none-eabi/10.3.1/../../../../arm-none-eabi/lib/thumb/v7e-m/nofp\libm.a
LOAD c:/st/stm32cubeide_1.11.2/stm32cubeide/plugins/com.st.stm32cube.ide.mcu.externaltools.gnu-tools-for-stm32.10.3-2021.10.win32_1.0.100.202210260954/tools/bin/../lib/gcc/arm-none-eabi/10.3.1/thumb/v7e-m/nofp\libgcc.a

.debug_info     0x0000000000000000      0x124
 .debug_info    0x0000000000000000      0x102 ./Src/bootloader.o
 .debug_info    0x0000000000000102       0x22 ./Startup/startup_stm32f446retx.o

.debug_abbrev   0x0000000000000000       0xa5
 .debug_abbrev  0x0000000000000000       0x93 ./Src/bootloader.o
 .debug_abbrev  0x0000000000000093       0x12 ./Startup/startup_stm32f446retx.o

.debug_aranges  0x0000000000000000       0x50
 .debug_aranges
                0x0000000000000000       0x28 ./Src/bootloader.o
 .debug_aranges
                0x0000000000000028       0x28 ./Startup/startup_stm32f446retx.o

.debug_ranges   0x0000000000000000       0x38
 .debug_ranges  0x0000000000000000       0x18 ./Src/bootloader.o
 .debug_ranges  0x0000000000000018       0x20 ./Startup/startup_stm32f446retx.o

.debug_macro    0x0000000000000000       0x81
 .debug_macro   0x0000000000000000       0x81 ./Src/bootloader.o

.debug_line     0x0000000000000000      0x477
 .debug_line    0x0000000000000000      0x3f3 ./Src/bootloader.o
 .debug_line    0x00000000000003f3       0x84 ./Startup/startup_stm32f446retx.o

.debug_str      0x0000000000000000     0x64f2
 .debug_str     0x0000000000000000     0x64c1 ./Src/bootloader.o
                                       0x6699 (size before relaxing)
 .debug_str     0x00000000000064c1       0x31 ./Startup/startup_stm32f446retx.o
                                         0x4e (size before relaxing)

.comment        0x0000000000000000       0x50
 .comment       0x0000000000000000       0x50 ./Src/bootloader.o
                                         0x51 (size before relaxing)

.debug_frame    0x0000000000000000       0x7c
 .debug_frame   0x0000000000000000       0x50 ./Src/bootloader.o
 .debug_frame   0x0000000000000050       0x2c c:/st/stm32cubeide_1.11.2/stm32cubeide/plugins/com.st.stm32cube.ide.mcu.externaltools.gnu-tools-for-stm32.10.3-2021.10.win32_1.0.100.202210260954/tools/bin/../lib/gcc/arm-none-eabi/10.3.1/../../../../arm-none-eabi/lib/thumb/v7e-m/nofp\libc_nano.a(lib_a-init.o)
