Archive member included to satisfy reference by file (symbol)

c:/st/stm32cubeide_1.11.2/stm32cubeide/plugins/com.st.stm32cube.ide.mcu.externaltools.gnu-tools-for-stm32.10.3-2021.10.win32_1.0.100.202210260954/tools/bin/../lib/gcc/arm-none-eabi/10.3.1/../../../../arm-none-eabi/lib/thumb/v7e-m/nofp\libc_nano.a(lib_a-exit.o)
                              c:/st/stm32cubeide_1.11.2/stm32cubeide/plugins/com.st.stm32cube.ide.mcu.externaltools.gnu-tools-for-stm32.10.3-2021.10.win32_1.0.100.202210260954/tools/bin/../lib/gcc/arm-none-eabi/10.3.1/../../../../arm-none-eabi/lib/thumb/v7e-m/nofp/crt0.o (exit)
c:/st/stm32cubeide_1.11.2/stm32cubeide/plugins/com.st.stm32cube.ide.mcu.externaltools.gnu-tools-for-stm32.10.3-2021.10.win32_1.0.100.202210260954/tools/bin/../lib/gcc/arm-none-eabi/10.3.1/../../../../arm-none-eabi/lib/thumb/v7e-m/nofp\libc_nano.a(lib_a-impure.o)
                              c:/st/stm32cubeide_1.11.2/stm32cubeide/plugins/com.st.stm32cube.ide.mcu.externaltools.gnu-tools-for-stm32.10.3-2021.10.win32_1.0.100.202210260954/tools/bin/../lib/gcc/arm-none-eabi/10.3.1/../../../../arm-none-eabi/lib/thumb/v7e-m/nofp\libc_nano.a(lib_a-exit.o) (_global_impure_ptr)
c:/st/stm32cubeide_1.11.2/stm32cubeide/plugins/com.st.stm32cube.ide.mcu.externaltools.gnu-tools-for-stm32.10.3-2021.10.win32_1.0.100.202210260954/tools/bin/../lib/gcc/arm-none-eabi/10.3.1/../../../../arm-none-eabi/lib/thumb/v7e-m/nofp\libc_nano.a(lib_a-init.o)
                              c:/st/stm32cubeide_1.11.2/stm32cubeide/plugins/com.st.stm32cube.ide.mcu.externaltools.gnu-tools-for-stm32.10.3-2021.10.win32_1.0.100.202210260954/tools/bin/../lib/gcc/arm-none-eabi/10.3.1/../../../../arm-none-eabi/lib/thumb/v7e-m/nofp/crt0.o (__libc_init_array)
c:/st/stm32cubeide_1.11.2/stm32cubeide/plugins/com.st.stm32cube.ide.mcu.externaltools.gnu-tools-for-stm32.10.3-2021.10.win32_1.0.100.202210260954/tools/bin/../lib/gcc/arm-none-eabi/10.3.1/../../../../arm-none-eabi/lib/thumb/v7e-m/nofp\libc_nano.a(lib_a-memset.o)
                              c:/st/stm32cubeide_1.11.2/stm32cubeide/plugins/com.st.stm32cube.ide.mcu.externaltools.gnu-tools-for-stm32.10.3-2021.10.win32_1.0.100.202210260954/tools/bin/../lib/gcc/arm-none-eabi/10.3.1/../../../../arm-none-eabi/lib/thumb/v7e-m/nofp/crt0.o (memset)
c:/st/stm32cubeide_1.11.2/stm32cubeide/plugins/com.st.stm32cube.ide.mcu.externaltools.gnu-tools-for-stm32.10.3-2021.10.win32_1.0.100.202210260954/tools/bin/../lib/gcc/arm-none-eabi/10.3.1/../../../../arm-none-eabi/lib/thumb/v7e-m/nofp\libnosys.a(_exit.o)
                              c:/st/stm32cubeide_1.11.2/stm32cubeide/plugins/com.st.stm32cube.ide.mcu.externaltools.gnu-tools-for-stm32.10.3-2021.10.win32_1.0.100.202210260954/tools/bin/../lib/gcc/arm-none-eabi/10.3.1/../../../../arm-none-eabi/lib/thumb/v7e-m/nofp\libc_nano.a(lib_a-exit.o) (_exit)

Discarded input sections

 .text          0x0000000000000000        0x0 c:/st/stm32cubeide_1.11.2/stm32cubeide/plugins/com.st.stm32cube.ide.mcu.externaltools.gnu-tools-for-stm32.10.3-2021.10.win32_1.0.100.202210260954/tools/bin/../lib/gcc/arm-none-eabi/10.3.1/thumb/v7e-m/nofp/crti.o
 .data          0x0000000000000000        0x0 c:/st/stm32cubeide_1.11.2/stm32cubeide/plugins/com.st.stm32cube.ide.mcu.externaltools.gnu-tools-for-stm32.10.3-2021.10.win32_1.0.100.202210260954/tools/bin/../lib/gcc/arm-none-eabi/10.3.1/thumb/v7e-m/nofp/crti.o
 .bss           0x0000000000000000        0x0 c:/st/stm32cubeide_1.11.2/stm32cubeide/plugins/com.st.stm32cube.ide.mcu.externaltools.gnu-tools-for-stm32.10.3-2021.10.win32_1.0.100.202210260954/tools/bin/../lib/gcc/arm-none-eabi/10.3.1/thumb/v7e-m/nofp/crti.o
 .data          0x0000000000000000        0x4 c:/st/stm32cubeide_1.11.2/stm32cubeide/plugins/com.st.stm32cube.ide.mcu.externaltools.gnu-tools-for-stm32.10.3-2021.10.win32_1.0.100.202210260954/tools/bin/../lib/gcc/arm-none-eabi/10.3.1/thumb/v7e-m/nofp/crtbegin.o
 .rodata        0x0000000000000000       0x24 c:/st/stm32cubeide_1.11.2/stm32cubeide/plugins/com.st.stm32cube.ide.mcu.externaltools.gnu-tools-for-stm32.10.3-2021.10.win32_1.0.100.202210260954/tools/bin/../lib/gcc/arm-none-eabi/10.3.1/thumb/v7e-m/nofp/crtbegin.o
 .text          0x0000000000000000       0x7c c:/st/stm32cubeide_1.11.2/stm32cubeide/plugins/com.st.stm32cube.ide.mcu.externaltools.gnu-tools-for-stm32.10.3-2021.10.win32_1.0.100.202210260954/tools/bin/../lib/gcc/arm-none-eabi/10.3.1/../../../../arm-none-eabi/lib/thumb/v7e-m/nofp/crt0.o
 .data          0x0000000000000000        0x0 c:/st/stm32cubeide_1.11.2/stm32cubeide/plugins/com.st.stm32cube.ide.mcu.externaltools.gnu-tools-for-stm32.10.3-2021.10.win32_1.0.100.202210260954/tools/bin/../lib/gcc/arm-none-eabi/10.3.1/../../../../arm-none-eabi/lib/thumb/v7e-m/nofp/crt0.o
 .bss           0x0000000000000000        0x0 c:/st/stm32cubeide_1.11.2/stm32cubeide/plugins/com.st.stm32cube.ide.mcu.externaltools.gnu-tools-for-stm32.10.3-2021.10.win32_1.0.100.202210260954/tools/bin/../lib/gcc/arm-none-eabi/10.3.1/../../../../arm-none-eabi/lib/thumb/v7e-m/nofp/crt0.o
 .ARM.extab     0x0000000000000000        0x0 c:/st/stm32cubeide_1.11.2/stm32cubeide/plugins/com.st.stm32cube.ide.mcu.externaltools.gnu-tools-for-stm32.10.3-2021.10.win32_1.0.100.202210260954/tools/bin/../lib/gcc/arm-none-eabi/10.3.1/../../../../arm-none-eabi/lib/thumb/v7e-m/nofp/crt0.o
 .ARM.exidx     0x0000000000000000       0x10 c:/st/stm32cubeide_1.11.2/stm32cubeide/plugins/com.st.stm32cube.ide.mcu.externaltools.gnu-tools-for-stm32.10.3-2021.10.win32_1.0.100.202210260954/tools/bin/../lib/gcc/arm-none-eabi/10.3.1/../../../../arm-none-eabi/lib/thumb/v7e-m/nofp/crt0.o
 .ARM.attributes
                0x0000000000000000       0x1c c:/st/stm32cubeide_1.11.2/stm32cubeide/plugins/com.st.stm32cube.ide.mcu.externaltools.gnu-tools-for-stm32.10.3-2021.10.win32_1.0.100.202210260954/tools/bin/../lib/gcc/arm-none-eabi/10.3.1/../../../../arm-none-eabi/lib/thumb/v7e-m/nofp/crt0.o
 .group         0x0000000000000000        0xc ./BSP/bsp.o
 .group         0x0000000000000000        0xc ./BSP/bsp.o
 .group         0x0000000000000000        0xc ./BSP/bsp.o
 .group         0x0000000000000000        0xc ./BSP/bsp.o
 .group         0x0000000000000000        0xc ./BSP/bsp.o
 .group         0x0000000000000000        0xc ./BSP/bsp.o
 .group         0x0000000000000000        0xc ./BSP/bsp.o
 .group         0x0000000000000000        0xc ./BSP/bsp.o
 .group         0x0000000000000000        0xc ./BSP/bsp.o
 .group         0x0000000000000000        0xc ./BSP/bsp.o
 .group         0x0000000000000000        0xc ./BSP/bsp.o
 .text          0x0000000000000000        0x0 ./BSP/bsp.o
 .data          0x0000000000000000        0x0 ./BSP/bsp.o
 .bss           0x0000000000000000        0x0 ./BSP/bsp.o
 .text.systick_init
                0x0000000000000000       0x54 ./BSP/bsp.o
 .text.SPI2_GPIOInit
                0x0000000000000000       0x42 ./BSP/bsp.o
 .text.I2C1_GPIOInit
                0x0000000000000000       0x5a ./BSP/bsp.o
 .text.GPIO_ButtonInit
                0x0000000000000000       0x38 ./BSP/bsp.o
 .text.GPIO_CAN1Init
                0x0000000000000000       0x42 ./BSP/bsp.o
 .text.GPIO_LEDInit
                0x0000000000000000       0x3c ./BSP/bsp.o
 .text.delay    0x0000000000000000       0x30 ./BSP/bsp.o
 .group         0x0000000000000000        0xc ./Drivers/GPIO_DRIVERS/GPIO_driver.o
 .group         0x0000000000000000        0xc ./Drivers/GPIO_DRIVERS/GPIO_driver.o
 .group         0x0000000000000000        0xc ./Drivers/GPIO_DRIVERS/GPIO_driver.o
 .group         0x0000000000000000        0xc ./Drivers/GPIO_DRIVERS/GPIO_driver.o
 .group         0x0000000000000000        0xc ./Drivers/GPIO_DRIVERS/GPIO_driver.o
 .group         0x0000000000000000        0xc ./Drivers/GPIO_DRIVERS/GPIO_driver.o
 .group         0x0000000000000000        0xc ./Drivers/GPIO_DRIVERS/GPIO_driver.o
 .group         0x0000000000000000        0xc ./Drivers/GPIO_DRIVERS/GPIO_driver.o
 .group         0x0000000000000000        0xc ./Drivers/GPIO_DRIVERS/GPIO_driver.o
 .group         0x0000000000000000        0xc ./Drivers/GPIO_DRIVERS/GPIO_driver.o
 .text          0x0000000000000000        0x0 ./Drivers/GPIO_DRIVERS/GPIO_driver.o
 .data          0x0000000000000000        0x0 ./Drivers/GPIO_DRIVERS/GPIO_driver.o
 .bss           0x0000000000000000        0x0 ./Drivers/GPIO_DRIVERS/GPIO_driver.o
 .text.GPIO_DeInit
                0x0000000000000000      0x144 ./Drivers/GPIO_DRIVERS/GPIO_driver.o
 .text.GPIO_ReadFromInputPort
                0x0000000000000000       0x1a ./Drivers/GPIO_DRIVERS/GPIO_driver.o
 .text.GPIO_WriteToOutputPin
                0x0000000000000000       0x48 ./Drivers/GPIO_DRIVERS/GPIO_driver.o
 .text.GPIO_WriteToOutputPort
                0x0000000000000000       0x1c ./Drivers/GPIO_DRIVERS/GPIO_driver.o
 .text.GPIO_ToggleOutputPin
                0x0000000000000000       0x28 ./Drivers/GPIO_DRIVERS/GPIO_driver.o
 .text.GPIO_IRQPriorityConfig
                0x0000000000000000       0x52 ./Drivers/GPIO_DRIVERS/GPIO_driver.o
 .text.GPIO_IRQHandling
                0x0000000000000000       0x14 ./Drivers/GPIO_DRIVERS/GPIO_driver.o
 .debug_macro   0x0000000000000000      0xa78 ./Drivers/GPIO_DRIVERS/GPIO_driver.o
 .debug_macro   0x0000000000000000       0x22 ./Drivers/GPIO_DRIVERS/GPIO_driver.o
 .debug_macro   0x0000000000000000       0x8e ./Drivers/GPIO_DRIVERS/GPIO_driver.o
 .debug_macro   0x0000000000000000       0x51 ./Drivers/GPIO_DRIVERS/GPIO_driver.o
 .debug_macro   0x0000000000000000      0x103 ./Drivers/GPIO_DRIVERS/GPIO_driver.o
 .debug_macro   0x0000000000000000       0x6a ./Drivers/GPIO_DRIVERS/GPIO_driver.o
 .debug_macro   0x0000000000000000      0x1df ./Drivers/GPIO_DRIVERS/GPIO_driver.o
 .debug_macro   0x0000000000000000      0x174 ./Drivers/GPIO_DRIVERS/GPIO_driver.o
 .group         0x0000000000000000        0xc ./Drivers/I2C_Driver/I2C_Driver.o
 .group         0x0000000000000000        0xc ./Drivers/I2C_Driver/I2C_Driver.o
 .group         0x0000000000000000        0xc ./Drivers/I2C_Driver/I2C_Driver.o
 .group         0x0000000000000000        0xc ./Drivers/I2C_Driver/I2C_Driver.o
 .group         0x0000000000000000        0xc ./Drivers/I2C_Driver/I2C_Driver.o
 .group         0x0000000000000000        0xc ./Drivers/I2C_Driver/I2C_Driver.o
 .group         0x0000000000000000        0xc ./Drivers/I2C_Driver/I2C_Driver.o
 .group         0x0000000000000000        0xc ./Drivers/I2C_Driver/I2C_Driver.o
 .group         0x0000000000000000        0xc ./Drivers/I2C_Driver/I2C_Driver.o
 .group         0x0000000000000000        0xc ./Drivers/I2C_Driver/I2C_Driver.o
 .group         0x0000000000000000        0xc ./Drivers/I2C_Driver/I2C_Driver.o
 .text          0x0000000000000000        0x0 ./Drivers/I2C_Driver/I2C_Driver.o
 .data          0x0000000000000000        0x0 ./Drivers/I2C_Driver/I2C_Driver.o
 .bss           0x0000000000000000        0x0 ./Drivers/I2C_Driver/I2C_Driver.o
 .text.I2C_Enable
                0x0000000000000000       0x36 ./Drivers/I2C_Driver/I2C_Driver.o
 .text.I2C_CLKCNT
                0x0000000000000000       0xb0 ./Drivers/I2C_Driver/I2C_Driver.o
 .text.I2C_Init
                0x0000000000000000      0x1b8 ./Drivers/I2C_Driver/I2C_Driver.o
 .text.I2C_DeInit
                0x0000000000000000       0x58 ./Drivers/I2C_Driver/I2C_Driver.o
 .text.I2C_GetFlagStatus
                0x0000000000000000       0x28 ./Drivers/I2C_Driver/I2C_Driver.o
 .text.I2C_MasterSendData
                0x0000000000000000       0xba ./Drivers/I2C_Driver/I2C_Driver.o
 .text.I2C_MasterRecieveData
                0x0000000000000000      0x19e ./Drivers/I2C_Driver/I2C_Driver.o
 .text.I2C_SLaveSendData
                0x0000000000000000       0x20 ./Drivers/I2C_Driver/I2C_Driver.o
 .text.I2C_SlaveRecieveData
                0x0000000000000000       0xa6 ./Drivers/I2C_Driver/I2C_Driver.o
 .text.I2C_IRQInterruptConfig
                0x0000000000000000       0x1a ./Drivers/I2C_Driver/I2C_Driver.o
 .text.I2C_IRQPriorityConfig
                0x0000000000000000       0x16 ./Drivers/I2C_Driver/I2C_Driver.o
 .text.I2C_GenerateStartCondition
                0x0000000000000000       0x1e ./Drivers/I2C_Driver/I2C_Driver.o
 .text.I2C_ExecuteAddressPhaseWrite
                0x0000000000000000       0x30 ./Drivers/I2C_Driver/I2C_Driver.o
 .text.I2C_ClearADDRFlag
                0x0000000000000000       0x3a ./Drivers/I2C_Driver/I2C_Driver.o
 .debug_info    0x0000000000000000      0x7b8 ./Drivers/I2C_Driver/I2C_Driver.o
 .debug_abbrev  0x0000000000000000      0x1de ./Drivers/I2C_Driver/I2C_Driver.o
 .debug_aranges
                0x0000000000000000       0x88 ./Drivers/I2C_Driver/I2C_Driver.o
 .debug_ranges  0x0000000000000000       0x78 ./Drivers/I2C_Driver/I2C_Driver.o
 .debug_macro   0x0000000000000000       0x93 ./Drivers/I2C_Driver/I2C_Driver.o
 .debug_macro   0x0000000000000000      0xa78 ./Drivers/I2C_Driver/I2C_Driver.o
 .debug_macro   0x0000000000000000       0x22 ./Drivers/I2C_Driver/I2C_Driver.o
 .debug_macro   0x0000000000000000       0x8e ./Drivers/I2C_Driver/I2C_Driver.o
 .debug_macro   0x0000000000000000       0x51 ./Drivers/I2C_Driver/I2C_Driver.o
 .debug_macro   0x0000000000000000      0x103 ./Drivers/I2C_Driver/I2C_Driver.o
 .debug_macro   0x0000000000000000       0x6a ./Drivers/I2C_Driver/I2C_Driver.o
 .debug_macro   0x0000000000000000      0x1df ./Drivers/I2C_Driver/I2C_Driver.o
 .debug_macro   0x0000000000000000      0x174 ./Drivers/I2C_Driver/I2C_Driver.o
 .debug_macro   0x0000000000000000      0xa5a ./Drivers/I2C_Driver/I2C_Driver.o
 .debug_macro   0x0000000000000000       0x8e ./Drivers/I2C_Driver/I2C_Driver.o
 .debug_macro   0x0000000000000000       0x16 ./Drivers/I2C_Driver/I2C_Driver.o
 .debug_line    0x0000000000000000      0x925 ./Drivers/I2C_Driver/I2C_Driver.o
 .debug_str     0x0000000000000000     0x6c0f ./Drivers/I2C_Driver/I2C_Driver.o
 .comment       0x0000000000000000       0x51 ./Drivers/I2C_Driver/I2C_Driver.o
 .debug_frame   0x0000000000000000      0x22c ./Drivers/I2C_Driver/I2C_Driver.o
 .ARM.attributes
                0x0000000000000000       0x2e ./Drivers/I2C_Driver/I2C_Driver.o
 .group         0x0000000000000000        0xc ./Drivers/RCC_Driver/RCC_driver.o
 .group         0x0000000000000000        0xc ./Drivers/RCC_Driver/RCC_driver.o
 .group         0x0000000000000000        0xc ./Drivers/RCC_Driver/RCC_driver.o
 .group         0x0000000000000000        0xc ./Drivers/RCC_Driver/RCC_driver.o
 .group         0x0000000000000000        0xc ./Drivers/RCC_Driver/RCC_driver.o
 .group         0x0000000000000000        0xc ./Drivers/RCC_Driver/RCC_driver.o
 .group         0x0000000000000000        0xc ./Drivers/RCC_Driver/RCC_driver.o
 .group         0x0000000000000000        0xc ./Drivers/RCC_Driver/RCC_driver.o
 .group         0x0000000000000000        0xc ./Drivers/RCC_Driver/RCC_driver.o
 .group         0x0000000000000000        0xc ./Drivers/RCC_Driver/RCC_driver.o
 .text          0x0000000000000000        0x0 ./Drivers/RCC_Driver/RCC_driver.o
 .data          0x0000000000000000        0x0 ./Drivers/RCC_Driver/RCC_driver.o
 .bss           0x0000000000000000        0x0 ./Drivers/RCC_Driver/RCC_driver.o
 .data.AHB_PRESCALERS
                0x0000000000000000       0x10 ./Drivers/RCC_Driver/RCC_driver.o
 .text.getAHBClock
                0x0000000000000000       0x50 ./Drivers/RCC_Driver/RCC_driver.o
 .debug_macro   0x0000000000000000      0xa78 ./Drivers/RCC_Driver/RCC_driver.o
 .debug_macro   0x0000000000000000       0x22 ./Drivers/RCC_Driver/RCC_driver.o
 .debug_macro   0x0000000000000000       0x8e ./Drivers/RCC_Driver/RCC_driver.o
 .debug_macro   0x0000000000000000       0x51 ./Drivers/RCC_Driver/RCC_driver.o
 .debug_macro   0x0000000000000000      0x103 ./Drivers/RCC_Driver/RCC_driver.o
 .debug_macro   0x0000000000000000       0x6a ./Drivers/RCC_Driver/RCC_driver.o
 .debug_macro   0x0000000000000000      0x1df ./Drivers/RCC_Driver/RCC_driver.o
 .debug_macro   0x0000000000000000      0x174 ./Drivers/RCC_Driver/RCC_driver.o
 .debug_macro   0x0000000000000000      0xa5a ./Drivers/RCC_Driver/RCC_driver.o
 .debug_macro   0x0000000000000000       0x16 ./Drivers/RCC_Driver/RCC_driver.o
 .group         0x0000000000000000        0xc ./Drivers/SPI_DRIVER/SPI_driver.o
 .group         0x0000000000000000        0xc ./Drivers/SPI_DRIVER/SPI_driver.o
 .group         0x0000000000000000        0xc ./Drivers/SPI_DRIVER/SPI_driver.o
 .group         0x0000000000000000        0xc ./Drivers/SPI_DRIVER/SPI_driver.o
 .group         0x0000000000000000        0xc ./Drivers/SPI_DRIVER/SPI_driver.o
 .group         0x0000000000000000        0xc ./Drivers/SPI_DRIVER/SPI_driver.o
 .group         0x0000000000000000        0xc ./Drivers/SPI_DRIVER/SPI_driver.o
 .group         0x0000000000000000        0xc ./Drivers/SPI_DRIVER/SPI_driver.o
 .group         0x0000000000000000        0xc ./Drivers/SPI_DRIVER/SPI_driver.o
 .group         0x0000000000000000        0xc ./Drivers/SPI_DRIVER/SPI_driver.o
 .group         0x0000000000000000        0xc ./Drivers/SPI_DRIVER/SPI_driver.o
 .text          0x0000000000000000        0x0 ./Drivers/SPI_DRIVER/SPI_driver.o
 .data          0x0000000000000000        0x0 ./Drivers/SPI_DRIVER/SPI_driver.o
 .bss           0x0000000000000000        0x0 ./Drivers/SPI_DRIVER/SPI_driver.o
 .text.SPI_CLKCNT
                0x0000000000000000       0xe0 ./Drivers/SPI_DRIVER/SPI_driver.o
 .text.SPI_Init
                0x0000000000000000       0xa4 ./Drivers/SPI_DRIVER/SPI_driver.o
 .text.SPI_DeInit
                0x0000000000000000       0x70 ./Drivers/SPI_DRIVER/SPI_driver.o
 .text.GetFlagStatus
                0x0000000000000000       0x28 ./Drivers/SPI_DRIVER/SPI_driver.o
 .text.SPI_SendData
                0x0000000000000000       0x98 ./Drivers/SPI_DRIVER/SPI_driver.o
 .text.SPI_SendDataIT
                0x0000000000000000       0x46 ./Drivers/SPI_DRIVER/SPI_driver.o
 .text.SPI_ReceiveData
                0x0000000000000000       0x78 ./Drivers/SPI_DRIVER/SPI_driver.o
 .text.SPI_ReceiveDataIT
                0x0000000000000000       0x46 ./Drivers/SPI_DRIVER/SPI_driver.o
 .text.SPI_IRQInterruptConfig
                0x0000000000000000       0xc8 ./Drivers/SPI_DRIVER/SPI_driver.o
 .text.SPI_IRQPriorityConfig
                0x0000000000000000       0x16 ./Drivers/SPI_DRIVER/SPI_driver.o
 .text.SPI_IRQHandling
                0x0000000000000000       0x9a ./Drivers/SPI_DRIVER/SPI_driver.o
 .text.SPI_TXE_INTERRUPT_HANDLE
                0x0000000000000000       0x8c ./Drivers/SPI_DRIVER/SPI_driver.o
 .text.SPI_RXNE_INTERRUPT_HANDLE
                0x0000000000000000       0x90 ./Drivers/SPI_DRIVER/SPI_driver.o
 .text.SPI_ERR_INTERRUPT_HANDLE
                0x0000000000000000       0x36 ./Drivers/SPI_DRIVER/SPI_driver.o
 .text.SPI_Enable
                0x0000000000000000       0x36 ./Drivers/SPI_DRIVER/SPI_driver.o
 .text.SSI_Enable
                0x0000000000000000       0x36 ./Drivers/SPI_DRIVER/SPI_driver.o
 .text.SSOE_Enable
                0x0000000000000000       0x36 ./Drivers/SPI_DRIVER/SPI_driver.o
 .text.SPI_ApplicationCallBack
                0x0000000000000000       0x16 ./Drivers/SPI_DRIVER/SPI_driver.o
 .debug_info    0x0000000000000000      0x857 ./Drivers/SPI_DRIVER/SPI_driver.o
 .debug_abbrev  0x0000000000000000      0x1b7 ./Drivers/SPI_DRIVER/SPI_driver.o
 .debug_aranges
                0x0000000000000000       0xa8 ./Drivers/SPI_DRIVER/SPI_driver.o
 .debug_ranges  0x0000000000000000       0x98 ./Drivers/SPI_DRIVER/SPI_driver.o
 .debug_macro   0x0000000000000000       0x9d ./Drivers/SPI_DRIVER/SPI_driver.o
 .debug_macro   0x0000000000000000      0xa78 ./Drivers/SPI_DRIVER/SPI_driver.o
 .debug_macro   0x0000000000000000       0x22 ./Drivers/SPI_DRIVER/SPI_driver.o
 .debug_macro   0x0000000000000000       0x8e ./Drivers/SPI_DRIVER/SPI_driver.o
 .debug_macro   0x0000000000000000       0x51 ./Drivers/SPI_DRIVER/SPI_driver.o
 .debug_macro   0x0000000000000000      0x103 ./Drivers/SPI_DRIVER/SPI_driver.o
 .debug_macro   0x0000000000000000       0x6a ./Drivers/SPI_DRIVER/SPI_driver.o
 .debug_macro   0x0000000000000000      0x1df ./Drivers/SPI_DRIVER/SPI_driver.o
 .debug_macro   0x0000000000000000      0x174 ./Drivers/SPI_DRIVER/SPI_driver.o
 .debug_macro   0x0000000000000000      0xa5a ./Drivers/SPI_DRIVER/SPI_driver.o
 .debug_macro   0x0000000000000000       0xdc ./Drivers/SPI_DRIVER/SPI_driver.o
 .debug_macro   0x0000000000000000       0xc4 ./Drivers/SPI_DRIVER/SPI_driver.o
 .debug_line    0x0000000000000000      0x97a ./Drivers/SPI_DRIVER/SPI_driver.o
 .debug_str     0x0000000000000000     0x6ecf ./Drivers/SPI_DRIVER/SPI_driver.o
 .comment       0x0000000000000000       0x51 ./Drivers/SPI_DRIVER/SPI_driver.o
 .debug_frame   0x0000000000000000      0x2c8 ./Drivers/SPI_DRIVER/SPI_driver.o
 .ARM.attributes
                0x0000000000000000       0x2e ./Drivers/SPI_DRIVER/SPI_driver.o
 .group         0x0000000000000000        0xc ./Drivers/USART_Driver/USART_driver.o
 .group         0x0000000000000000        0xc ./Drivers/USART_Driver/USART_driver.o
 .group         0x0000000000000000        0xc ./Drivers/USART_Driver/USART_driver.o
 .group         0x0000000000000000        0xc ./Drivers/USART_Driver/USART_driver.o
 .group         0x0000000000000000        0xc ./Drivers/USART_Driver/USART_driver.o
 .group         0x0000000000000000        0xc ./Drivers/USART_Driver/USART_driver.o
 .group         0x0000000000000000        0xc ./Drivers/USART_Driver/USART_driver.o
 .group         0x0000000000000000        0xc ./Drivers/USART_Driver/USART_driver.o
 .group         0x0000000000000000        0xc ./Drivers/USART_Driver/USART_driver.o
 .group         0x0000000000000000        0xc ./Drivers/USART_Driver/USART_driver.o
 .group         0x0000000000000000        0xc ./Drivers/USART_Driver/USART_driver.o
 .text          0x0000000000000000        0x0 ./Drivers/USART_Driver/USART_driver.o
 .data          0x0000000000000000        0x0 ./Drivers/USART_Driver/USART_driver.o
 .bss           0x0000000000000000        0x0 ./Drivers/USART_Driver/USART_driver.o
 .text.USART_PeripheralControl
                0x0000000000000000       0x36 ./Drivers/USART_Driver/USART_driver.o
 .text.USART_ReceiveData
                0x0000000000000000       0xb0 ./Drivers/USART_Driver/USART_driver.o
 .text.USART_SendDataIT
                0x0000000000000000       0x5a ./Drivers/USART_Driver/USART_driver.o
 .text.USART_ReceiveDataIT
                0x0000000000000000       0x50 ./Drivers/USART_Driver/USART_driver.o
 .text.USART_ClearFlag
                0x0000000000000000       0x24 ./Drivers/USART_Driver/USART_driver.o
 .text.USART_IRQInterruptConfig
                0x0000000000000000      0x108 ./Drivers/USART_Driver/USART_driver.o
 .text.USART_IRQPriorityConfig
                0x0000000000000000       0x44 ./Drivers/USART_Driver/USART_driver.o
 .text.USART_IRQHandling
                0x0000000000000000      0x32a ./Drivers/USART_Driver/USART_driver.o
 .debug_macro   0x0000000000000000      0xa78 ./Drivers/USART_Driver/USART_driver.o
 .debug_macro   0x0000000000000000       0x22 ./Drivers/USART_Driver/USART_driver.o
 .debug_macro   0x0000000000000000       0x8e ./Drivers/USART_Driver/USART_driver.o
 .debug_macro   0x0000000000000000       0x51 ./Drivers/USART_Driver/USART_driver.o
 .debug_macro   0x0000000000000000      0x103 ./Drivers/USART_Driver/USART_driver.o
 .debug_macro   0x0000000000000000       0x6a ./Drivers/USART_Driver/USART_driver.o
 .debug_macro   0x0000000000000000      0x1df ./Drivers/USART_Driver/USART_driver.o
 .debug_macro   0x0000000000000000      0x174 ./Drivers/USART_Driver/USART_driver.o
 .debug_macro   0x0000000000000000      0xa5a ./Drivers/USART_Driver/USART_driver.o
 .debug_macro   0x0000000000000000       0x16 ./Drivers/USART_Driver/USART_driver.o
 .text          0x0000000000000000        0x0 ./Src/bootloader.o
 .data          0x0000000000000000        0x0 ./Src/bootloader.o
 .bss           0x0000000000000000        0x0 ./Src/bootloader.o
 .ARM.attributes
                0x0000000000000000       0x1c ./Src/bootloader.o
 .group         0x0000000000000000        0xc ./Src/firmware.o
 .group         0x0000000000000000        0xc ./Src/firmware.o
 .group         0x0000000000000000        0xc ./Src/firmware.o
 .group         0x0000000000000000        0xc ./Src/firmware.o
 .group         0x0000000000000000        0xc ./Src/firmware.o
 .group         0x0000000000000000        0xc ./Src/firmware.o
 .group         0x0000000000000000        0xc ./Src/firmware.o
 .group         0x0000000000000000        0xc ./Src/firmware.o
 .group         0x0000000000000000        0xc ./Src/firmware.o
 .group         0x0000000000000000        0xc ./Src/firmware.o
 .group         0x0000000000000000        0xc ./Src/firmware.o
 .group         0x0000000000000000        0xc ./Src/firmware.o
 .text          0x0000000000000000        0x0 ./Src/firmware.o
 .data          0x0000000000000000        0x0 ./Src/firmware.o
 .bss           0x0000000000000000        0x0 ./Src/firmware.o
 .data.data     0x0000000000000000        0x8 ./Src/firmware.o
 .debug_macro   0x0000000000000000      0xa78 ./Src/firmware.o
 .debug_macro   0x0000000000000000       0x22 ./Src/firmware.o
 .debug_macro   0x0000000000000000       0x8e ./Src/firmware.o
 .debug_macro   0x0000000000000000       0x51 ./Src/firmware.o
 .debug_macro   0x0000000000000000      0x103 ./Src/firmware.o
 .debug_macro   0x0000000000000000       0x6a ./Src/firmware.o
 .debug_macro   0x0000000000000000      0x1df ./Src/firmware.o
 .debug_macro   0x0000000000000000      0x174 ./Src/firmware.o
 .debug_macro   0x0000000000000000      0xa5a ./Src/firmware.o
 .debug_macro   0x0000000000000000      0x102 ./Src/firmware.o
 .debug_macro   0x0000000000000000       0x16 ./Src/firmware.o
 .debug_macro   0x0000000000000000       0xc4 ./Src/firmware.o
 .text          0x0000000000000000       0x14 ./Startup/startup_stm32f446retx.o
 .data          0x0000000000000000        0x0 ./Startup/startup_stm32f446retx.o
 .bss           0x0000000000000000        0x0 ./Startup/startup_stm32f446retx.o
 .text          0x0000000000000000        0x0 c:/st/stm32cubeide_1.11.2/stm32cubeide/plugins/com.st.stm32cube.ide.mcu.externaltools.gnu-tools-for-stm32.10.3-2021.10.win32_1.0.100.202210260954/tools/bin/../lib/gcc/arm-none-eabi/10.3.1/../../../../arm-none-eabi/lib/thumb/v7e-m/nofp\libc_nano.a(lib_a-exit.o)
 .data          0x0000000000000000        0x0 c:/st/stm32cubeide_1.11.2/stm32cubeide/plugins/com.st.stm32cube.ide.mcu.externaltools.gnu-tools-for-stm32.10.3-2021.10.win32_1.0.100.202210260954/tools/bin/../lib/gcc/arm-none-eabi/10.3.1/../../../../arm-none-eabi/lib/thumb/v7e-m/nofp\libc_nano.a(lib_a-exit.o)
 .bss           0x0000000000000000        0x0 c:/st/stm32cubeide_1.11.2/stm32cubeide/plugins/com.st.stm32cube.ide.mcu.externaltools.gnu-tools-for-stm32.10.3-2021.10.win32_1.0.100.202210260954/tools/bin/../lib/gcc/arm-none-eabi/10.3.1/../../../../arm-none-eabi/lib/thumb/v7e-m/nofp\libc_nano.a(lib_a-exit.o)
 .text.exit     0x0000000000000000       0x28 c:/st/stm32cubeide_1.11.2/stm32cubeide/plugins/com.st.stm32cube.ide.mcu.externaltools.gnu-tools-for-stm32.10.3-2021.10.win32_1.0.100.202210260954/tools/bin/../lib/gcc/arm-none-eabi/10.3.1/../../../../arm-none-eabi/lib/thumb/v7e-m/nofp\libc_nano.a(lib_a-exit.o)
 .debug_frame   0x0000000000000000       0x28 c:/st/stm32cubeide_1.11.2/stm32cubeide/plugins/com.st.stm32cube.ide.mcu.externaltools.gnu-tools-for-stm32.10.3-2021.10.win32_1.0.100.202210260954/tools/bin/../lib/gcc/arm-none-eabi/10.3.1/../../../../arm-none-eabi/lib/thumb/v7e-m/nofp\libc_nano.a(lib_a-exit.o)
 .ARM.attributes
                0x0000000000000000       0x2e c:/st/stm32cubeide_1.11.2/stm32cubeide/plugins/com.st.stm32cube.ide.mcu.externaltools.gnu-tools-for-stm32.10.3-2021.10.win32_1.0.100.202210260954/tools/bin/../lib/gcc/arm-none-eabi/10.3.1/../../../../arm-none-eabi/lib/thumb/v7e-m/nofp\libc_nano.a(lib_a-exit.o)
 .text          0x0000000000000000        0x0 c:/st/stm32cubeide_1.11.2/stm32cubeide/plugins/com.st.stm32cube.ide.mcu.externaltools.gnu-tools-for-stm32.10.3-2021.10.win32_1.0.100.202210260954/tools/bin/../lib/gcc/arm-none-eabi/10.3.1/../../../../arm-none-eabi/lib/thumb/v7e-m/nofp\libc_nano.a(lib_a-impure.o)
 .data          0x0000000000000000        0x0 c:/st/stm32cubeide_1.11.2/stm32cubeide/plugins/com.st.stm32cube.ide.mcu.externaltools.gnu-tools-for-stm32.10.3-2021.10.win32_1.0.100.202210260954/tools/bin/../lib/gcc/arm-none-eabi/10.3.1/../../../../arm-none-eabi/lib/thumb/v7e-m/nofp\libc_nano.a(lib_a-impure.o)
 .bss           0x0000000000000000        0x0 c:/st/stm32cubeide_1.11.2/stm32cubeide/plugins/com.st.stm32cube.ide.mcu.externaltools.gnu-tools-for-stm32.10.3-2021.10.win32_1.0.100.202210260954/tools/bin/../lib/gcc/arm-none-eabi/10.3.1/../../../../arm-none-eabi/lib/thumb/v7e-m/nofp\libc_nano.a(lib_a-impure.o)
 .data._impure_ptr
                0x0000000000000000        0x4 c:/st/stm32cubeide_1.11.2/stm32cubeide/plugins/com.st.stm32cube.ide.mcu.externaltools.gnu-tools-for-stm32.10.3-2021.10.win32_1.0.100.202210260954/tools/bin/../lib/gcc/arm-none-eabi/10.3.1/../../../../arm-none-eabi/lib/thumb/v7e-m/nofp\libc_nano.a(lib_a-impure.o)
 .data.impure_data
                0x0000000000000000       0x60 c:/st/stm32cubeide_1.11.2/stm32cubeide/plugins/com.st.stm32cube.ide.mcu.externaltools.gnu-tools-for-stm32.10.3-2021.10.win32_1.0.100.202210260954/tools/bin/../lib/gcc/arm-none-eabi/10.3.1/../../../../arm-none-eabi/lib/thumb/v7e-m/nofp\libc_nano.a(lib_a-impure.o)
 .rodata._global_impure_ptr
                0x0000000000000000        0x4 c:/st/stm32cubeide_1.11.2/stm32cubeide/plugins/com.st.stm32cube.ide.mcu.externaltools.gnu-tools-for-stm32.10.3-2021.10.win32_1.0.100.202210260954/tools/bin/../lib/gcc/arm-none-eabi/10.3.1/../../../../arm-none-eabi/lib/thumb/v7e-m/nofp\libc_nano.a(lib_a-impure.o)
 .ARM.attributes
                0x0000000000000000       0x2e c:/st/stm32cubeide_1.11.2/stm32cubeide/plugins/com.st.stm32cube.ide.mcu.externaltools.gnu-tools-for-stm32.10.3-2021.10.win32_1.0.100.202210260954/tools/bin/../lib/gcc/arm-none-eabi/10.3.1/../../../../arm-none-eabi/lib/thumb/v7e-m/nofp\libc_nano.a(lib_a-impure.o)
 .text          0x0000000000000000        0x0 c:/st/stm32cubeide_1.11.2/stm32cubeide/plugins/com.st.stm32cube.ide.mcu.externaltools.gnu-tools-for-stm32.10.3-2021.10.win32_1.0.100.202210260954/tools/bin/../lib/gcc/arm-none-eabi/10.3.1/../../../../arm-none-eabi/lib/thumb/v7e-m/nofp\libc_nano.a(lib_a-init.o)
 .data          0x0000000000000000        0x0 c:/st/stm32cubeide_1.11.2/stm32cubeide/plugins/com.st.stm32cube.ide.mcu.externaltools.gnu-tools-for-stm32.10.3-2021.10.win32_1.0.100.202210260954/tools/bin/../lib/gcc/arm-none-eabi/10.3.1/../../../../arm-none-eabi/lib/thumb/v7e-m/nofp\libc_nano.a(lib_a-init.o)
 .bss           0x0000000000000000        0x0 c:/st/stm32cubeide_1.11.2/stm32cubeide/plugins/com.st.stm32cube.ide.mcu.externaltools.gnu-tools-for-stm32.10.3-2021.10.win32_1.0.100.202210260954/tools/bin/../lib/gcc/arm-none-eabi/10.3.1/../../../../arm-none-eabi/lib/thumb/v7e-m/nofp\libc_nano.a(lib_a-init.o)
 .text          0x0000000000000000        0x0 c:/st/stm32cubeide_1.11.2/stm32cubeide/plugins/com.st.stm32cube.ide.mcu.externaltools.gnu-tools-for-stm32.10.3-2021.10.win32_1.0.100.202210260954/tools/bin/../lib/gcc/arm-none-eabi/10.3.1/../../../../arm-none-eabi/lib/thumb/v7e-m/nofp\libc_nano.a(lib_a-memset.o)
 .data          0x0000000000000000        0x0 c:/st/stm32cubeide_1.11.2/stm32cubeide/plugins/com.st.stm32cube.ide.mcu.externaltools.gnu-tools-for-stm32.10.3-2021.10.win32_1.0.100.202210260954/tools/bin/../lib/gcc/arm-none-eabi/10.3.1/../../../../arm-none-eabi/lib/thumb/v7e-m/nofp\libc_nano.a(lib_a-memset.o)
 .bss           0x0000000000000000        0x0 c:/st/stm32cubeide_1.11.2/stm32cubeide/plugins/com.st.stm32cube.ide.mcu.externaltools.gnu-tools-for-stm32.10.3-2021.10.win32_1.0.100.202210260954/tools/bin/../lib/gcc/arm-none-eabi/10.3.1/../../../../arm-none-eabi/lib/thumb/v7e-m/nofp\libc_nano.a(lib_a-memset.o)
 .text.memset   0x0000000000000000       0x10 c:/st/stm32cubeide_1.11.2/stm32cubeide/plugins/com.st.stm32cube.ide.mcu.externaltools.gnu-tools-for-stm32.10.3-2021.10.win32_1.0.100.202210260954/tools/bin/../lib/gcc/arm-none-eabi/10.3.1/../../../../arm-none-eabi/lib/thumb/v7e-m/nofp\libc_nano.a(lib_a-memset.o)
 .debug_frame   0x0000000000000000       0x20 c:/st/stm32cubeide_1.11.2/stm32cubeide/plugins/com.st.stm32cube.ide.mcu.externaltools.gnu-tools-for-stm32.10.3-2021.10.win32_1.0.100.202210260954/tools/bin/../lib/gcc/arm-none-eabi/10.3.1/../../../../arm-none-eabi/lib/thumb/v7e-m/nofp\libc_nano.a(lib_a-memset.o)
 .ARM.attributes
                0x0000000000000000       0x2e c:/st/stm32cubeide_1.11.2/stm32cubeide/plugins/com.st.stm32cube.ide.mcu.externaltools.gnu-tools-for-stm32.10.3-2021.10.win32_1.0.100.202210260954/tools/bin/../lib/gcc/arm-none-eabi/10.3.1/../../../../arm-none-eabi/lib/thumb/v7e-m/nofp\libc_nano.a(lib_a-memset.o)
 .text          0x0000000000000000        0x0 c:/st/stm32cubeide_1.11.2/stm32cubeide/plugins/com.st.stm32cube.ide.mcu.externaltools.gnu-tools-for-stm32.10.3-2021.10.win32_1.0.100.202210260954/tools/bin/../lib/gcc/arm-none-eabi/10.3.1/../../../../arm-none-eabi/lib/thumb/v7e-m/nofp\libnosys.a(_exit.o)
 .data          0x0000000000000000        0x0 c:/st/stm32cubeide_1.11.2/stm32cubeide/plugins/com.st.stm32cube.ide.mcu.externaltools.gnu-tools-for-stm32.10.3-2021.10.win32_1.0.100.202210260954/tools/bin/../lib/gcc/arm-none-eabi/10.3.1/../../../../arm-none-eabi/lib/thumb/v7e-m/nofp\libnosys.a(_exit.o)
 .bss           0x0000000000000000        0x0 c:/st/stm32cubeide_1.11.2/stm32cubeide/plugins/com.st.stm32cube.ide.mcu.externaltools.gnu-tools-for-stm32.10.3-2021.10.win32_1.0.100.202210260954/tools/bin/../lib/gcc/arm-none-eabi/10.3.1/../../../../arm-none-eabi/lib/thumb/v7e-m/nofp\libnosys.a(_exit.o)
 .text._exit    0x0000000000000000        0x2 c:/st/stm32cubeide_1.11.2/stm32cubeide/plugins/com.st.stm32cube.ide.mcu.externaltools.gnu-tools-for-stm32.10.3-2021.10.win32_1.0.100.202210260954/tools/bin/../lib/gcc/arm-none-eabi/10.3.1/../../../../arm-none-eabi/lib/thumb/v7e-m/nofp\libnosys.a(_exit.o)
 .debug_frame   0x0000000000000000       0x20 c:/st/stm32cubeide_1.11.2/stm32cubeide/plugins/com.st.stm32cube.ide.mcu.externaltools.gnu-tools-for-stm32.10.3-2021.10.win32_1.0.100.202210260954/tools/bin/../lib/gcc/arm-none-eabi/10.3.1/../../../../arm-none-eabi/lib/thumb/v7e-m/nofp\libnosys.a(_exit.o)
 .ARM.attributes
                0x0000000000000000       0x2e c:/st/stm32cubeide_1.11.2/stm32cubeide/plugins/com.st.stm32cube.ide.mcu.externaltools.gnu-tools-for-stm32.10.3-2021.10.win32_1.0.100.202210260954/tools/bin/../lib/gcc/arm-none-eabi/10.3.1/../../../../arm-none-eabi/lib/thumb/v7e-m/nofp\libnosys.a(_exit.o)
 .text          0x0000000000000000        0x0 c:/st/stm32cubeide_1.11.2/stm32cubeide/plugins/com.st.stm32cube.ide.mcu.externaltools.gnu-tools-for-stm32.10.3-2021.10.win32_1.0.100.202210260954/tools/bin/../lib/gcc/arm-none-eabi/10.3.1/thumb/v7e-m/nofp/crtend.o
 .data          0x0000000000000000        0x0 c:/st/stm32cubeide_1.11.2/stm32cubeide/plugins/com.st.stm32cube.ide.mcu.externaltools.gnu-tools-for-stm32.10.3-2021.10.win32_1.0.100.202210260954/tools/bin/../lib/gcc/arm-none-eabi/10.3.1/thumb/v7e-m/nofp/crtend.o
 .bss           0x0000000000000000        0x0 c:/st/stm32cubeide_1.11.2/stm32cubeide/plugins/com.st.stm32cube.ide.mcu.externaltools.gnu-tools-for-stm32.10.3-2021.10.win32_1.0.100.202210260954/tools/bin/../lib/gcc/arm-none-eabi/10.3.1/thumb/v7e-m/nofp/crtend.o
 .rodata        0x0000000000000000       0x24 c:/st/stm32cubeide_1.11.2/stm32cubeide/plugins/com.st.stm32cube.ide.mcu.externaltools.gnu-tools-for-stm32.10.3-2021.10.win32_1.0.100.202210260954/tools/bin/../lib/gcc/arm-none-eabi/10.3.1/thumb/v7e-m/nofp/crtend.o
 .eh_frame      0x0000000000000000        0x4 c:/st/stm32cubeide_1.11.2/stm32cubeide/plugins/com.st.stm32cube.ide.mcu.externaltools.gnu-tools-for-stm32.10.3-2021.10.win32_1.0.100.202210260954/tools/bin/../lib/gcc/arm-none-eabi/10.3.1/thumb/v7e-m/nofp/crtend.o
 .ARM.attributes
                0x0000000000000000       0x2e c:/st/stm32cubeide_1.11.2/stm32cubeide/plugins/com.st.stm32cube.ide.mcu.externaltools.gnu-tools-for-stm32.10.3-2021.10.win32_1.0.100.202210260954/tools/bin/../lib/gcc/arm-none-eabi/10.3.1/thumb/v7e-m/nofp/crtend.o
 .text          0x0000000000000000        0x0 c:/st/stm32cubeide_1.11.2/stm32cubeide/plugins/com.st.stm32cube.ide.mcu.externaltools.gnu-tools-for-stm32.10.3-2021.10.win32_1.0.100.202210260954/tools/bin/../lib/gcc/arm-none-eabi/10.3.1/thumb/v7e-m/nofp/crtn.o
 .data          0x0000000000000000        0x0 c:/st/stm32cubeide_1.11.2/stm32cubeide/plugins/com.st.stm32cube.ide.mcu.externaltools.gnu-tools-for-stm32.10.3-2021.10.win32_1.0.100.202210260954/tools/bin/../lib/gcc/arm-none-eabi/10.3.1/thumb/v7e-m/nofp/crtn.o
 .bss           0x0000000000000000        0x0 c:/st/stm32cubeide_1.11.2/stm32cubeide/plugins/com.st.stm32cube.ide.mcu.externaltools.gnu-tools-for-stm32.10.3-2021.10.win32_1.0.100.202210260954/tools/bin/../lib/gcc/arm-none-eabi/10.3.1/thumb/v7e-m/nofp/crtn.o

Memory Configuration

Name             Origin             Length             Attributes
RAM              0x0000000020000000 0x0000000000020000 xrw
FLASH            0x0000000008000000 0x0000000000080000 xr
*default*        0x0000000000000000 0xffffffffffffffff

Linker script and memory map

LOAD c:/st/stm32cubeide_1.11.2/stm32cubeide/plugins/com.st.stm32cube.ide.mcu.externaltools.gnu-tools-for-stm32.10.3-2021.10.win32_1.0.100.202210260954/tools/bin/../lib/gcc/arm-none-eabi/10.3.1/thumb/v7e-m/nofp/crti.o
LOAD c:/st/stm32cubeide_1.11.2/stm32cubeide/plugins/com.st.stm32cube.ide.mcu.externaltools.gnu-tools-for-stm32.10.3-2021.10.win32_1.0.100.202210260954/tools/bin/../lib/gcc/arm-none-eabi/10.3.1/thumb/v7e-m/nofp/crtbegin.o
LOAD c:/st/stm32cubeide_1.11.2/stm32cubeide/plugins/com.st.stm32cube.ide.mcu.externaltools.gnu-tools-for-stm32.10.3-2021.10.win32_1.0.100.202210260954/tools/bin/../lib/gcc/arm-none-eabi/10.3.1/../../../../arm-none-eabi/lib/thumb/v7e-m/nofp/crt0.o
LOAD ./BSP/bsp.o
LOAD ./Drivers/GPIO_DRIVERS/GPIO_driver.o
LOAD ./Drivers/I2C_Driver/I2C_Driver.o
LOAD ./Drivers/RCC_Driver/RCC_driver.o
LOAD ./Drivers/SPI_DRIVER/SPI_driver.o
LOAD ./Drivers/USART_Driver/USART_driver.o
LOAD ./Src/bootloader.o
LOAD ./Src/firmware.o
LOAD ./Startup/startup_stm32f446retx.o
START GROUP
LOAD c:/st/stm32cubeide_1.11.2/stm32cubeide/plugins/com.st.stm32cube.ide.mcu.externaltools.gnu-tools-for-stm32.10.3-2021.10.win32_1.0.100.202210260954/tools/bin/../lib/gcc/arm-none-eabi/10.3.1/../../../../arm-none-eabi/lib/thumb/v7e-m/nofp\libc_nano.a
LOAD c:/st/stm32cubeide_1.11.2/stm32cubeide/plugins/com.st.stm32cube.ide.mcu.externaltools.gnu-tools-for-stm32.10.3-2021.10.win32_1.0.100.202210260954/tools/bin/../lib/gcc/arm-none-eabi/10.3.1/../../../../arm-none-eabi/lib/thumb/v7e-m/nofp\libm.a
END GROUP
START GROUP
LOAD c:/st/stm32cubeide_1.11.2/stm32cubeide/plugins/com.st.stm32cube.ide.mcu.externaltools.gnu-tools-for-stm32.10.3-2021.10.win32_1.0.100.202210260954/tools/bin/../lib/gcc/arm-none-eabi/10.3.1/thumb/v7e-m/nofp\libgcc.a
LOAD c:/st/stm32cubeide_1.11.2/stm32cubeide/plugins/com.st.stm32cube.ide.mcu.externaltools.gnu-tools-for-stm32.10.3-2021.10.win32_1.0.100.202210260954/tools/bin/../lib/gcc/arm-none-eabi/10.3.1/../../../../arm-none-eabi/lib/thumb/v7e-m/nofp\libc_nano.a
END GROUP
START GROUP
LOAD c:/st/stm32cubeide_1.11.2/stm32cubeide/plugins/com.st.stm32cube.ide.mcu.externaltools.gnu-tools-for-stm32.10.3-2021.10.win32_1.0.100.202210260954/tools/bin/../lib/gcc/arm-none-eabi/10.3.1/thumb/v7e-m/nofp\libgcc.a
LOAD c:/st/stm32cubeide_1.11.2/stm32cubeide/plugins/com.st.stm32cube.ide.mcu.externaltools.gnu-tools-for-stm32.10.3-2021.10.win32_1.0.100.202210260954/tools/bin/../lib/gcc/arm-none-eabi/10.3.1/../../../../arm-none-eabi/lib/thumb/v7e-m/nofp\libc_nano.a
LOAD c:/st/stm32cubeide_1.11.2/stm32cubeide/plugins/com.st.stm32cube.ide.mcu.externaltools.gnu-tools-for-stm32.10.3-2021.10.win32_1.0.100.202210260954/tools/bin/../lib/gcc/arm-none-eabi/10.3.1/../../../../arm-none-eabi/lib/thumb/v7e-m/nofp\libnosys.a
END GROUP
START GROUP
LOAD c:/st/stm32cubeide_1.11.2/stm32cubeide/plugins/com.st.stm32cube.ide.mcu.externaltools.gnu-tools-for-stm32.10.3-2021.10.win32_1.0.100.202210260954/tools/bin/../lib/gcc/arm-none-eabi/10.3.1/thumb/v7e-m/nofp\libgcc.a
LOAD c:/st/stm32cubeide_1.11.2/stm32cubeide/plugins/com.st.stm32cube.ide.mcu.externaltools.gnu-tools-for-stm32.10.3-2021.10.win32_1.0.100.202210260954/tools/bin/../lib/gcc/arm-none-eabi/10.3.1/../../../../arm-none-eabi/lib/thumb/v7e-m/nofp\libc_nano.a
LOAD c:/st/stm32cubeide_1.11.2/stm32cubeide/plugins/com.st.stm32cube.ide.mcu.externaltools.gnu-tools-for-stm32.10.3-2021.10.win32_1.0.100.202210260954/tools/bin/../lib/gcc/arm-none-eabi/10.3.1/../../../../arm-none-eabi/lib/thumb/v7e-m/nofp\libnosys.a
END GROUP
LOAD c:/st/stm32cubeide_1.11.2/stm32cubeide/plugins/com.st.stm32cube.ide.mcu.externaltools.gnu-tools-for-stm32.10.3-2021.10.win32_1.0.100.202210260954/tools/bin/../lib/gcc/arm-none-eabi/10.3.1/thumb/v7e-m/nofp/crtend.o
LOAD c:/st/stm32cubeide_1.11.2/stm32cubeide/plugins/com.st.stm32cube.ide.mcu.externaltools.gnu-tools-for-stm32.10.3-2021.10.win32_1.0.100.202210260954/tools/bin/../lib/gcc/arm-none-eabi/10.3.1/thumb/v7e-m/nofp/crtn.o
                0x0000000020020000                _estack = (ORIGIN (RAM) + LENGTH (RAM))
                0x0000000000000200                _Min_Heap_Size = 0x200
                0x0000000000000400                _Min_Stack_Size = 0x400

.BootLoader_section
                0x0000000008000000     0x8000
                0x0000000008000000                . = ALIGN (0x4)
 *(.BootLoader_section)
 .BootLoader_section
                0x0000000008000000     0x8000 ./Src/bootloader.o
                0x0000000008008000                . = ALIGN (0x4)

.isr_vector     0x0000000008000000      0x1c4
                0x0000000008000000                . = ALIGN (0x4)
 *(.isr_vector)
 .isr_vector    0x0000000008000000      0x1c4 ./Startup/startup_stm32f446retx.o
                0x0000000008000000                g_pfnVectors
                0x00000000080001c4                . = ALIGN (0x4)

.text           0x00000000080001c4      0xdc0
                0x00000000080001c4                . = ALIGN (0x4)
 *(.text)
 .text          0x00000000080001c4       0x40 c:/st/stm32cubeide_1.11.2/stm32cubeide/plugins/com.st.stm32cube.ide.mcu.externaltools.gnu-tools-for-stm32.10.3-2021.10.win32_1.0.100.202210260954/tools/bin/../lib/gcc/arm-none-eabi/10.3.1/thumb/v7e-m/nofp/crtbegin.o
 *(.text*)
 .text.USART_GPIOInit
                0x0000000008000204       0x5a ./BSP/bsp.o
                0x0000000008000204                USART_GPIOInit
 .text.GPIO_ButtonInitIT
                0x000000000800025e       0x44 ./BSP/bsp.o
                0x000000000800025e                GPIO_ButtonInitIT
 *fill*         0x00000000080002a2        0x2 
 .text.GPIO_CLKCNT
                0x00000000080002a4      0x1a0 ./Drivers/GPIO_DRIVERS/GPIO_driver.o
                0x00000000080002a4                GPIO_CLKCNT
 .text.GPIO_PORTCODE
                0x0000000008000444       0x2a ./Drivers/GPIO_DRIVERS/GPIO_driver.o
                0x0000000008000444                GPIO_PORTCODE
 *fill*         0x000000000800046e        0x2 
 .text.GPIO_Init
                0x0000000008000470      0x2a8 ./Drivers/GPIO_DRIVERS/GPIO_driver.o
                0x0000000008000470                GPIO_Init
 .text.GPIO_ReadFromInputPin
                0x0000000008000718       0x2a ./Drivers/GPIO_DRIVERS/GPIO_driver.o
                0x0000000008000718                GPIO_ReadFromInputPin
 *fill*         0x0000000008000742        0x2 
 .text.GPIO_IRQInterruptConfig
                0x0000000008000744      0x108 ./Drivers/GPIO_DRIVERS/GPIO_driver.o
                0x0000000008000744                GPIO_IRQInterruptConfig
 .text.getSystemClock
                0x000000000800084c       0xe0 ./Drivers/RCC_Driver/RCC_driver.o
                0x000000000800084c                getSystemClock
 .text.getAPBClock
                0x000000000800092c       0x8c ./Drivers/RCC_Driver/RCC_driver.o
                0x000000000800092c                getAPBClock
 .text.USART_SetBaudRate
                0x00000000080009b8       0xec ./Drivers/USART_Driver/USART_driver.o
                0x00000000080009b8                USART_SetBaudRate
 .text.USART_Init
                0x0000000008000aa4      0x116 ./Drivers/USART_Driver/USART_driver.o
                0x0000000008000aa4                USART_Init
 *fill*         0x0000000008000bba        0x2 
 .text.USART_PeriClockControl
                0x0000000008000bbc       0xbc ./Drivers/USART_Driver/USART_driver.o
                0x0000000008000bbc                USART_PeriClockControl
 .text.USART_GetFlagStatus
                0x0000000008000c78       0x28 ./Drivers/USART_Driver/USART_driver.o
                0x0000000008000c78                USART_GetFlagStatus
 .text.USART_SendData
                0x0000000008000ca0       0x9c ./Drivers/USART_Driver/USART_driver.o
                0x0000000008000ca0                USART_SendData
 .text.main     0x0000000008000d3c       0x70 ./Src/firmware.o
                0x0000000008000d3c                main
 .text.USART_setup
                0x0000000008000dac       0x64 ./Src/firmware.o
 .text.EXTI15_10_IRQHandler
                0x0000000008000e10       0x80 ./Src/firmware.o
                0x0000000008000e10                EXTI15_10_IRQHandler
 .text.USART2_IRQHandler
                0x0000000008000e90       0x40 ./Src/firmware.o
                0x0000000008000e90                USART2_IRQHandler
 .text.Reset_Handler
                0x0000000008000ed0       0x50 ./Startup/startup_stm32f446retx.o
                0x0000000008000ed0                Reset_Handler
 .text.Default_Handler
                0x0000000008000f20        0x2 ./Startup/startup_stm32f446retx.o
                0x0000000008000f20                RTC_Alarm_IRQHandler
                0x0000000008000f20                EXTI2_IRQHandler
                0x0000000008000f20                TIM8_CC_IRQHandler
                0x0000000008000f20                SPDIF_Rx_IRQHandler
                0x0000000008000f20                DebugMon_Handler
                0x0000000008000f20                SPI4_IRQHandler
                0x0000000008000f20                TIM1_CC_IRQHandler
                0x0000000008000f20                QuadSPI_IRQHandler
                0x0000000008000f20                DMA2_Stream5_IRQHandler
                0x0000000008000f20                HardFault_Handler
                0x0000000008000f20                DMA1_Stream5_IRQHandler
                0x0000000008000f20                SysTick_Handler
                0x0000000008000f20                PVD_IRQHandler
                0x0000000008000f20                SDIO_IRQHandler
                0x0000000008000f20                TAMP_STAMP_IRQHandler
                0x0000000008000f20                PendSV_Handler
                0x0000000008000f20                NMI_Handler
                0x0000000008000f20                CAN2_RX1_IRQHandler
                0x0000000008000f20                EXTI3_IRQHandler
                0x0000000008000f20                TIM8_TRG_COM_TIM14_IRQHandler
                0x0000000008000f20                TIM1_UP_TIM10_IRQHandler
                0x0000000008000f20                FMPI2C1_error_IRQHandler
                0x0000000008000f20                TIM8_UP_TIM13_IRQHandler
                0x0000000008000f20                I2C3_ER_IRQHandler
                0x0000000008000f20                EXTI0_IRQHandler
                0x0000000008000f20                I2C2_EV_IRQHandler
                0x0000000008000f20                DMA1_Stream2_IRQHandler
                0x0000000008000f20                CAN1_RX0_IRQHandler
                0x0000000008000f20                OTG_HS_WKUP_IRQHandler
                0x0000000008000f20                UsageFault_Handler
                0x0000000008000f20                CAN2_SCE_IRQHandler
                0x0000000008000f20                DMA2_Stream2_IRQHandler
                0x0000000008000f20                SPI1_IRQHandler
                0x0000000008000f20                TIM6_DAC_IRQHandler
                0x0000000008000f20                TIM1_BRK_TIM9_IRQHandler
                0x0000000008000f20                DCMI_IRQHandler
                0x0000000008000f20                CAN2_RX0_IRQHandler
                0x0000000008000f20                DMA2_Stream3_IRQHandler
                0x0000000008000f20                FMPI2C1_IRQHandler
                0x0000000008000f20                SAI2_IRQHandler
                0x0000000008000f20                USART6_IRQHandler
                0x0000000008000f20                USART3_IRQHandler
                0x0000000008000f20                CAN1_RX1_IRQHandler
                0x0000000008000f20                UART5_IRQHandler
                0x0000000008000f20                DMA2_Stream0_IRQHandler
                0x0000000008000f20                TIM4_IRQHandler
                0x0000000008000f20                I2C1_EV_IRQHandler
                0x0000000008000f20                HDMI_CEC_IRQHandler
                0x0000000008000f20                DMA1_Stream6_IRQHandler
                0x0000000008000f20                DMA1_Stream1_IRQHandler
                0x0000000008000f20                UART4_IRQHandler
                0x0000000008000f20                TIM3_IRQHandler
                0x0000000008000f20                RCC_IRQHandler
                0x0000000008000f20                TIM8_BRK_TIM12_IRQHandler
                0x0000000008000f20                Default_Handler
                0x0000000008000f20                ADC_IRQHandler
                0x0000000008000f20                DMA1_Stream7_IRQHandler
                0x0000000008000f20                TIM7_IRQHandler
                0x0000000008000f20                CAN2_TX_IRQHandler
                0x0000000008000f20                TIM5_IRQHandler
                0x0000000008000f20                DMA2_Stream7_IRQHandler
                0x0000000008000f20                I2C3_EV_IRQHandler
                0x0000000008000f20                EXTI9_5_IRQHandler
                0x0000000008000f20                RTC_WKUP_IRQHandler
                0x0000000008000f20                SPI2_IRQHandler
                0x0000000008000f20                OTG_HS_EP1_IN_IRQHandler
                0x0000000008000f20                MemManage_Handler
                0x0000000008000f20                DMA1_Stream0_IRQHandler
                0x0000000008000f20                CAN1_TX_IRQHandler
                0x0000000008000f20                SVC_Handler
                0x0000000008000f20                EXTI4_IRQHandler
                0x0000000008000f20                OTG_HS_EP1_OUT_IRQHandler
                0x0000000008000f20                WWDG_IRQHandler
                0x0000000008000f20                TIM2_IRQHandler
                0x0000000008000f20                OTG_FS_WKUP_IRQHandler
                0x0000000008000f20                TIM1_TRG_COM_TIM11_IRQHandler
                0x0000000008000f20                OTG_HS_IRQHandler
                0x0000000008000f20                EXTI1_IRQHandler
                0x0000000008000f20                I2C2_ER_IRQHandler
                0x0000000008000f20                DMA2_Stream1_IRQHandler
                0x0000000008000f20                CAN1_SCE_IRQHandler
                0x0000000008000f20                FLASH_IRQHandler
                0x0000000008000f20                DMA2_Stream4_IRQHandler
                0x0000000008000f20                BusFault_Handler
                0x0000000008000f20                USART1_IRQHandler
                0x0000000008000f20                OTG_FS_IRQHandler
                0x0000000008000f20                SPI3_IRQHandler
                0x0000000008000f20                DMA1_Stream4_IRQHandler
                0x0000000008000f20                I2C1_ER_IRQHandler
                0x0000000008000f20                FMC_IRQHandler
                0x0000000008000f20                DMA2_Stream6_IRQHandler
                0x0000000008000f20                SAI1_IRQHandler
                0x0000000008000f20                DMA1_Stream3_IRQHandler
 *fill*         0x0000000008000f22        0x2 
 .text.__libc_init_array
                0x0000000008000f24       0x48 c:/st/stm32cubeide_1.11.2/stm32cubeide/plugins/com.st.stm32cube.ide.mcu.externaltools.gnu-tools-for-stm32.10.3-2021.10.win32_1.0.100.202210260954/tools/bin/../lib/gcc/arm-none-eabi/10.3.1/../../../../arm-none-eabi/lib/thumb/v7e-m/nofp\libc_nano.a(lib_a-init.o)
                0x0000000008000f24                __libc_init_array
 *(.glue_7)
 .glue_7        0x0000000008000f6c        0x0 linker stubs
 *(.glue_7t)
 .glue_7t       0x0000000008000f6c        0x0 linker stubs
 *(.eh_frame)
 .eh_frame      0x0000000008000f6c        0x0 c:/st/stm32cubeide_1.11.2/stm32cubeide/plugins/com.st.stm32cube.ide.mcu.externaltools.gnu-tools-for-stm32.10.3-2021.10.win32_1.0.100.202210260954/tools/bin/../lib/gcc/arm-none-eabi/10.3.1/thumb/v7e-m/nofp/crtbegin.o
 *(.init)
 .init          0x0000000008000f6c        0x4 c:/st/stm32cubeide_1.11.2/stm32cubeide/plugins/com.st.stm32cube.ide.mcu.externaltools.gnu-tools-for-stm32.10.3-2021.10.win32_1.0.100.202210260954/tools/bin/../lib/gcc/arm-none-eabi/10.3.1/thumb/v7e-m/nofp/crti.o
                0x0000000008000f6c                _init
 .init          0x0000000008000f70        0x8 c:/st/stm32cubeide_1.11.2/stm32cubeide/plugins/com.st.stm32cube.ide.mcu.externaltools.gnu-tools-for-stm32.10.3-2021.10.win32_1.0.100.202210260954/tools/bin/../lib/gcc/arm-none-eabi/10.3.1/thumb/v7e-m/nofp/crtn.o
 *(.fini)
 .fini          0x0000000008000f78        0x4 c:/st/stm32cubeide_1.11.2/stm32cubeide/plugins/com.st.stm32cube.ide.mcu.externaltools.gnu-tools-for-stm32.10.3-2021.10.win32_1.0.100.202210260954/tools/bin/../lib/gcc/arm-none-eabi/10.3.1/thumb/v7e-m/nofp/crti.o
                0x0000000008000f78                _fini
 .fini          0x0000000008000f7c        0x8 c:/st/stm32cubeide_1.11.2/stm32cubeide/plugins/com.st.stm32cube.ide.mcu.externaltools.gnu-tools-for-stm32.10.3-2021.10.win32_1.0.100.202210260954/tools/bin/../lib/gcc/arm-none-eabi/10.3.1/thumb/v7e-m/nofp/crtn.o
                0x0000000008000f84                . = ALIGN (0x4)
                0x0000000008000f84                _etext = .

.vfp11_veneer   0x0000000008000f84        0x0
 .vfp11_veneer  0x0000000008000f84        0x0 linker stubs

.v4_bx          0x0000000008000f84        0x0
 .v4_bx         0x0000000008000f84        0x0 linker stubs

.iplt           0x0000000008000f84        0x0
 .iplt          0x0000000008000f84        0x0 c:/st/stm32cubeide_1.11.2/stm32cubeide/plugins/com.st.stm32cube.ide.mcu.externaltools.gnu-tools-for-stm32.10.3-2021.10.win32_1.0.100.202210260954/tools/bin/../lib/gcc/arm-none-eabi/10.3.1/thumb/v7e-m/nofp/crtbegin.o

.rel.dyn        0x0000000008000f84        0x0
 .rel.iplt      0x0000000008000f84        0x0 c:/st/stm32cubeide_1.11.2/stm32cubeide/plugins/com.st.stm32cube.ide.mcu.externaltools.gnu-tools-for-stm32.10.3-2021.10.win32_1.0.100.202210260954/tools/bin/../lib/gcc/arm-none-eabi/10.3.1/thumb/v7e-m/nofp/crtbegin.o

.rodata         0x0000000008000f84        0x0
                0x0000000008000f84                . = ALIGN (0x4)
 *(.rodata)
 *(.rodata*)
                0x0000000008000f84                . = ALIGN (0x4)

.ARM.extab      0x0000000008000f84        0x0
                0x0000000008000f84                . = ALIGN (0x4)
 *(.ARM.extab* .gnu.linkonce.armextab.*)
                0x0000000008000f84                . = ALIGN (0x4)

.ARM            0x0000000008000f84        0x0
                0x0000000008000f84                . = ALIGN (0x4)
                0x0000000008000f84                __exidx_start = .
 *(.ARM.exidx*)
                0x0000000008000f84                __exidx_end = .
                0x0000000008000f84                . = ALIGN (0x4)

.preinit_array  0x0000000008000f84        0x0
                0x0000000008000f84                . = ALIGN (0x4)
                0x0000000008000f84                PROVIDE (__preinit_array_start = .)
 *(.preinit_array*)
                0x0000000008000f84                PROVIDE (__preinit_array_end = .)
                0x0000000008000f84                . = ALIGN (0x4)

.init_array     0x0000000008000f84        0x4
                0x0000000008000f84                . = ALIGN (0x4)
                0x0000000008000f84                PROVIDE (__init_array_start = .)
 *(SORT_BY_NAME(.init_array.*))
 *(.init_array*)
 .init_array    0x0000000008000f84        0x4 c:/st/stm32cubeide_1.11.2/stm32cubeide/plugins/com.st.stm32cube.ide.mcu.externaltools.gnu-tools-for-stm32.10.3-2021.10.win32_1.0.100.202210260954/tools/bin/../lib/gcc/arm-none-eabi/10.3.1/thumb/v7e-m/nofp/crtbegin.o
                0x0000000008000f88                PROVIDE (__init_array_end = .)
                0x0000000008000f88                . = ALIGN (0x4)

.fini_array     0x0000000008000f88        0x4
                0x0000000008000f88                . = ALIGN (0x4)
                [!provide]                        PROVIDE (__fini_array_start = .)
 *(SORT_BY_NAME(.fini_array.*))
 *(.fini_array*)
 .fini_array    0x0000000008000f88        0x4 c:/st/stm32cubeide_1.11.2/stm32cubeide/plugins/com.st.stm32cube.ide.mcu.externaltools.gnu-tools-for-stm32.10.3-2021.10.win32_1.0.100.202210260954/tools/bin/../lib/gcc/arm-none-eabi/10.3.1/thumb/v7e-m/nofp/crtbegin.o
                [!provide]                        PROVIDE (__fini_array_end = .)
                0x0000000008000f8c                . = ALIGN (0x4)
                0x0000000008000f8c                _sidata = LOADADDR (.data)

.data           0x0000000020000000        0x8 load address 0x0000000008000f8c
                0x0000000020000000                . = ALIGN (0x4)
                0x0000000020000000                _sdata = .
 *(.data)
 *(.data*)
 .data.APB_PRESCALERS
                0x0000000020000000        0x8 ./Drivers/RCC_Driver/RCC_driver.o
                0x0000000020000000                APB_PRESCALERS
 *(.RamFunc)
 *(.RamFunc*)
                0x0000000020000008                . = ALIGN (0x4)
                0x0000000020000008                _edata = .

.igot.plt       0x0000000020000008        0x0 load address 0x0000000008000f94
 .igot.plt      0x0000000020000008        0x0 c:/st/stm32cubeide_1.11.2/stm32cubeide/plugins/com.st.stm32cube.ide.mcu.externaltools.gnu-tools-for-stm32.10.3-2021.10.win32_1.0.100.202210260954/tools/bin/../lib/gcc/arm-none-eabi/10.3.1/thumb/v7e-m/nofp/crtbegin.o
                0x0000000020000008                . = ALIGN (0x4)

.bss            0x0000000020000008       0xb4 load address 0x0000000008000f94
                0x0000000020000008                _sbss = .
                0x0000000020000008                __bss_start__ = _sbss
 *(.bss)
 .bss           0x0000000020000008       0x1c c:/st/stm32cubeide_1.11.2/stm32cubeide/plugins/com.st.stm32cube.ide.mcu.externaltools.gnu-tools-for-stm32.10.3-2021.10.win32_1.0.100.202210260954/tools/bin/../lib/gcc/arm-none-eabi/10.3.1/thumb/v7e-m/nofp/crtbegin.o
 *(.bss*)
 .bss.Ring      0x0000000020000024       0x66 ./Src/firmware.o
                0x0000000020000024                Ring
 *fill*         0x000000002000008a        0x2 
 .bss.USART     0x000000002000008c       0x24 ./Src/firmware.o
                0x000000002000008c                USART
 .bss.Button    0x00000000200000b0        0xc ./Src/firmware.o
                0x00000000200000b0                Button
 *(COMMON)
                0x00000000200000bc                . = ALIGN (0x4)
                0x00000000200000bc                _ebss = .
                0x00000000200000bc                __bss_end__ = _ebss

._user_heap_stack
                0x00000000200000bc      0x604 load address 0x0000000008000f94
                0x00000000200000c0                . = ALIGN (0x8)
 *fill*         0x00000000200000bc        0x4 
                [!provide]                        PROVIDE (end = .)
                [!provide]                        PROVIDE (_end = .)
                0x00000000200002c0                . = (. + _Min_Heap_Size)
 *fill*         0x00000000200000c0      0x200 
                0x00000000200006c0                . = (. + _Min_Stack_Size)
 *fill*         0x00000000200002c0      0x400 
                0x00000000200006c0                . = ALIGN (0x8)

/DISCARD/
 libc.a(*)
 libm.a(*)
 libgcc.a(*)

.ARM.attributes
                0x0000000000000000       0x2a
 *(.ARM.attributes)
 .ARM.attributes
                0x0000000000000000       0x1e c:/st/stm32cubeide_1.11.2/stm32cubeide/plugins/com.st.stm32cube.ide.mcu.externaltools.gnu-tools-for-stm32.10.3-2021.10.win32_1.0.100.202210260954/tools/bin/../lib/gcc/arm-none-eabi/10.3.1/thumb/v7e-m/nofp/crti.o
 .ARM.attributes
                0x000000000000001e       0x2e c:/st/stm32cubeide_1.11.2/stm32cubeide/plugins/com.st.stm32cube.ide.mcu.externaltools.gnu-tools-for-stm32.10.3-2021.10.win32_1.0.100.202210260954/tools/bin/../lib/gcc/arm-none-eabi/10.3.1/thumb/v7e-m/nofp/crtbegin.o
 .ARM.attributes
                0x000000000000004c       0x2e ./BSP/bsp.o
 .ARM.attributes
                0x000000000000007a       0x2e ./Drivers/GPIO_DRIVERS/GPIO_driver.o
 .ARM.attributes
                0x00000000000000a8       0x2e ./Drivers/RCC_Driver/RCC_driver.o
 .ARM.attributes
                0x00000000000000d6       0x2e ./Drivers/USART_Driver/USART_driver.o
 .ARM.attributes
                0x0000000000000104       0x2e ./Src/firmware.o
 .ARM.attributes
                0x0000000000000132       0x21 ./Startup/startup_stm32f446retx.o
 .ARM.attributes
                0x0000000000000153       0x2e c:/st/stm32cubeide_1.11.2/stm32cubeide/plugins/com.st.stm32cube.ide.mcu.externaltools.gnu-tools-for-stm32.10.3-2021.10.win32_1.0.100.202210260954/tools/bin/../lib/gcc/arm-none-eabi/10.3.1/../../../../arm-none-eabi/lib/thumb/v7e-m/nofp\libc_nano.a(lib_a-init.o)
 .ARM.attributes
                0x0000000000000181       0x1e c:/st/stm32cubeide_1.11.2/stm32cubeide/plugins/com.st.stm32cube.ide.mcu.externaltools.gnu-tools-for-stm32.10.3-2021.10.win32_1.0.100.202210260954/tools/bin/../lib/gcc/arm-none-eabi/10.3.1/thumb/v7e-m/nofp/crtn.o
OUTPUT(006BootLoader_firmware.elf elf32-littlearm)
LOAD linker stubs
LOAD c:/st/stm32cubeide_1.11.2/stm32cubeide/plugins/com.st.stm32cube.ide.mcu.externaltools.gnu-tools-for-stm32.10.3-2021.10.win32_1.0.100.202210260954/tools/bin/../lib/gcc/arm-none-eabi/10.3.1/../../../../arm-none-eabi/lib/thumb/v7e-m/nofp\libc.a
LOAD c:/st/stm32cubeide_1.11.2/stm32cubeide/plugins/com.st.stm32cube.ide.mcu.externaltools.gnu-tools-for-stm32.10.3-2021.10.win32_1.0.100.202210260954/tools/bin/../lib/gcc/arm-none-eabi/10.3.1/../../../../arm-none-eabi/lib/thumb/v7e-m/nofp\libm.a
LOAD c:/st/stm32cubeide_1.11.2/stm32cubeide/plugins/com.st.stm32cube.ide.mcu.externaltools.gnu-tools-for-stm32.10.3-2021.10.win32_1.0.100.202210260954/tools/bin/../lib/gcc/arm-none-eabi/10.3.1/thumb/v7e-m/nofp\libgcc.a

.debug_info     0x0000000000000000     0x1eb6
 .debug_info    0x0000000000000000      0x4e4 ./BSP/bsp.o
 .debug_info    0x00000000000004e4      0x7eb ./Drivers/GPIO_DRIVERS/GPIO_driver.o
 .debug_info    0x0000000000000ccf      0x41e ./Drivers/RCC_Driver/RCC_driver.o
 .debug_info    0x00000000000010ed      0x858 ./Drivers/USART_Driver/USART_driver.o
 .debug_info    0x0000000000001945      0x54f ./Src/firmware.o
 .debug_info    0x0000000000001e94       0x22 ./Startup/startup_stm32f446retx.o

.debug_abbrev   0x0000000000000000      0x73d
 .debug_abbrev  0x0000000000000000      0x164 ./BSP/bsp.o
 .debug_abbrev  0x0000000000000164      0x173 ./Drivers/GPIO_DRIVERS/GPIO_driver.o
 .debug_abbrev  0x00000000000002d7      0x109 ./Drivers/RCC_Driver/RCC_driver.o
 .debug_abbrev  0x00000000000003e0      0x1ea ./Drivers/USART_Driver/USART_driver.o
 .debug_abbrev  0x00000000000005ca      0x161 ./Src/firmware.o
 .debug_abbrev  0x000000000000072b       0x12 ./Startup/startup_stm32f446retx.o

.debug_aranges  0x0000000000000000      0x1e8
 .debug_aranges
                0x0000000000000000       0x60 ./BSP/bsp.o
 .debug_aranges
                0x0000000000000060       0x78 ./Drivers/GPIO_DRIVERS/GPIO_driver.o
 .debug_aranges
                0x00000000000000d8       0x30 ./Drivers/RCC_Driver/RCC_driver.o
 .debug_aranges
                0x0000000000000108       0x80 ./Drivers/USART_Driver/USART_driver.o
 .debug_aranges
                0x0000000000000188       0x38 ./Src/firmware.o
 .debug_aranges
                0x00000000000001c0       0x28 ./Startup/startup_stm32f446retx.o

.debug_ranges   0x0000000000000000      0x190
 .debug_ranges  0x0000000000000000       0x50 ./BSP/bsp.o
 .debug_ranges  0x0000000000000050       0x68 ./Drivers/GPIO_DRIVERS/GPIO_driver.o
 .debug_ranges  0x00000000000000b8       0x20 ./Drivers/RCC_Driver/RCC_driver.o
 .debug_ranges  0x00000000000000d8       0x70 ./Drivers/USART_Driver/USART_driver.o
 .debug_ranges  0x0000000000000148       0x28 ./Src/firmware.o
 .debug_ranges  0x0000000000000170       0x20 ./Startup/startup_stm32f446retx.o

.debug_macro    0x0000000000000000     0x2b69
 .debug_macro   0x0000000000000000       0xa7 ./BSP/bsp.o
 .debug_macro   0x00000000000000a7      0xa78 ./BSP/bsp.o
 .debug_macro   0x0000000000000b1f       0x22 ./BSP/bsp.o
 .debug_macro   0x0000000000000b41       0x8e ./BSP/bsp.o
 .debug_macro   0x0000000000000bcf       0x51 ./BSP/bsp.o
 .debug_macro   0x0000000000000c20      0x103 ./BSP/bsp.o
 .debug_macro   0x0000000000000d23       0x6a ./BSP/bsp.o
 .debug_macro   0x0000000000000d8d      0x1df ./BSP/bsp.o
 .debug_macro   0x0000000000000f6c      0x174 ./BSP/bsp.o
 .debug_macro   0x00000000000010e0      0xa5a ./BSP/bsp.o
 .debug_macro   0x0000000000001b3a       0xc4 ./BSP/bsp.o
 .debug_macro   0x0000000000001bfe       0xe2 ./BSP/bsp.o
 .debug_macro   0x0000000000001ce0       0x8a ./Drivers/GPIO_DRIVERS/GPIO_driver.o
 .debug_macro   0x0000000000001d6a      0xa5a ./Drivers/GPIO_DRIVERS/GPIO_driver.o
 .debug_macro   0x00000000000027c4       0xc4 ./Drivers/GPIO_DRIVERS/GPIO_driver.o
 .debug_macro   0x0000000000002888       0x84 ./Drivers/RCC_Driver/RCC_driver.o
 .debug_macro   0x000000000000290c       0x93 ./Drivers/USART_Driver/USART_driver.o
 .debug_macro   0x000000000000299f      0x102 ./Drivers/USART_Driver/USART_driver.o
 .debug_macro   0x0000000000002aa1       0xc8 ./Src/firmware.o

.debug_line     0x0000000000000000     0x247b
 .debug_line    0x0000000000000000      0x5e0 ./BSP/bsp.o
 .debug_line    0x00000000000005e0      0x90a ./Drivers/GPIO_DRIVERS/GPIO_driver.o
 .debug_line    0x0000000000000eea      0x4ff ./Drivers/RCC_Driver/RCC_driver.o
 .debug_line    0x00000000000013e9      0xa72 ./Drivers/USART_Driver/USART_driver.o
 .debug_line    0x0000000000001e5b      0x59c ./Src/firmware.o
 .debug_line    0x00000000000023f7       0x84 ./Startup/startup_stm32f446retx.o

.debug_str      0x0000000000000000     0x7668
 .debug_str     0x0000000000000000     0x6b3d ./BSP/bsp.o
                                       0x6d35 (size before relaxing)
 .debug_str     0x0000000000006b3d      0x2aa ./Drivers/GPIO_DRIVERS/GPIO_driver.o
                                       0x6c2d (size before relaxing)
 .debug_str     0x0000000000006de7      0x103 ./Drivers/RCC_Driver/RCC_driver.o
                                       0x6885 (size before relaxing)
 .debug_str     0x0000000000006eea      0x67b ./Drivers/USART_Driver/USART_driver.o
                                       0x6e74 (size before relaxing)
 .debug_str     0x0000000000007565       0xd2 ./Src/firmware.o
                                       0x6fca (size before relaxing)
 .debug_str     0x0000000000007637       0x31 ./Startup/startup_stm32f446retx.o
                                         0x56 (size before relaxing)

.comment        0x0000000000000000       0x50
 .comment       0x0000000000000000       0x50 ./BSP/bsp.o
                                         0x51 (size before relaxing)
 .comment       0x0000000000000050       0x51 ./Drivers/GPIO_DRIVERS/GPIO_driver.o
 .comment       0x0000000000000050       0x51 ./Drivers/RCC_Driver/RCC_driver.o
 .comment       0x0000000000000050       0x51 ./Drivers/USART_Driver/USART_driver.o
 .comment       0x0000000000000050       0x51 ./Src/firmware.o

.debug_frame    0x0000000000000000      0x68c
 .debug_frame   0x0000000000000000      0x15c ./BSP/bsp.o
 .debug_frame   0x000000000000015c      0x1f0 ./Drivers/GPIO_DRIVERS/GPIO_driver.o
 .debug_frame   0x000000000000034c       0x80 ./Drivers/RCC_Driver/RCC_driver.o
 .debug_frame   0x00000000000003cc      0x208 ./Drivers/USART_Driver/USART_driver.o
 .debug_frame   0x00000000000005d4       0x8c ./Src/firmware.o
 .debug_frame   0x0000000000000660       0x2c c:/st/stm32cubeide_1.11.2/stm32cubeide/plugins/com.st.stm32cube.ide.mcu.externaltools.gnu-tools-for-stm32.10.3-2021.10.win32_1.0.100.202210260954/tools/bin/../lib/gcc/arm-none-eabi/10.3.1/../../../../arm-none-eabi/lib/thumb/v7e-m/nofp\libc_nano.a(lib_a-init.o)
