Archive member included to satisfy reference by file (symbol)

c:/st/stm32cubeide_1.11.2/stm32cubeide/plugins/com.st.stm32cube.ide.mcu.externaltools.gnu-tools-for-stm32.10.3-2021.10.win32_1.0.100.202210260954/tools/bin/../lib/gcc/arm-none-eabi/10.3.1/../../../../arm-none-eabi/lib/thumb/v7e-m+fp/hard\libc_nano.a(lib_a-exit.o)
                              c:/st/stm32cubeide_1.11.2/stm32cubeide/plugins/com.st.stm32cube.ide.mcu.externaltools.gnu-tools-for-stm32.10.3-2021.10.win32_1.0.100.202210260954/tools/bin/../lib/gcc/arm-none-eabi/10.3.1/../../../../arm-none-eabi/lib/thumb/v7e-m+fp/hard/crt0.o (exit)
c:/st/stm32cubeide_1.11.2/stm32cubeide/plugins/com.st.stm32cube.ide.mcu.externaltools.gnu-tools-for-stm32.10.3-2021.10.win32_1.0.100.202210260954/tools/bin/../lib/gcc/arm-none-eabi/10.3.1/../../../../arm-none-eabi/lib/thumb/v7e-m+fp/hard\libc_nano.a(lib_a-impure.o)
                              c:/st/stm32cubeide_1.11.2/stm32cubeide/plugins/com.st.stm32cube.ide.mcu.externaltools.gnu-tools-for-stm32.10.3-2021.10.win32_1.0.100.202210260954/tools/bin/../lib/gcc/arm-none-eabi/10.3.1/../../../../arm-none-eabi/lib/thumb/v7e-m+fp/hard\libc_nano.a(lib_a-exit.o) (_global_impure_ptr)
c:/st/stm32cubeide_1.11.2/stm32cubeide/plugins/com.st.stm32cube.ide.mcu.externaltools.gnu-tools-for-stm32.10.3-2021.10.win32_1.0.100.202210260954/tools/bin/../lib/gcc/arm-none-eabi/10.3.1/../../../../arm-none-eabi/lib/thumb/v7e-m+fp/hard\libc_nano.a(lib_a-init.o)
                              c:/st/stm32cubeide_1.11.2/stm32cubeide/plugins/com.st.stm32cube.ide.mcu.externaltools.gnu-tools-for-stm32.10.3-2021.10.win32_1.0.100.202210260954/tools/bin/../lib/gcc/arm-none-eabi/10.3.1/../../../../arm-none-eabi/lib/thumb/v7e-m+fp/hard/crt0.o (__libc_init_array)
c:/st/stm32cubeide_1.11.2/stm32cubeide/plugins/com.st.stm32cube.ide.mcu.externaltools.gnu-tools-for-stm32.10.3-2021.10.win32_1.0.100.202210260954/tools/bin/../lib/gcc/arm-none-eabi/10.3.1/../../../../arm-none-eabi/lib/thumb/v7e-m+fp/hard\libc_nano.a(lib_a-memset.o)
                              c:/st/stm32cubeide_1.11.2/stm32cubeide/plugins/com.st.stm32cube.ide.mcu.externaltools.gnu-tools-for-stm32.10.3-2021.10.win32_1.0.100.202210260954/tools/bin/../lib/gcc/arm-none-eabi/10.3.1/../../../../arm-none-eabi/lib/thumb/v7e-m+fp/hard/crt0.o (memset)
c:/st/stm32cubeide_1.11.2/stm32cubeide/plugins/com.st.stm32cube.ide.mcu.externaltools.gnu-tools-for-stm32.10.3-2021.10.win32_1.0.100.202210260954/tools/bin/../lib/gcc/arm-none-eabi/10.3.1/../../../../arm-none-eabi/lib/thumb/v7e-m+fp/hard\libnosys.a(_exit.o)
                              c:/st/stm32cubeide_1.11.2/stm32cubeide/plugins/com.st.stm32cube.ide.mcu.externaltools.gnu-tools-for-stm32.10.3-2021.10.win32_1.0.100.202210260954/tools/bin/../lib/gcc/arm-none-eabi/10.3.1/../../../../arm-none-eabi/lib/thumb/v7e-m+fp/hard\libc_nano.a(lib_a-exit.o) (_exit)

Discarded input sections

 .text          0x0000000000000000        0x0 c:/st/stm32cubeide_1.11.2/stm32cubeide/plugins/com.st.stm32cube.ide.mcu.externaltools.gnu-tools-for-stm32.10.3-2021.10.win32_1.0.100.202210260954/tools/bin/../lib/gcc/arm-none-eabi/10.3.1/thumb/v7e-m+fp/hard/crti.o
 .data          0x0000000000000000        0x0 c:/st/stm32cubeide_1.11.2/stm32cubeide/plugins/com.st.stm32cube.ide.mcu.externaltools.gnu-tools-for-stm32.10.3-2021.10.win32_1.0.100.202210260954/tools/bin/../lib/gcc/arm-none-eabi/10.3.1/thumb/v7e-m+fp/hard/crti.o
 .bss           0x0000000000000000        0x0 c:/st/stm32cubeide_1.11.2/stm32cubeide/plugins/com.st.stm32cube.ide.mcu.externaltools.gnu-tools-for-stm32.10.3-2021.10.win32_1.0.100.202210260954/tools/bin/../lib/gcc/arm-none-eabi/10.3.1/thumb/v7e-m+fp/hard/crti.o
 .data          0x0000000000000000        0x4 c:/st/stm32cubeide_1.11.2/stm32cubeide/plugins/com.st.stm32cube.ide.mcu.externaltools.gnu-tools-for-stm32.10.3-2021.10.win32_1.0.100.202210260954/tools/bin/../lib/gcc/arm-none-eabi/10.3.1/thumb/v7e-m+fp/hard/crtbegin.o
 .rodata        0x0000000000000000       0x24 c:/st/stm32cubeide_1.11.2/stm32cubeide/plugins/com.st.stm32cube.ide.mcu.externaltools.gnu-tools-for-stm32.10.3-2021.10.win32_1.0.100.202210260954/tools/bin/../lib/gcc/arm-none-eabi/10.3.1/thumb/v7e-m+fp/hard/crtbegin.o
 .text          0x0000000000000000       0x7c c:/st/stm32cubeide_1.11.2/stm32cubeide/plugins/com.st.stm32cube.ide.mcu.externaltools.gnu-tools-for-stm32.10.3-2021.10.win32_1.0.100.202210260954/tools/bin/../lib/gcc/arm-none-eabi/10.3.1/../../../../arm-none-eabi/lib/thumb/v7e-m+fp/hard/crt0.o
 .data          0x0000000000000000        0x0 c:/st/stm32cubeide_1.11.2/stm32cubeide/plugins/com.st.stm32cube.ide.mcu.externaltools.gnu-tools-for-stm32.10.3-2021.10.win32_1.0.100.202210260954/tools/bin/../lib/gcc/arm-none-eabi/10.3.1/../../../../arm-none-eabi/lib/thumb/v7e-m+fp/hard/crt0.o
 .bss           0x0000000000000000        0x0 c:/st/stm32cubeide_1.11.2/stm32cubeide/plugins/com.st.stm32cube.ide.mcu.externaltools.gnu-tools-for-stm32.10.3-2021.10.win32_1.0.100.202210260954/tools/bin/../lib/gcc/arm-none-eabi/10.3.1/../../../../arm-none-eabi/lib/thumb/v7e-m+fp/hard/crt0.o
 .ARM.extab     0x0000000000000000        0x0 c:/st/stm32cubeide_1.11.2/stm32cubeide/plugins/com.st.stm32cube.ide.mcu.externaltools.gnu-tools-for-stm32.10.3-2021.10.win32_1.0.100.202210260954/tools/bin/../lib/gcc/arm-none-eabi/10.3.1/../../../../arm-none-eabi/lib/thumb/v7e-m+fp/hard/crt0.o
 .ARM.exidx     0x0000000000000000       0x10 c:/st/stm32cubeide_1.11.2/stm32cubeide/plugins/com.st.stm32cube.ide.mcu.externaltools.gnu-tools-for-stm32.10.3-2021.10.win32_1.0.100.202210260954/tools/bin/../lib/gcc/arm-none-eabi/10.3.1/../../../../arm-none-eabi/lib/thumb/v7e-m+fp/hard/crt0.o
 .ARM.attributes
                0x0000000000000000       0x1c c:/st/stm32cubeide_1.11.2/stm32cubeide/plugins/com.st.stm32cube.ide.mcu.externaltools.gnu-tools-for-stm32.10.3-2021.10.win32_1.0.100.202210260954/tools/bin/../lib/gcc/arm-none-eabi/10.3.1/../../../../arm-none-eabi/lib/thumb/v7e-m+fp/hard/crt0.o
 .group         0x0000000000000000        0xc ./BSP/bsp.o
 .group         0x0000000000000000        0xc ./BSP/bsp.o
 .group         0x0000000000000000        0xc ./BSP/bsp.o
 .group         0x0000000000000000        0xc ./BSP/bsp.o
 .group         0x0000000000000000        0xc ./BSP/bsp.o
 .group         0x0000000000000000        0xc ./BSP/bsp.o
 .group         0x0000000000000000        0xc ./BSP/bsp.o
 .group         0x0000000000000000        0xc ./BSP/bsp.o
 .group         0x0000000000000000        0xc ./BSP/bsp.o
 .group         0x0000000000000000        0xc ./BSP/bsp.o
 .group         0x0000000000000000        0xc ./BSP/bsp.o
 .group         0x0000000000000000        0xc ./BSP/bsp.o
 .text          0x0000000000000000        0x0 ./BSP/bsp.o
 .data          0x0000000000000000        0x0 ./BSP/bsp.o
 .bss           0x0000000000000000        0x0 ./BSP/bsp.o
 .text.SPI2_GPIOInit
                0x0000000000000000       0x42 ./BSP/bsp.o
 .text.I2C1_GPIOInit
                0x0000000000000000       0x5a ./BSP/bsp.o
 .text.USART_GPIOInit
                0x0000000000000000       0x5a ./BSP/bsp.o
 .text.GPIO_ButtonInit
                0x0000000000000000       0x38 ./BSP/bsp.o
 .text.delay    0x0000000000000000       0x32 ./BSP/bsp.o
 .group         0x0000000000000000        0xc ./Drivers/GPIO_DRIVERS/GPIO_driver.o
 .group         0x0000000000000000        0xc ./Drivers/GPIO_DRIVERS/GPIO_driver.o
 .group         0x0000000000000000        0xc ./Drivers/GPIO_DRIVERS/GPIO_driver.o
 .group         0x0000000000000000        0xc ./Drivers/GPIO_DRIVERS/GPIO_driver.o
 .group         0x0000000000000000        0xc ./Drivers/GPIO_DRIVERS/GPIO_driver.o
 .group         0x0000000000000000        0xc ./Drivers/GPIO_DRIVERS/GPIO_driver.o
 .group         0x0000000000000000        0xc ./Drivers/GPIO_DRIVERS/GPIO_driver.o
 .group         0x0000000000000000        0xc ./Drivers/GPIO_DRIVERS/GPIO_driver.o
 .group         0x0000000000000000        0xc ./Drivers/GPIO_DRIVERS/GPIO_driver.o
 .group         0x0000000000000000        0xc ./Drivers/GPIO_DRIVERS/GPIO_driver.o
 .text          0x0000000000000000        0x0 ./Drivers/GPIO_DRIVERS/GPIO_driver.o
 .data          0x0000000000000000        0x0 ./Drivers/GPIO_DRIVERS/GPIO_driver.o
 .bss           0x0000000000000000        0x0 ./Drivers/GPIO_DRIVERS/GPIO_driver.o
 .text.GPIO_DeInit
                0x0000000000000000      0x148 ./Drivers/GPIO_DRIVERS/GPIO_driver.o
 .text.GPIO_ReadFromInputPin
                0x0000000000000000       0x2c ./Drivers/GPIO_DRIVERS/GPIO_driver.o
 .text.GPIO_ReadFromInputPort
                0x0000000000000000       0x1a ./Drivers/GPIO_DRIVERS/GPIO_driver.o
 .text.GPIO_WriteToOutputPin
                0x0000000000000000       0x4a ./Drivers/GPIO_DRIVERS/GPIO_driver.o
 .text.GPIO_WriteToOutputPort
                0x0000000000000000       0x1e ./Drivers/GPIO_DRIVERS/GPIO_driver.o
 .text.GPIO_ToggleOutputPin
                0x0000000000000000       0x2a ./Drivers/GPIO_DRIVERS/GPIO_driver.o
 .text.GPIO_IRQInterruptConfig
                0x0000000000000000      0x10c ./Drivers/GPIO_DRIVERS/GPIO_driver.o
 .text.GPIO_IRQPriorityConfig
                0x0000000000000000       0x54 ./Drivers/GPIO_DRIVERS/GPIO_driver.o
 .text.GPIO_IRQHandling
                0x0000000000000000       0x16 ./Drivers/GPIO_DRIVERS/GPIO_driver.o
 .debug_macro   0x0000000000000000      0xa84 ./Drivers/GPIO_DRIVERS/GPIO_driver.o
 .debug_macro   0x0000000000000000       0x22 ./Drivers/GPIO_DRIVERS/GPIO_driver.o
 .debug_macro   0x0000000000000000       0x8e ./Drivers/GPIO_DRIVERS/GPIO_driver.o
 .debug_macro   0x0000000000000000       0x51 ./Drivers/GPIO_DRIVERS/GPIO_driver.o
 .debug_macro   0x0000000000000000      0x103 ./Drivers/GPIO_DRIVERS/GPIO_driver.o
 .debug_macro   0x0000000000000000       0x6a ./Drivers/GPIO_DRIVERS/GPIO_driver.o
 .debug_macro   0x0000000000000000      0x1df ./Drivers/GPIO_DRIVERS/GPIO_driver.o
 .debug_macro   0x0000000000000000      0x174 ./Drivers/GPIO_DRIVERS/GPIO_driver.o
 .debug_macro   0x0000000000000000      0xb2d ./Drivers/GPIO_DRIVERS/GPIO_driver.o
 .group         0x0000000000000000        0xc ./Drivers/I2C_Driver/I2C_Driver.o
 .group         0x0000000000000000        0xc ./Drivers/I2C_Driver/I2C_Driver.o
 .group         0x0000000000000000        0xc ./Drivers/I2C_Driver/I2C_Driver.o
 .group         0x0000000000000000        0xc ./Drivers/I2C_Driver/I2C_Driver.o
 .group         0x0000000000000000        0xc ./Drivers/I2C_Driver/I2C_Driver.o
 .group         0x0000000000000000        0xc ./Drivers/I2C_Driver/I2C_Driver.o
 .group         0x0000000000000000        0xc ./Drivers/I2C_Driver/I2C_Driver.o
 .group         0x0000000000000000        0xc ./Drivers/I2C_Driver/I2C_Driver.o
 .group         0x0000000000000000        0xc ./Drivers/I2C_Driver/I2C_Driver.o
 .group         0x0000000000000000        0xc ./Drivers/I2C_Driver/I2C_Driver.o
 .group         0x0000000000000000        0xc ./Drivers/I2C_Driver/I2C_Driver.o
 .text          0x0000000000000000        0x0 ./Drivers/I2C_Driver/I2C_Driver.o
 .data          0x0000000000000000        0x0 ./Drivers/I2C_Driver/I2C_Driver.o
 .bss           0x0000000000000000        0x0 ./Drivers/I2C_Driver/I2C_Driver.o
 .text.I2C_Enable
                0x0000000000000000       0x38 ./Drivers/I2C_Driver/I2C_Driver.o
 .text.I2C_CLKCNT
                0x0000000000000000       0xb0 ./Drivers/I2C_Driver/I2C_Driver.o
 .text.I2C_Init
                0x0000000000000000      0x1b8 ./Drivers/I2C_Driver/I2C_Driver.o
 .text.I2C_DeInit
                0x0000000000000000       0x58 ./Drivers/I2C_Driver/I2C_Driver.o
 .text.I2C_GetFlagStatus
                0x0000000000000000       0x2a ./Drivers/I2C_Driver/I2C_Driver.o
 .text.I2C_MasterSendData
                0x0000000000000000       0xba ./Drivers/I2C_Driver/I2C_Driver.o
 .text.I2C_MasterRecieveData
                0x0000000000000000      0x19e ./Drivers/I2C_Driver/I2C_Driver.o
 .text.I2C_SLaveSendData
                0x0000000000000000       0x22 ./Drivers/I2C_Driver/I2C_Driver.o
 .text.I2C_SlaveRecieveData
                0x0000000000000000       0xa6 ./Drivers/I2C_Driver/I2C_Driver.o
 .text.I2C_IRQInterruptConfig
                0x0000000000000000       0x1c ./Drivers/I2C_Driver/I2C_Driver.o
 .text.I2C_IRQPriorityConfig
                0x0000000000000000       0x18 ./Drivers/I2C_Driver/I2C_Driver.o
 .text.I2C_GenerateStartCondition
                0x0000000000000000       0x20 ./Drivers/I2C_Driver/I2C_Driver.o
 .text.I2C_ExecuteAddressPhaseWrite
                0x0000000000000000       0x32 ./Drivers/I2C_Driver/I2C_Driver.o
 .text.I2C_ClearADDRFlag
                0x0000000000000000       0x3a ./Drivers/I2C_Driver/I2C_Driver.o
 .debug_info    0x0000000000000000      0x7c4 ./Drivers/I2C_Driver/I2C_Driver.o
 .debug_abbrev  0x0000000000000000      0x21e ./Drivers/I2C_Driver/I2C_Driver.o
 .debug_aranges
                0x0000000000000000       0x88 ./Drivers/I2C_Driver/I2C_Driver.o
 .debug_ranges  0x0000000000000000       0x78 ./Drivers/I2C_Driver/I2C_Driver.o
 .debug_macro   0x0000000000000000       0x93 ./Drivers/I2C_Driver/I2C_Driver.o
 .debug_macro   0x0000000000000000      0xa84 ./Drivers/I2C_Driver/I2C_Driver.o
 .debug_macro   0x0000000000000000       0x22 ./Drivers/I2C_Driver/I2C_Driver.o
 .debug_macro   0x0000000000000000       0x8e ./Drivers/I2C_Driver/I2C_Driver.o
 .debug_macro   0x0000000000000000       0x51 ./Drivers/I2C_Driver/I2C_Driver.o
 .debug_macro   0x0000000000000000      0x103 ./Drivers/I2C_Driver/I2C_Driver.o
 .debug_macro   0x0000000000000000       0x6a ./Drivers/I2C_Driver/I2C_Driver.o
 .debug_macro   0x0000000000000000      0x1df ./Drivers/I2C_Driver/I2C_Driver.o
 .debug_macro   0x0000000000000000      0x174 ./Drivers/I2C_Driver/I2C_Driver.o
 .debug_macro   0x0000000000000000      0xb2d ./Drivers/I2C_Driver/I2C_Driver.o
 .debug_macro   0x0000000000000000       0x8e ./Drivers/I2C_Driver/I2C_Driver.o
 .debug_macro   0x0000000000000000       0x16 ./Drivers/I2C_Driver/I2C_Driver.o
 .debug_line    0x0000000000000000      0x90b ./Drivers/I2C_Driver/I2C_Driver.o
 .debug_str     0x0000000000000000     0x6fae ./Drivers/I2C_Driver/I2C_Driver.o
 .comment       0x0000000000000000       0x51 ./Drivers/I2C_Driver/I2C_Driver.o
 .debug_frame   0x0000000000000000      0x22c ./Drivers/I2C_Driver/I2C_Driver.o
 .ARM.attributes
                0x0000000000000000       0x34 ./Drivers/I2C_Driver/I2C_Driver.o
 .group         0x0000000000000000        0xc ./Drivers/RCC_Driver/RCC_driver.o
 .group         0x0000000000000000        0xc ./Drivers/RCC_Driver/RCC_driver.o
 .group         0x0000000000000000        0xc ./Drivers/RCC_Driver/RCC_driver.o
 .group         0x0000000000000000        0xc ./Drivers/RCC_Driver/RCC_driver.o
 .group         0x0000000000000000        0xc ./Drivers/RCC_Driver/RCC_driver.o
 .group         0x0000000000000000        0xc ./Drivers/RCC_Driver/RCC_driver.o
 .group         0x0000000000000000        0xc ./Drivers/RCC_Driver/RCC_driver.o
 .group         0x0000000000000000        0xc ./Drivers/RCC_Driver/RCC_driver.o
 .group         0x0000000000000000        0xc ./Drivers/RCC_Driver/RCC_driver.o
 .group         0x0000000000000000        0xc ./Drivers/RCC_Driver/RCC_driver.o
 .text          0x0000000000000000        0x0 ./Drivers/RCC_Driver/RCC_driver.o
 .data          0x0000000000000000        0x0 ./Drivers/RCC_Driver/RCC_driver.o
 .bss           0x0000000000000000        0x0 ./Drivers/RCC_Driver/RCC_driver.o
 .data.AHB_PRESCALERS
                0x0000000000000000       0x10 ./Drivers/RCC_Driver/RCC_driver.o
 .data.APB_PRESCALERS
                0x0000000000000000        0x8 ./Drivers/RCC_Driver/RCC_driver.o
 .text.getSystemClock
                0x0000000000000000       0xe4 ./Drivers/RCC_Driver/RCC_driver.o
 .text.getAHBClock
                0x0000000000000000       0x50 ./Drivers/RCC_Driver/RCC_driver.o
 .text.getAPBClock
                0x0000000000000000       0x8c ./Drivers/RCC_Driver/RCC_driver.o
 .debug_info    0x0000000000000000      0x41e ./Drivers/RCC_Driver/RCC_driver.o
 .debug_abbrev  0x0000000000000000      0x109 ./Drivers/RCC_Driver/RCC_driver.o
 .debug_aranges
                0x0000000000000000       0x30 ./Drivers/RCC_Driver/RCC_driver.o
 .debug_ranges  0x0000000000000000       0x20 ./Drivers/RCC_Driver/RCC_driver.o
 .debug_macro   0x0000000000000000       0x84 ./Drivers/RCC_Driver/RCC_driver.o
 .debug_macro   0x0000000000000000      0xa84 ./Drivers/RCC_Driver/RCC_driver.o
 .debug_macro   0x0000000000000000       0x22 ./Drivers/RCC_Driver/RCC_driver.o
 .debug_macro   0x0000000000000000       0x8e ./Drivers/RCC_Driver/RCC_driver.o
 .debug_macro   0x0000000000000000       0x51 ./Drivers/RCC_Driver/RCC_driver.o
 .debug_macro   0x0000000000000000      0x103 ./Drivers/RCC_Driver/RCC_driver.o
 .debug_macro   0x0000000000000000       0x6a ./Drivers/RCC_Driver/RCC_driver.o
 .debug_macro   0x0000000000000000      0x1df ./Drivers/RCC_Driver/RCC_driver.o
 .debug_macro   0x0000000000000000      0x174 ./Drivers/RCC_Driver/RCC_driver.o
 .debug_macro   0x0000000000000000      0xb2d ./Drivers/RCC_Driver/RCC_driver.o
 .debug_macro   0x0000000000000000       0x16 ./Drivers/RCC_Driver/RCC_driver.o
 .debug_line    0x0000000000000000      0x4f5 ./Drivers/RCC_Driver/RCC_driver.o
 .debug_str     0x0000000000000000     0x6c24 ./Drivers/RCC_Driver/RCC_driver.o
 .comment       0x0000000000000000       0x51 ./Drivers/RCC_Driver/RCC_driver.o
 .debug_frame   0x0000000000000000       0x80 ./Drivers/RCC_Driver/RCC_driver.o
 .ARM.attributes
                0x0000000000000000       0x34 ./Drivers/RCC_Driver/RCC_driver.o
 .group         0x0000000000000000        0xc ./Drivers/SPI_DRIVER/SPI_driver.o
 .group         0x0000000000000000        0xc ./Drivers/SPI_DRIVER/SPI_driver.o
 .group         0x0000000000000000        0xc ./Drivers/SPI_DRIVER/SPI_driver.o
 .group         0x0000000000000000        0xc ./Drivers/SPI_DRIVER/SPI_driver.o
 .group         0x0000000000000000        0xc ./Drivers/SPI_DRIVER/SPI_driver.o
 .group         0x0000000000000000        0xc ./Drivers/SPI_DRIVER/SPI_driver.o
 .group         0x0000000000000000        0xc ./Drivers/SPI_DRIVER/SPI_driver.o
 .group         0x0000000000000000        0xc ./Drivers/SPI_DRIVER/SPI_driver.o
 .group         0x0000000000000000        0xc ./Drivers/SPI_DRIVER/SPI_driver.o
 .group         0x0000000000000000        0xc ./Drivers/SPI_DRIVER/SPI_driver.o
 .group         0x0000000000000000        0xc ./Drivers/SPI_DRIVER/SPI_driver.o
 .text          0x0000000000000000        0x0 ./Drivers/SPI_DRIVER/SPI_driver.o
 .data          0x0000000000000000        0x0 ./Drivers/SPI_DRIVER/SPI_driver.o
 .bss           0x0000000000000000        0x0 ./Drivers/SPI_DRIVER/SPI_driver.o
 .text.SPI_CLKCNT
                0x0000000000000000       0xe0 ./Drivers/SPI_DRIVER/SPI_driver.o
 .text.SPI_Init
                0x0000000000000000       0xa6 ./Drivers/SPI_DRIVER/SPI_driver.o
 .text.SPI_DeInit
                0x0000000000000000       0x74 ./Drivers/SPI_DRIVER/SPI_driver.o
 .text.GetFlagStatus
                0x0000000000000000       0x2a ./Drivers/SPI_DRIVER/SPI_driver.o
 .text.SPI_SendData
                0x0000000000000000       0x98 ./Drivers/SPI_DRIVER/SPI_driver.o
 .text.SPI_SendDataIT
                0x0000000000000000       0x48 ./Drivers/SPI_DRIVER/SPI_driver.o
 .text.SPI_ReceiveData
                0x0000000000000000       0x78 ./Drivers/SPI_DRIVER/SPI_driver.o
 .text.SPI_ReceiveDataIT
                0x0000000000000000       0x48 ./Drivers/SPI_DRIVER/SPI_driver.o
 .text.SPI_IRQInterruptConfig
                0x0000000000000000       0xcc ./Drivers/SPI_DRIVER/SPI_driver.o
 .text.SPI_IRQPriorityConfig
                0x0000000000000000       0x18 ./Drivers/SPI_DRIVER/SPI_driver.o
 .text.SPI_IRQHandling
                0x0000000000000000       0x9a ./Drivers/SPI_DRIVER/SPI_driver.o
 .text.SPI_TXE_INTERRUPT_HANDLE
                0x0000000000000000       0x8c ./Drivers/SPI_DRIVER/SPI_driver.o
 .text.SPI_RXNE_INTERRUPT_HANDLE
                0x0000000000000000       0x90 ./Drivers/SPI_DRIVER/SPI_driver.o
 .text.SPI_ERR_INTERRUPT_HANDLE
                0x0000000000000000       0x36 ./Drivers/SPI_DRIVER/SPI_driver.o
 .text.SPI_Enable
                0x0000000000000000       0x38 ./Drivers/SPI_DRIVER/SPI_driver.o
 .text.SSI_Enable
                0x0000000000000000       0x38 ./Drivers/SPI_DRIVER/SPI_driver.o
 .text.SSOE_Enable
                0x0000000000000000       0x38 ./Drivers/SPI_DRIVER/SPI_driver.o
 .text.SPI_ApplicationCallBack
                0x0000000000000000       0x18 ./Drivers/SPI_DRIVER/SPI_driver.o
 .debug_info    0x0000000000000000      0x85c ./Drivers/SPI_DRIVER/SPI_driver.o
 .debug_abbrev  0x0000000000000000      0x1d7 ./Drivers/SPI_DRIVER/SPI_driver.o
 .debug_aranges
                0x0000000000000000       0xa8 ./Drivers/SPI_DRIVER/SPI_driver.o
 .debug_ranges  0x0000000000000000       0x98 ./Drivers/SPI_DRIVER/SPI_driver.o
 .debug_macro   0x0000000000000000       0x93 ./Drivers/SPI_DRIVER/SPI_driver.o
 .debug_macro   0x0000000000000000      0xa84 ./Drivers/SPI_DRIVER/SPI_driver.o
 .debug_macro   0x0000000000000000       0x22 ./Drivers/SPI_DRIVER/SPI_driver.o
 .debug_macro   0x0000000000000000       0x8e ./Drivers/SPI_DRIVER/SPI_driver.o
 .debug_macro   0x0000000000000000       0x51 ./Drivers/SPI_DRIVER/SPI_driver.o
 .debug_macro   0x0000000000000000      0x103 ./Drivers/SPI_DRIVER/SPI_driver.o
 .debug_macro   0x0000000000000000       0x6a ./Drivers/SPI_DRIVER/SPI_driver.o
 .debug_macro   0x0000000000000000      0x1df ./Drivers/SPI_DRIVER/SPI_driver.o
 .debug_macro   0x0000000000000000      0x174 ./Drivers/SPI_DRIVER/SPI_driver.o
 .debug_macro   0x0000000000000000      0xb2d ./Drivers/SPI_DRIVER/SPI_driver.o
 .debug_macro   0x0000000000000000       0xdc ./Drivers/SPI_DRIVER/SPI_driver.o
 .debug_macro   0x0000000000000000       0xca ./Drivers/SPI_DRIVER/SPI_driver.o
 .debug_line    0x0000000000000000      0x951 ./Drivers/SPI_DRIVER/SPI_driver.o
 .debug_str     0x0000000000000000     0x726e ./Drivers/SPI_DRIVER/SPI_driver.o
 .comment       0x0000000000000000       0x51 ./Drivers/SPI_DRIVER/SPI_driver.o
 .debug_frame   0x0000000000000000      0x2c8 ./Drivers/SPI_DRIVER/SPI_driver.o
 .ARM.attributes
                0x0000000000000000       0x34 ./Drivers/SPI_DRIVER/SPI_driver.o
 .group         0x0000000000000000        0xc ./Drivers/Timer_Driver/Timer_Driver.o
 .group         0x0000000000000000        0xc ./Drivers/Timer_Driver/Timer_Driver.o
 .group         0x0000000000000000        0xc ./Drivers/Timer_Driver/Timer_Driver.o
 .group         0x0000000000000000        0xc ./Drivers/Timer_Driver/Timer_Driver.o
 .group         0x0000000000000000        0xc ./Drivers/Timer_Driver/Timer_Driver.o
 .group         0x0000000000000000        0xc ./Drivers/Timer_Driver/Timer_Driver.o
 .group         0x0000000000000000        0xc ./Drivers/Timer_Driver/Timer_Driver.o
 .group         0x0000000000000000        0xc ./Drivers/Timer_Driver/Timer_Driver.o
 .group         0x0000000000000000        0xc ./Drivers/Timer_Driver/Timer_Driver.o
 .text          0x0000000000000000        0x0 ./Drivers/Timer_Driver/Timer_Driver.o
 .data          0x0000000000000000        0x0 ./Drivers/Timer_Driver/Timer_Driver.o
 .bss           0x0000000000000000        0x0 ./Drivers/Timer_Driver/Timer_Driver.o
 .text.TimerStart
                0x0000000000000000       0x38 ./Drivers/Timer_Driver/Timer_Driver.o
 .text.TimerClkEnable
                0x0000000000000000       0x80 ./Drivers/Timer_Driver/Timer_Driver.o
 .text.BasicTimerInit
                0x0000000000000000       0x58 ./Drivers/Timer_Driver/Timer_Driver.o
 .debug_info    0x0000000000000000      0x45b ./Drivers/Timer_Driver/Timer_Driver.o
 .debug_abbrev  0x0000000000000000      0x130 ./Drivers/Timer_Driver/Timer_Driver.o
 .debug_aranges
                0x0000000000000000       0x30 ./Drivers/Timer_Driver/Timer_Driver.o
 .debug_ranges  0x0000000000000000       0x20 ./Drivers/Timer_Driver/Timer_Driver.o
 .debug_macro   0x0000000000000000       0x85 ./Drivers/Timer_Driver/Timer_Driver.o
 .debug_macro   0x0000000000000000      0xa84 ./Drivers/Timer_Driver/Timer_Driver.o
 .debug_macro   0x0000000000000000       0x22 ./Drivers/Timer_Driver/Timer_Driver.o
 .debug_macro   0x0000000000000000       0x8e ./Drivers/Timer_Driver/Timer_Driver.o
 .debug_macro   0x0000000000000000       0x51 ./Drivers/Timer_Driver/Timer_Driver.o
 .debug_macro   0x0000000000000000      0x103 ./Drivers/Timer_Driver/Timer_Driver.o
 .debug_macro   0x0000000000000000       0x6a ./Drivers/Timer_Driver/Timer_Driver.o
 .debug_macro   0x0000000000000000      0x1df ./Drivers/Timer_Driver/Timer_Driver.o
 .debug_macro   0x0000000000000000      0x174 ./Drivers/Timer_Driver/Timer_Driver.o
 .debug_macro   0x0000000000000000      0xb2d ./Drivers/Timer_Driver/Timer_Driver.o
 .debug_line    0x0000000000000000      0x491 ./Drivers/Timer_Driver/Timer_Driver.o
 .debug_str     0x0000000000000000     0x6bfc ./Drivers/Timer_Driver/Timer_Driver.o
 .comment       0x0000000000000000       0x51 ./Drivers/Timer_Driver/Timer_Driver.o
 .debug_frame   0x0000000000000000       0x84 ./Drivers/Timer_Driver/Timer_Driver.o
 .ARM.attributes
                0x0000000000000000       0x34 ./Drivers/Timer_Driver/Timer_Driver.o
 .group         0x0000000000000000        0xc ./Drivers/USART_Driver/USART_driver.o
 .group         0x0000000000000000        0xc ./Drivers/USART_Driver/USART_driver.o
 .group         0x0000000000000000        0xc ./Drivers/USART_Driver/USART_driver.o
 .group         0x0000000000000000        0xc ./Drivers/USART_Driver/USART_driver.o
 .group         0x0000000000000000        0xc ./Drivers/USART_Driver/USART_driver.o
 .group         0x0000000000000000        0xc ./Drivers/USART_Driver/USART_driver.o
 .group         0x0000000000000000        0xc ./Drivers/USART_Driver/USART_driver.o
 .group         0x0000000000000000        0xc ./Drivers/USART_Driver/USART_driver.o
 .group         0x0000000000000000        0xc ./Drivers/USART_Driver/USART_driver.o
 .group         0x0000000000000000        0xc ./Drivers/USART_Driver/USART_driver.o
 .group         0x0000000000000000        0xc ./Drivers/USART_Driver/USART_driver.o
 .text          0x0000000000000000        0x0 ./Drivers/USART_Driver/USART_driver.o
 .data          0x0000000000000000        0x0 ./Drivers/USART_Driver/USART_driver.o
 .bss           0x0000000000000000        0x0 ./Drivers/USART_Driver/USART_driver.o
 .text.USART_SetBaudRate
                0x0000000000000000       0xec ./Drivers/USART_Driver/USART_driver.o
 .text.USART_Init
                0x0000000000000000      0x116 ./Drivers/USART_Driver/USART_driver.o
 .text.USART_PeripheralControl
                0x0000000000000000       0x38 ./Drivers/USART_Driver/USART_driver.o
 .text.USART_PeriClockControl
                0x0000000000000000       0xbc ./Drivers/USART_Driver/USART_driver.o
 .text.USART_GetFlagStatus
                0x0000000000000000       0x2a ./Drivers/USART_Driver/USART_driver.o
 .text.USART_SendData
                0x0000000000000000       0x9c ./Drivers/USART_Driver/USART_driver.o
 .text.USART_ReceiveData
                0x0000000000000000       0xb0 ./Drivers/USART_Driver/USART_driver.o
 .text.USART_SendDataIT
                0x0000000000000000       0x5c ./Drivers/USART_Driver/USART_driver.o
 .text.USART_ReceiveDataIT
                0x0000000000000000       0x52 ./Drivers/USART_Driver/USART_driver.o
 .text.USART_ClearFlag
                0x0000000000000000       0x26 ./Drivers/USART_Driver/USART_driver.o
 .text.USART_IRQInterruptConfig
                0x0000000000000000      0x10c ./Drivers/USART_Driver/USART_driver.o
 .text.USART_IRQPriorityConfig
                0x0000000000000000       0x48 ./Drivers/USART_Driver/USART_driver.o
 .text.USART_IRQHandling
                0x0000000000000000      0x344 ./Drivers/USART_Driver/USART_driver.o
 .debug_info    0x0000000000000000      0x861 ./Drivers/USART_Driver/USART_driver.o
 .debug_abbrev  0x0000000000000000      0x22a ./Drivers/USART_Driver/USART_driver.o
 .debug_aranges
                0x0000000000000000       0x80 ./Drivers/USART_Driver/USART_driver.o
 .debug_ranges  0x0000000000000000       0x70 ./Drivers/USART_Driver/USART_driver.o
 .debug_macro   0x0000000000000000       0x93 ./Drivers/USART_Driver/USART_driver.o
 .debug_macro   0x0000000000000000      0xa84 ./Drivers/USART_Driver/USART_driver.o
 .debug_macro   0x0000000000000000       0x22 ./Drivers/USART_Driver/USART_driver.o
 .debug_macro   0x0000000000000000       0x8e ./Drivers/USART_Driver/USART_driver.o
 .debug_macro   0x0000000000000000       0x51 ./Drivers/USART_Driver/USART_driver.o
 .debug_macro   0x0000000000000000      0x103 ./Drivers/USART_Driver/USART_driver.o
 .debug_macro   0x0000000000000000       0x6a ./Drivers/USART_Driver/USART_driver.o
 .debug_macro   0x0000000000000000      0x1df ./Drivers/USART_Driver/USART_driver.o
 .debug_macro   0x0000000000000000      0x174 ./Drivers/USART_Driver/USART_driver.o
 .debug_macro   0x0000000000000000      0xb2d ./Drivers/USART_Driver/USART_driver.o
 .debug_macro   0x0000000000000000      0x102 ./Drivers/USART_Driver/USART_driver.o
 .debug_macro   0x0000000000000000       0x16 ./Drivers/USART_Driver/USART_driver.o
 .debug_line    0x0000000000000000      0xa60 ./Drivers/USART_Driver/USART_driver.o
 .debug_str     0x0000000000000000     0x7213 ./Drivers/USART_Driver/USART_driver.o
 .comment       0x0000000000000000       0x51 ./Drivers/USART_Driver/USART_driver.o
 .debug_frame   0x0000000000000000      0x208 ./Drivers/USART_Driver/USART_driver.o
 .ARM.attributes
                0x0000000000000000       0x34 ./Drivers/USART_Driver/USART_driver.o
 .group         0x0000000000000000        0xc ./Src/main.o
 .group         0x0000000000000000        0xc ./Src/main.o
 .group         0x0000000000000000        0xc ./Src/main.o
 .group         0x0000000000000000        0xc ./Src/main.o
 .group         0x0000000000000000        0xc ./Src/main.o
 .group         0x0000000000000000        0xc ./Src/main.o
 .group         0x0000000000000000        0xc ./Src/main.o
 .group         0x0000000000000000        0xc ./Src/main.o
 .group         0x0000000000000000        0xc ./Src/main.o
 .group         0x0000000000000000        0xc ./Src/main.o
 .group         0x0000000000000000        0xc ./Src/main.o
 .group         0x0000000000000000        0xc ./Src/main.o
 .group         0x0000000000000000        0xc ./Src/main.o
 .group         0x0000000000000000        0xc ./Src/main.o
 .group         0x0000000000000000        0xc ./Src/main.o
 .group         0x0000000000000000        0xc ./Src/main.o
 .group         0x0000000000000000        0xc ./Src/main.o
 .group         0x0000000000000000        0xc ./Src/main.o
 .group         0x0000000000000000        0xc ./Src/main.o
 .group         0x0000000000000000        0xc ./Src/main.o
 .group         0x0000000000000000        0xc ./Src/main.o
 .group         0x0000000000000000        0xc ./Src/main.o
 .group         0x0000000000000000        0xc ./Src/main.o
 .group         0x0000000000000000        0xc ./Src/main.o
 .group         0x0000000000000000        0xc ./Src/main.o
 .group         0x0000000000000000        0xc ./Src/main.o
 .group         0x0000000000000000        0xc ./Src/main.o
 .group         0x0000000000000000        0xc ./Src/main.o
 .text          0x0000000000000000        0x0 ./Src/main.o
 .data          0x0000000000000000        0x0 ./Src/main.o
 .bss           0x0000000000000000        0x0 ./Src/main.o
 .debug_macro   0x0000000000000000      0xa84 ./Src/main.o
 .debug_macro   0x0000000000000000       0x22 ./Src/main.o
 .debug_macro   0x0000000000000000       0x8e ./Src/main.o
 .debug_macro   0x0000000000000000       0x51 ./Src/main.o
 .debug_macro   0x0000000000000000      0x103 ./Src/main.o
 .debug_macro   0x0000000000000000       0x6a ./Src/main.o
 .debug_macro   0x0000000000000000      0x1df ./Src/main.o
 .debug_macro   0x0000000000000000      0x174 ./Src/main.o
 .debug_macro   0x0000000000000000      0xb2d ./Src/main.o
 .debug_macro   0x0000000000000000       0xc4 ./Src/main.o
 .debug_macro   0x0000000000000000       0x16 ./Src/main.o
 .debug_macro   0x0000000000000000       0x10 ./Src/main.o
 .text          0x0000000000000000       0x14 ./Startup/startup_stm32f446retx.o
 .data          0x0000000000000000        0x0 ./Startup/startup_stm32f446retx.o
 .bss           0x0000000000000000        0x0 ./Startup/startup_stm32f446retx.o
 .text          0x0000000000000000        0x0 c:/st/stm32cubeide_1.11.2/stm32cubeide/plugins/com.st.stm32cube.ide.mcu.externaltools.gnu-tools-for-stm32.10.3-2021.10.win32_1.0.100.202210260954/tools/bin/../lib/gcc/arm-none-eabi/10.3.1/../../../../arm-none-eabi/lib/thumb/v7e-m+fp/hard\libc_nano.a(lib_a-exit.o)
 .data          0x0000000000000000        0x0 c:/st/stm32cubeide_1.11.2/stm32cubeide/plugins/com.st.stm32cube.ide.mcu.externaltools.gnu-tools-for-stm32.10.3-2021.10.win32_1.0.100.202210260954/tools/bin/../lib/gcc/arm-none-eabi/10.3.1/../../../../arm-none-eabi/lib/thumb/v7e-m+fp/hard\libc_nano.a(lib_a-exit.o)
 .bss           0x0000000000000000        0x0 c:/st/stm32cubeide_1.11.2/stm32cubeide/plugins/com.st.stm32cube.ide.mcu.externaltools.gnu-tools-for-stm32.10.3-2021.10.win32_1.0.100.202210260954/tools/bin/../lib/gcc/arm-none-eabi/10.3.1/../../../../arm-none-eabi/lib/thumb/v7e-m+fp/hard\libc_nano.a(lib_a-exit.o)
 .text.exit     0x0000000000000000       0x28 c:/st/stm32cubeide_1.11.2/stm32cubeide/plugins/com.st.stm32cube.ide.mcu.externaltools.gnu-tools-for-stm32.10.3-2021.10.win32_1.0.100.202210260954/tools/bin/../lib/gcc/arm-none-eabi/10.3.1/../../../../arm-none-eabi/lib/thumb/v7e-m+fp/hard\libc_nano.a(lib_a-exit.o)
 .debug_frame   0x0000000000000000       0x28 c:/st/stm32cubeide_1.11.2/stm32cubeide/plugins/com.st.stm32cube.ide.mcu.externaltools.gnu-tools-for-stm32.10.3-2021.10.win32_1.0.100.202210260954/tools/bin/../lib/gcc/arm-none-eabi/10.3.1/../../../../arm-none-eabi/lib/thumb/v7e-m+fp/hard\libc_nano.a(lib_a-exit.o)
 .ARM.attributes
                0x0000000000000000       0x34 c:/st/stm32cubeide_1.11.2/stm32cubeide/plugins/com.st.stm32cube.ide.mcu.externaltools.gnu-tools-for-stm32.10.3-2021.10.win32_1.0.100.202210260954/tools/bin/../lib/gcc/arm-none-eabi/10.3.1/../../../../arm-none-eabi/lib/thumb/v7e-m+fp/hard\libc_nano.a(lib_a-exit.o)
 .text          0x0000000000000000        0x0 c:/st/stm32cubeide_1.11.2/stm32cubeide/plugins/com.st.stm32cube.ide.mcu.externaltools.gnu-tools-for-stm32.10.3-2021.10.win32_1.0.100.202210260954/tools/bin/../lib/gcc/arm-none-eabi/10.3.1/../../../../arm-none-eabi/lib/thumb/v7e-m+fp/hard\libc_nano.a(lib_a-impure.o)
 .data          0x0000000000000000        0x0 c:/st/stm32cubeide_1.11.2/stm32cubeide/plugins/com.st.stm32cube.ide.mcu.externaltools.gnu-tools-for-stm32.10.3-2021.10.win32_1.0.100.202210260954/tools/bin/../lib/gcc/arm-none-eabi/10.3.1/../../../../arm-none-eabi/lib/thumb/v7e-m+fp/hard\libc_nano.a(lib_a-impure.o)
 .bss           0x0000000000000000        0x0 c:/st/stm32cubeide_1.11.2/stm32cubeide/plugins/com.st.stm32cube.ide.mcu.externaltools.gnu-tools-for-stm32.10.3-2021.10.win32_1.0.100.202210260954/tools/bin/../lib/gcc/arm-none-eabi/10.3.1/../../../../arm-none-eabi/lib/thumb/v7e-m+fp/hard\libc_nano.a(lib_a-impure.o)
 .data._impure_ptr
                0x0000000000000000        0x4 c:/st/stm32cubeide_1.11.2/stm32cubeide/plugins/com.st.stm32cube.ide.mcu.externaltools.gnu-tools-for-stm32.10.3-2021.10.win32_1.0.100.202210260954/tools/bin/../lib/gcc/arm-none-eabi/10.3.1/../../../../arm-none-eabi/lib/thumb/v7e-m+fp/hard\libc_nano.a(lib_a-impure.o)
 .data.impure_data
                0x0000000000000000       0x60 c:/st/stm32cubeide_1.11.2/stm32cubeide/plugins/com.st.stm32cube.ide.mcu.externaltools.gnu-tools-for-stm32.10.3-2021.10.win32_1.0.100.202210260954/tools/bin/../lib/gcc/arm-none-eabi/10.3.1/../../../../arm-none-eabi/lib/thumb/v7e-m+fp/hard\libc_nano.a(lib_a-impure.o)
 .rodata._global_impure_ptr
                0x0000000000000000        0x4 c:/st/stm32cubeide_1.11.2/stm32cubeide/plugins/com.st.stm32cube.ide.mcu.externaltools.gnu-tools-for-stm32.10.3-2021.10.win32_1.0.100.202210260954/tools/bin/../lib/gcc/arm-none-eabi/10.3.1/../../../../arm-none-eabi/lib/thumb/v7e-m+fp/hard\libc_nano.a(lib_a-impure.o)
 .ARM.attributes
                0x0000000000000000       0x34 c:/st/stm32cubeide_1.11.2/stm32cubeide/plugins/com.st.stm32cube.ide.mcu.externaltools.gnu-tools-for-stm32.10.3-2021.10.win32_1.0.100.202210260954/tools/bin/../lib/gcc/arm-none-eabi/10.3.1/../../../../arm-none-eabi/lib/thumb/v7e-m+fp/hard\libc_nano.a(lib_a-impure.o)
 .text          0x0000000000000000        0x0 c:/st/stm32cubeide_1.11.2/stm32cubeide/plugins/com.st.stm32cube.ide.mcu.externaltools.gnu-tools-for-stm32.10.3-2021.10.win32_1.0.100.202210260954/tools/bin/../lib/gcc/arm-none-eabi/10.3.1/../../../../arm-none-eabi/lib/thumb/v7e-m+fp/hard\libc_nano.a(lib_a-init.o)
 .data          0x0000000000000000        0x0 c:/st/stm32cubeide_1.11.2/stm32cubeide/plugins/com.st.stm32cube.ide.mcu.externaltools.gnu-tools-for-stm32.10.3-2021.10.win32_1.0.100.202210260954/tools/bin/../lib/gcc/arm-none-eabi/10.3.1/../../../../arm-none-eabi/lib/thumb/v7e-m+fp/hard\libc_nano.a(lib_a-init.o)
 .bss           0x0000000000000000        0x0 c:/st/stm32cubeide_1.11.2/stm32cubeide/plugins/com.st.stm32cube.ide.mcu.externaltools.gnu-tools-for-stm32.10.3-2021.10.win32_1.0.100.202210260954/tools/bin/../lib/gcc/arm-none-eabi/10.3.1/../../../../arm-none-eabi/lib/thumb/v7e-m+fp/hard\libc_nano.a(lib_a-init.o)
 .text          0x0000000000000000        0x0 c:/st/stm32cubeide_1.11.2/stm32cubeide/plugins/com.st.stm32cube.ide.mcu.externaltools.gnu-tools-for-stm32.10.3-2021.10.win32_1.0.100.202210260954/tools/bin/../lib/gcc/arm-none-eabi/10.3.1/../../../../arm-none-eabi/lib/thumb/v7e-m+fp/hard\libc_nano.a(lib_a-memset.o)
 .data          0x0000000000000000        0x0 c:/st/stm32cubeide_1.11.2/stm32cubeide/plugins/com.st.stm32cube.ide.mcu.externaltools.gnu-tools-for-stm32.10.3-2021.10.win32_1.0.100.202210260954/tools/bin/../lib/gcc/arm-none-eabi/10.3.1/../../../../arm-none-eabi/lib/thumb/v7e-m+fp/hard\libc_nano.a(lib_a-memset.o)
 .bss           0x0000000000000000        0x0 c:/st/stm32cubeide_1.11.2/stm32cubeide/plugins/com.st.stm32cube.ide.mcu.externaltools.gnu-tools-for-stm32.10.3-2021.10.win32_1.0.100.202210260954/tools/bin/../lib/gcc/arm-none-eabi/10.3.1/../../../../arm-none-eabi/lib/thumb/v7e-m+fp/hard\libc_nano.a(lib_a-memset.o)
 .text.memset   0x0000000000000000       0x10 c:/st/stm32cubeide_1.11.2/stm32cubeide/plugins/com.st.stm32cube.ide.mcu.externaltools.gnu-tools-for-stm32.10.3-2021.10.win32_1.0.100.202210260954/tools/bin/../lib/gcc/arm-none-eabi/10.3.1/../../../../arm-none-eabi/lib/thumb/v7e-m+fp/hard\libc_nano.a(lib_a-memset.o)
 .debug_frame   0x0000000000000000       0x20 c:/st/stm32cubeide_1.11.2/stm32cubeide/plugins/com.st.stm32cube.ide.mcu.externaltools.gnu-tools-for-stm32.10.3-2021.10.win32_1.0.100.202210260954/tools/bin/../lib/gcc/arm-none-eabi/10.3.1/../../../../arm-none-eabi/lib/thumb/v7e-m+fp/hard\libc_nano.a(lib_a-memset.o)
 .ARM.attributes
                0x0000000000000000       0x34 c:/st/stm32cubeide_1.11.2/stm32cubeide/plugins/com.st.stm32cube.ide.mcu.externaltools.gnu-tools-for-stm32.10.3-2021.10.win32_1.0.100.202210260954/tools/bin/../lib/gcc/arm-none-eabi/10.3.1/../../../../arm-none-eabi/lib/thumb/v7e-m+fp/hard\libc_nano.a(lib_a-memset.o)
 .text          0x0000000000000000        0x0 c:/st/stm32cubeide_1.11.2/stm32cubeide/plugins/com.st.stm32cube.ide.mcu.externaltools.gnu-tools-for-stm32.10.3-2021.10.win32_1.0.100.202210260954/tools/bin/../lib/gcc/arm-none-eabi/10.3.1/../../../../arm-none-eabi/lib/thumb/v7e-m+fp/hard\libnosys.a(_exit.o)
 .data          0x0000000000000000        0x0 c:/st/stm32cubeide_1.11.2/stm32cubeide/plugins/com.st.stm32cube.ide.mcu.externaltools.gnu-tools-for-stm32.10.3-2021.10.win32_1.0.100.202210260954/tools/bin/../lib/gcc/arm-none-eabi/10.3.1/../../../../arm-none-eabi/lib/thumb/v7e-m+fp/hard\libnosys.a(_exit.o)
 .bss           0x0000000000000000        0x0 c:/st/stm32cubeide_1.11.2/stm32cubeide/plugins/com.st.stm32cube.ide.mcu.externaltools.gnu-tools-for-stm32.10.3-2021.10.win32_1.0.100.202210260954/tools/bin/../lib/gcc/arm-none-eabi/10.3.1/../../../../arm-none-eabi/lib/thumb/v7e-m+fp/hard\libnosys.a(_exit.o)
 .text._exit    0x0000000000000000        0x2 c:/st/stm32cubeide_1.11.2/stm32cubeide/plugins/com.st.stm32cube.ide.mcu.externaltools.gnu-tools-for-stm32.10.3-2021.10.win32_1.0.100.202210260954/tools/bin/../lib/gcc/arm-none-eabi/10.3.1/../../../../arm-none-eabi/lib/thumb/v7e-m+fp/hard\libnosys.a(_exit.o)
 .debug_frame   0x0000000000000000       0x20 c:/st/stm32cubeide_1.11.2/stm32cubeide/plugins/com.st.stm32cube.ide.mcu.externaltools.gnu-tools-for-stm32.10.3-2021.10.win32_1.0.100.202210260954/tools/bin/../lib/gcc/arm-none-eabi/10.3.1/../../../../arm-none-eabi/lib/thumb/v7e-m+fp/hard\libnosys.a(_exit.o)
 .ARM.attributes
                0x0000000000000000       0x34 c:/st/stm32cubeide_1.11.2/stm32cubeide/plugins/com.st.stm32cube.ide.mcu.externaltools.gnu-tools-for-stm32.10.3-2021.10.win32_1.0.100.202210260954/tools/bin/../lib/gcc/arm-none-eabi/10.3.1/../../../../arm-none-eabi/lib/thumb/v7e-m+fp/hard\libnosys.a(_exit.o)
 .text          0x0000000000000000        0x0 c:/st/stm32cubeide_1.11.2/stm32cubeide/plugins/com.st.stm32cube.ide.mcu.externaltools.gnu-tools-for-stm32.10.3-2021.10.win32_1.0.100.202210260954/tools/bin/../lib/gcc/arm-none-eabi/10.3.1/thumb/v7e-m+fp/hard/crtend.o
 .data          0x0000000000000000        0x0 c:/st/stm32cubeide_1.11.2/stm32cubeide/plugins/com.st.stm32cube.ide.mcu.externaltools.gnu-tools-for-stm32.10.3-2021.10.win32_1.0.100.202210260954/tools/bin/../lib/gcc/arm-none-eabi/10.3.1/thumb/v7e-m+fp/hard/crtend.o
 .bss           0x0000000000000000        0x0 c:/st/stm32cubeide_1.11.2/stm32cubeide/plugins/com.st.stm32cube.ide.mcu.externaltools.gnu-tools-for-stm32.10.3-2021.10.win32_1.0.100.202210260954/tools/bin/../lib/gcc/arm-none-eabi/10.3.1/thumb/v7e-m+fp/hard/crtend.o
 .rodata        0x0000000000000000       0x24 c:/st/stm32cubeide_1.11.2/stm32cubeide/plugins/com.st.stm32cube.ide.mcu.externaltools.gnu-tools-for-stm32.10.3-2021.10.win32_1.0.100.202210260954/tools/bin/../lib/gcc/arm-none-eabi/10.3.1/thumb/v7e-m+fp/hard/crtend.o
 .eh_frame      0x0000000000000000        0x4 c:/st/stm32cubeide_1.11.2/stm32cubeide/plugins/com.st.stm32cube.ide.mcu.externaltools.gnu-tools-for-stm32.10.3-2021.10.win32_1.0.100.202210260954/tools/bin/../lib/gcc/arm-none-eabi/10.3.1/thumb/v7e-m+fp/hard/crtend.o
 .ARM.attributes
                0x0000000000000000       0x34 c:/st/stm32cubeide_1.11.2/stm32cubeide/plugins/com.st.stm32cube.ide.mcu.externaltools.gnu-tools-for-stm32.10.3-2021.10.win32_1.0.100.202210260954/tools/bin/../lib/gcc/arm-none-eabi/10.3.1/thumb/v7e-m+fp/hard/crtend.o
 .text          0x0000000000000000        0x0 c:/st/stm32cubeide_1.11.2/stm32cubeide/plugins/com.st.stm32cube.ide.mcu.externaltools.gnu-tools-for-stm32.10.3-2021.10.win32_1.0.100.202210260954/tools/bin/../lib/gcc/arm-none-eabi/10.3.1/thumb/v7e-m+fp/hard/crtn.o
 .data          0x0000000000000000        0x0 c:/st/stm32cubeide_1.11.2/stm32cubeide/plugins/com.st.stm32cube.ide.mcu.externaltools.gnu-tools-for-stm32.10.3-2021.10.win32_1.0.100.202210260954/tools/bin/../lib/gcc/arm-none-eabi/10.3.1/thumb/v7e-m+fp/hard/crtn.o
 .bss           0x0000000000000000        0x0 c:/st/stm32cubeide_1.11.2/stm32cubeide/plugins/com.st.stm32cube.ide.mcu.externaltools.gnu-tools-for-stm32.10.3-2021.10.win32_1.0.100.202210260954/tools/bin/../lib/gcc/arm-none-eabi/10.3.1/thumb/v7e-m+fp/hard/crtn.o

Memory Configuration

Name             Origin             Length             Attributes
RAM              0x0000000020000000 0x0000000000020000 xrw
FLASH            0x0000000008000000 0x0000000000080000 xr
*default*        0x0000000000000000 0xffffffffffffffff

Linker script and memory map

LOAD c:/st/stm32cubeide_1.11.2/stm32cubeide/plugins/com.st.stm32cube.ide.mcu.externaltools.gnu-tools-for-stm32.10.3-2021.10.win32_1.0.100.202210260954/tools/bin/../lib/gcc/arm-none-eabi/10.3.1/thumb/v7e-m+fp/hard/crti.o
LOAD c:/st/stm32cubeide_1.11.2/stm32cubeide/plugins/com.st.stm32cube.ide.mcu.externaltools.gnu-tools-for-stm32.10.3-2021.10.win32_1.0.100.202210260954/tools/bin/../lib/gcc/arm-none-eabi/10.3.1/thumb/v7e-m+fp/hard/crtbegin.o
LOAD c:/st/stm32cubeide_1.11.2/stm32cubeide/plugins/com.st.stm32cube.ide.mcu.externaltools.gnu-tools-for-stm32.10.3-2021.10.win32_1.0.100.202210260954/tools/bin/../lib/gcc/arm-none-eabi/10.3.1/../../../../arm-none-eabi/lib/thumb/v7e-m+fp/hard/crt0.o
LOAD ./BSP/bsp.o
LOAD ./Drivers/GPIO_DRIVERS/GPIO_driver.o
LOAD ./Drivers/I2C_Driver/I2C_Driver.o
LOAD ./Drivers/RCC_Driver/RCC_driver.o
LOAD ./Drivers/SPI_DRIVER/SPI_driver.o
LOAD ./Drivers/Timer_Driver/Timer_Driver.o
LOAD ./Drivers/USART_Driver/USART_driver.o
LOAD ./Src/main.o
LOAD ./Startup/startup_stm32f446retx.o
START GROUP
LOAD c:/st/stm32cubeide_1.11.2/stm32cubeide/plugins/com.st.stm32cube.ide.mcu.externaltools.gnu-tools-for-stm32.10.3-2021.10.win32_1.0.100.202210260954/tools/bin/../lib/gcc/arm-none-eabi/10.3.1/../../../../arm-none-eabi/lib/thumb/v7e-m+fp/hard\libc_nano.a
LOAD c:/st/stm32cubeide_1.11.2/stm32cubeide/plugins/com.st.stm32cube.ide.mcu.externaltools.gnu-tools-for-stm32.10.3-2021.10.win32_1.0.100.202210260954/tools/bin/../lib/gcc/arm-none-eabi/10.3.1/../../../../arm-none-eabi/lib/thumb/v7e-m+fp/hard\libm.a
END GROUP
START GROUP
LOAD c:/st/stm32cubeide_1.11.2/stm32cubeide/plugins/com.st.stm32cube.ide.mcu.externaltools.gnu-tools-for-stm32.10.3-2021.10.win32_1.0.100.202210260954/tools/bin/../lib/gcc/arm-none-eabi/10.3.1/thumb/v7e-m+fp/hard\libgcc.a
LOAD c:/st/stm32cubeide_1.11.2/stm32cubeide/plugins/com.st.stm32cube.ide.mcu.externaltools.gnu-tools-for-stm32.10.3-2021.10.win32_1.0.100.202210260954/tools/bin/../lib/gcc/arm-none-eabi/10.3.1/../../../../arm-none-eabi/lib/thumb/v7e-m+fp/hard\libc_nano.a
END GROUP
START GROUP
LOAD c:/st/stm32cubeide_1.11.2/stm32cubeide/plugins/com.st.stm32cube.ide.mcu.externaltools.gnu-tools-for-stm32.10.3-2021.10.win32_1.0.100.202210260954/tools/bin/../lib/gcc/arm-none-eabi/10.3.1/thumb/v7e-m+fp/hard\libgcc.a
LOAD c:/st/stm32cubeide_1.11.2/stm32cubeide/plugins/com.st.stm32cube.ide.mcu.externaltools.gnu-tools-for-stm32.10.3-2021.10.win32_1.0.100.202210260954/tools/bin/../lib/gcc/arm-none-eabi/10.3.1/../../../../arm-none-eabi/lib/thumb/v7e-m+fp/hard\libc_nano.a
LOAD c:/st/stm32cubeide_1.11.2/stm32cubeide/plugins/com.st.stm32cube.ide.mcu.externaltools.gnu-tools-for-stm32.10.3-2021.10.win32_1.0.100.202210260954/tools/bin/../lib/gcc/arm-none-eabi/10.3.1/../../../../arm-none-eabi/lib/thumb/v7e-m+fp/hard\libnosys.a
END GROUP
START GROUP
LOAD c:/st/stm32cubeide_1.11.2/stm32cubeide/plugins/com.st.stm32cube.ide.mcu.externaltools.gnu-tools-for-stm32.10.3-2021.10.win32_1.0.100.202210260954/tools/bin/../lib/gcc/arm-none-eabi/10.3.1/thumb/v7e-m+fp/hard\libgcc.a
LOAD c:/st/stm32cubeide_1.11.2/stm32cubeide/plugins/com.st.stm32cube.ide.mcu.externaltools.gnu-tools-for-stm32.10.3-2021.10.win32_1.0.100.202210260954/tools/bin/../lib/gcc/arm-none-eabi/10.3.1/../../../../arm-none-eabi/lib/thumb/v7e-m+fp/hard\libc_nano.a
LOAD c:/st/stm32cubeide_1.11.2/stm32cubeide/plugins/com.st.stm32cube.ide.mcu.externaltools.gnu-tools-for-stm32.10.3-2021.10.win32_1.0.100.202210260954/tools/bin/../lib/gcc/arm-none-eabi/10.3.1/../../../../arm-none-eabi/lib/thumb/v7e-m+fp/hard\libnosys.a
END GROUP
LOAD c:/st/stm32cubeide_1.11.2/stm32cubeide/plugins/com.st.stm32cube.ide.mcu.externaltools.gnu-tools-for-stm32.10.3-2021.10.win32_1.0.100.202210260954/tools/bin/../lib/gcc/arm-none-eabi/10.3.1/thumb/v7e-m+fp/hard/crtend.o
LOAD c:/st/stm32cubeide_1.11.2/stm32cubeide/plugins/com.st.stm32cube.ide.mcu.externaltools.gnu-tools-for-stm32.10.3-2021.10.win32_1.0.100.202210260954/tools/bin/../lib/gcc/arm-none-eabi/10.3.1/thumb/v7e-m+fp/hard/crtn.o
                0x0000000020020000                _estack = (ORIGIN (RAM) + LENGTH (RAM))
                0x0000000000000200                _Min_Heap_Size = 0x200
                0x0000000000000400                _Min_Stack_Size = 0x400

.isr_vector     0x0000000008000000      0x1c4
                0x0000000008000000                . = ALIGN (0x4)
 *(.isr_vector)
 .isr_vector    0x0000000008000000      0x1c4 ./Startup/startup_stm32f446retx.o
                0x0000000008000000                g_pfnVectors
                0x00000000080001c4                . = ALIGN (0x4)

.text           0x00000000080001c4      0x88c
                0x00000000080001c4                . = ALIGN (0x4)
 *(.text)
 .text          0x00000000080001c4       0x40 c:/st/stm32cubeide_1.11.2/stm32cubeide/plugins/com.st.stm32cube.ide.mcu.externaltools.gnu-tools-for-stm32.10.3-2021.10.win32_1.0.100.202210260954/tools/bin/../lib/gcc/arm-none-eabi/10.3.1/thumb/v7e-m+fp/hard/crtbegin.o
 *(.text*)
 .text.systick_init
                0x0000000008000204       0x54 ./BSP/bsp.o
                0x0000000008000204                systick_init
 .text.GPIO_TIM2Init
                0x0000000008000258       0x5a ./BSP/bsp.o
                0x0000000008000258                GPIO_TIM2Init
 *fill*         0x00000000080002b2        0x2 
 .text.GPIO_CLKCNT
                0x00000000080002b4      0x1a0 ./Drivers/GPIO_DRIVERS/GPIO_driver.o
                0x00000000080002b4                GPIO_CLKCNT
 .text.GPIO_PORTCODE
                0x0000000008000454       0x2c ./Drivers/GPIO_DRIVERS/GPIO_driver.o
 .text.GPIO_Init
                0x0000000008000480      0x298 ./Drivers/GPIO_DRIVERS/GPIO_driver.o
                0x0000000008000480                GPIO_Init
 .text.main     0x0000000008000718       0x9c ./Src/main.o
                0x0000000008000718                main
 .text.SysTick_Handler
                0x00000000080007b4       0x1c ./Src/main.o
                0x00000000080007b4                SysTick_Handler
 .text.timer_setup
                0x00000000080007d0       0x3c ./Src/main.o
 .text.timer_set_mode
                0x000000000800080c       0x50 ./Src/main.o
 .text.timer_set_oc_mode
                0x000000000800085c       0x6a ./Src/main.o
 .text.timer_enable_counter
                0x00000000080008c6       0x1a ./Src/main.o
 .text.timer_enable_oc_output
                0x00000000080008e0       0x1e ./Src/main.o
 .text.timer_set_period
                0x00000000080008fe       0x1c ./Src/main.o
 .text.timer_set_prescaler
                0x000000000800091a       0x1c ./Src/main.o
 *fill*         0x0000000008000936        0x2 
 .text.SetDuty  0x0000000008000938       0x3c ./Src/main.o
 .text.timer_set_oc_value
                0x0000000008000974       0x28 ./Src/main.o
 .text.Reset_Handler
                0x000000000800099c       0x50 ./Startup/startup_stm32f446retx.o
                0x000000000800099c                Reset_Handler
 .text.Default_Handler
                0x00000000080009ec        0x2 ./Startup/startup_stm32f446retx.o
                0x00000000080009ec                RTC_Alarm_IRQHandler
                0x00000000080009ec                EXTI2_IRQHandler
                0x00000000080009ec                TIM8_CC_IRQHandler
                0x00000000080009ec                SPDIF_Rx_IRQHandler
                0x00000000080009ec                DebugMon_Handler
                0x00000000080009ec                SPI4_IRQHandler
                0x00000000080009ec                TIM1_CC_IRQHandler
                0x00000000080009ec                QuadSPI_IRQHandler
                0x00000000080009ec                DMA2_Stream5_IRQHandler
                0x00000000080009ec                HardFault_Handler
                0x00000000080009ec                DMA1_Stream5_IRQHandler
                0x00000000080009ec                PVD_IRQHandler
                0x00000000080009ec                SDIO_IRQHandler
                0x00000000080009ec                TAMP_STAMP_IRQHandler
                0x00000000080009ec                PendSV_Handler
                0x00000000080009ec                NMI_Handler
                0x00000000080009ec                CAN2_RX1_IRQHandler
                0x00000000080009ec                EXTI3_IRQHandler
                0x00000000080009ec                TIM8_TRG_COM_TIM14_IRQHandler
                0x00000000080009ec                TIM1_UP_TIM10_IRQHandler
                0x00000000080009ec                FMPI2C1_error_IRQHandler
                0x00000000080009ec                TIM8_UP_TIM13_IRQHandler
                0x00000000080009ec                I2C3_ER_IRQHandler
                0x00000000080009ec                EXTI0_IRQHandler
                0x00000000080009ec                I2C2_EV_IRQHandler
                0x00000000080009ec                DMA1_Stream2_IRQHandler
                0x00000000080009ec                CAN1_RX0_IRQHandler
                0x00000000080009ec                OTG_HS_WKUP_IRQHandler
                0x00000000080009ec                UsageFault_Handler
                0x00000000080009ec                CAN2_SCE_IRQHandler
                0x00000000080009ec                DMA2_Stream2_IRQHandler
                0x00000000080009ec                SPI1_IRQHandler
                0x00000000080009ec                TIM6_DAC_IRQHandler
                0x00000000080009ec                TIM1_BRK_TIM9_IRQHandler
                0x00000000080009ec                DCMI_IRQHandler
                0x00000000080009ec                CAN2_RX0_IRQHandler
                0x00000000080009ec                DMA2_Stream3_IRQHandler
                0x00000000080009ec                FMPI2C1_IRQHandler
                0x00000000080009ec                SAI2_IRQHandler
                0x00000000080009ec                USART6_IRQHandler
                0x00000000080009ec                USART3_IRQHandler
                0x00000000080009ec                CAN1_RX1_IRQHandler
                0x00000000080009ec                UART5_IRQHandler
                0x00000000080009ec                DMA2_Stream0_IRQHandler
                0x00000000080009ec                TIM4_IRQHandler
                0x00000000080009ec                I2C1_EV_IRQHandler
                0x00000000080009ec                HDMI_CEC_IRQHandler
                0x00000000080009ec                DMA1_Stream6_IRQHandler
                0x00000000080009ec                DMA1_Stream1_IRQHandler
                0x00000000080009ec                UART4_IRQHandler
                0x00000000080009ec                TIM3_IRQHandler
                0x00000000080009ec                RCC_IRQHandler
                0x00000000080009ec                TIM8_BRK_TIM12_IRQHandler
                0x00000000080009ec                Default_Handler
                0x00000000080009ec                EXTI15_10_IRQHandler
                0x00000000080009ec                ADC_IRQHandler
                0x00000000080009ec                DMA1_Stream7_IRQHandler
                0x00000000080009ec                TIM7_IRQHandler
                0x00000000080009ec                CAN2_TX_IRQHandler
                0x00000000080009ec                TIM5_IRQHandler
                0x00000000080009ec                DMA2_Stream7_IRQHandler
                0x00000000080009ec                I2C3_EV_IRQHandler
                0x00000000080009ec                EXTI9_5_IRQHandler
                0x00000000080009ec                RTC_WKUP_IRQHandler
                0x00000000080009ec                SPI2_IRQHandler
                0x00000000080009ec                OTG_HS_EP1_IN_IRQHandler
                0x00000000080009ec                MemManage_Handler
                0x00000000080009ec                DMA1_Stream0_IRQHandler
                0x00000000080009ec                CAN1_TX_IRQHandler
                0x00000000080009ec                SVC_Handler
                0x00000000080009ec                EXTI4_IRQHandler
                0x00000000080009ec                OTG_HS_EP1_OUT_IRQHandler
                0x00000000080009ec                WWDG_IRQHandler
                0x00000000080009ec                TIM2_IRQHandler
                0x00000000080009ec                OTG_FS_WKUP_IRQHandler
                0x00000000080009ec                TIM1_TRG_COM_TIM11_IRQHandler
                0x00000000080009ec                OTG_HS_IRQHandler
                0x00000000080009ec                EXTI1_IRQHandler
                0x00000000080009ec                USART2_IRQHandler
                0x00000000080009ec                I2C2_ER_IRQHandler
                0x00000000080009ec                DMA2_Stream1_IRQHandler
                0x00000000080009ec                CAN1_SCE_IRQHandler
                0x00000000080009ec                FLASH_IRQHandler
                0x00000000080009ec                DMA2_Stream4_IRQHandler
                0x00000000080009ec                BusFault_Handler
                0x00000000080009ec                USART1_IRQHandler
                0x00000000080009ec                OTG_FS_IRQHandler
                0x00000000080009ec                SPI3_IRQHandler
                0x00000000080009ec                DMA1_Stream4_IRQHandler
                0x00000000080009ec                I2C1_ER_IRQHandler
                0x00000000080009ec                FMC_IRQHandler
                0x00000000080009ec                DMA2_Stream6_IRQHandler
                0x00000000080009ec                SAI1_IRQHandler
                0x00000000080009ec                DMA1_Stream3_IRQHandler
 *fill*         0x00000000080009ee        0x2 
 .text.__libc_init_array
                0x00000000080009f0       0x48 c:/st/stm32cubeide_1.11.2/stm32cubeide/plugins/com.st.stm32cube.ide.mcu.externaltools.gnu-tools-for-stm32.10.3-2021.10.win32_1.0.100.202210260954/tools/bin/../lib/gcc/arm-none-eabi/10.3.1/../../../../arm-none-eabi/lib/thumb/v7e-m+fp/hard\libc_nano.a(lib_a-init.o)
                0x00000000080009f0                __libc_init_array
 *(.glue_7)
 .glue_7        0x0000000008000a38        0x0 linker stubs
 *(.glue_7t)
 .glue_7t       0x0000000008000a38        0x0 linker stubs
 *(.eh_frame)
 .eh_frame      0x0000000008000a38        0x0 c:/st/stm32cubeide_1.11.2/stm32cubeide/plugins/com.st.stm32cube.ide.mcu.externaltools.gnu-tools-for-stm32.10.3-2021.10.win32_1.0.100.202210260954/tools/bin/../lib/gcc/arm-none-eabi/10.3.1/thumb/v7e-m+fp/hard/crtbegin.o
 *(.init)
 .init          0x0000000008000a38        0x4 c:/st/stm32cubeide_1.11.2/stm32cubeide/plugins/com.st.stm32cube.ide.mcu.externaltools.gnu-tools-for-stm32.10.3-2021.10.win32_1.0.100.202210260954/tools/bin/../lib/gcc/arm-none-eabi/10.3.1/thumb/v7e-m+fp/hard/crti.o
                0x0000000008000a38                _init
 .init          0x0000000008000a3c        0x8 c:/st/stm32cubeide_1.11.2/stm32cubeide/plugins/com.st.stm32cube.ide.mcu.externaltools.gnu-tools-for-stm32.10.3-2021.10.win32_1.0.100.202210260954/tools/bin/../lib/gcc/arm-none-eabi/10.3.1/thumb/v7e-m+fp/hard/crtn.o
 *(.fini)
 .fini          0x0000000008000a44        0x4 c:/st/stm32cubeide_1.11.2/stm32cubeide/plugins/com.st.stm32cube.ide.mcu.externaltools.gnu-tools-for-stm32.10.3-2021.10.win32_1.0.100.202210260954/tools/bin/../lib/gcc/arm-none-eabi/10.3.1/thumb/v7e-m+fp/hard/crti.o
                0x0000000008000a44                _fini
 .fini          0x0000000008000a48        0x8 c:/st/stm32cubeide_1.11.2/stm32cubeide/plugins/com.st.stm32cube.ide.mcu.externaltools.gnu-tools-for-stm32.10.3-2021.10.win32_1.0.100.202210260954/tools/bin/../lib/gcc/arm-none-eabi/10.3.1/thumb/v7e-m+fp/hard/crtn.o
                0x0000000008000a50                . = ALIGN (0x4)
                0x0000000008000a50                _etext = .

.vfp11_veneer   0x0000000008000a50        0x0
 .vfp11_veneer  0x0000000008000a50        0x0 linker stubs

.v4_bx          0x0000000008000a50        0x0
 .v4_bx         0x0000000008000a50        0x0 linker stubs

.iplt           0x0000000008000a50        0x0
 .iplt          0x0000000008000a50        0x0 c:/st/stm32cubeide_1.11.2/stm32cubeide/plugins/com.st.stm32cube.ide.mcu.externaltools.gnu-tools-for-stm32.10.3-2021.10.win32_1.0.100.202210260954/tools/bin/../lib/gcc/arm-none-eabi/10.3.1/thumb/v7e-m+fp/hard/crtbegin.o

.rel.dyn        0x0000000008000a50        0x0
 .rel.iplt      0x0000000008000a50        0x0 c:/st/stm32cubeide_1.11.2/stm32cubeide/plugins/com.st.stm32cube.ide.mcu.externaltools.gnu-tools-for-stm32.10.3-2021.10.win32_1.0.100.202210260954/tools/bin/../lib/gcc/arm-none-eabi/10.3.1/thumb/v7e-m+fp/hard/crtbegin.o

.rodata         0x0000000008000a50        0x0
                0x0000000008000a50                . = ALIGN (0x4)
 *(.rodata)
 *(.rodata*)
                0x0000000008000a50                . = ALIGN (0x4)

.ARM.extab      0x0000000008000a50        0x0
                0x0000000008000a50                . = ALIGN (0x4)
 *(.ARM.extab* .gnu.linkonce.armextab.*)
                0x0000000008000a50                . = ALIGN (0x4)

.ARM            0x0000000008000a50        0x0
                0x0000000008000a50                . = ALIGN (0x4)
                0x0000000008000a50                __exidx_start = .
 *(.ARM.exidx*)
                0x0000000008000a50                __exidx_end = .
                0x0000000008000a50                . = ALIGN (0x4)

.preinit_array  0x0000000008000a50        0x0
                0x0000000008000a50                . = ALIGN (0x4)
                0x0000000008000a50                PROVIDE (__preinit_array_start = .)
 *(.preinit_array*)
                0x0000000008000a50                PROVIDE (__preinit_array_end = .)
                0x0000000008000a50                . = ALIGN (0x4)

.init_array     0x0000000008000a50        0x4
                0x0000000008000a50                . = ALIGN (0x4)
                0x0000000008000a50                PROVIDE (__init_array_start = .)
 *(SORT_BY_NAME(.init_array.*))
 *(.init_array*)
 .init_array    0x0000000008000a50        0x4 c:/st/stm32cubeide_1.11.2/stm32cubeide/plugins/com.st.stm32cube.ide.mcu.externaltools.gnu-tools-for-stm32.10.3-2021.10.win32_1.0.100.202210260954/tools/bin/../lib/gcc/arm-none-eabi/10.3.1/thumb/v7e-m+fp/hard/crtbegin.o
                0x0000000008000a54                PROVIDE (__init_array_end = .)
                0x0000000008000a54                . = ALIGN (0x4)

.fini_array     0x0000000008000a54        0x4
                0x0000000008000a54                . = ALIGN (0x4)
                [!provide]                        PROVIDE (__fini_array_start = .)
 *(SORT_BY_NAME(.fini_array.*))
 *(.fini_array*)
 .fini_array    0x0000000008000a54        0x4 c:/st/stm32cubeide_1.11.2/stm32cubeide/plugins/com.st.stm32cube.ide.mcu.externaltools.gnu-tools-for-stm32.10.3-2021.10.win32_1.0.100.202210260954/tools/bin/../lib/gcc/arm-none-eabi/10.3.1/thumb/v7e-m+fp/hard/crtbegin.o
                [!provide]                        PROVIDE (__fini_array_end = .)
                0x0000000008000a58                . = ALIGN (0x4)
                0x0000000008000a58                _sidata = LOADADDR (.data)

.data           0x0000000020000000        0x4 load address 0x0000000008000a58
                0x0000000020000000                . = ALIGN (0x4)
                0x0000000020000000                _sdata = .
 *(.data)
 *(.data*)
 .data.TicksPerSecond
                0x0000000020000000        0x4 ./Src/main.o
                0x0000000020000000                TicksPerSecond
 *(.RamFunc)
 *(.RamFunc*)
                0x0000000020000004                . = ALIGN (0x4)
                0x0000000020000004                _edata = .

.igot.plt       0x0000000020000004        0x0 load address 0x0000000008000a5c
 .igot.plt      0x0000000020000004        0x0 c:/st/stm32cubeide_1.11.2/stm32cubeide/plugins/com.st.stm32cube.ide.mcu.externaltools.gnu-tools-for-stm32.10.3-2021.10.win32_1.0.100.202210260954/tools/bin/../lib/gcc/arm-none-eabi/10.3.1/thumb/v7e-m+fp/hard/crtbegin.o
                0x0000000020000004                . = ALIGN (0x4)

.bss            0x0000000020000004       0x20 load address 0x0000000008000a5c
                0x0000000020000004                _sbss = .
                0x0000000020000004                __bss_start__ = _sbss
 *(.bss)
 .bss           0x0000000020000004       0x1c c:/st/stm32cubeide_1.11.2/stm32cubeide/plugins/com.st.stm32cube.ide.mcu.externaltools.gnu-tools-for-stm32.10.3-2021.10.win32_1.0.100.202210260954/tools/bin/../lib/gcc/arm-none-eabi/10.3.1/thumb/v7e-m+fp/hard/crtbegin.o
 *(.bss*)
 .bss.Ticks     0x0000000020000020        0x4 ./Src/main.o
                0x0000000020000020                Ticks
 *(COMMON)
                0x0000000020000024                . = ALIGN (0x4)
                0x0000000020000024                _ebss = .
                0x0000000020000024                __bss_end__ = _ebss

._user_heap_stack
                0x0000000020000024      0x604 load address 0x0000000008000a5c
                0x0000000020000028                . = ALIGN (0x8)
 *fill*         0x0000000020000024        0x4 
                [!provide]                        PROVIDE (end = .)
                [!provide]                        PROVIDE (_end = .)
                0x0000000020000228                . = (. + _Min_Heap_Size)
 *fill*         0x0000000020000028      0x200 
                0x0000000020000628                . = (. + _Min_Stack_Size)
 *fill*         0x0000000020000228      0x400 
                0x0000000020000628                . = ALIGN (0x8)

/DISCARD/
 libc.a(*)
 libm.a(*)
 libgcc.a(*)

.ARM.attributes
                0x0000000000000000       0x30
 *(.ARM.attributes)
 .ARM.attributes
                0x0000000000000000       0x1e c:/st/stm32cubeide_1.11.2/stm32cubeide/plugins/com.st.stm32cube.ide.mcu.externaltools.gnu-tools-for-stm32.10.3-2021.10.win32_1.0.100.202210260954/tools/bin/../lib/gcc/arm-none-eabi/10.3.1/thumb/v7e-m+fp/hard/crti.o
 .ARM.attributes
                0x000000000000001e       0x34 c:/st/stm32cubeide_1.11.2/stm32cubeide/plugins/com.st.stm32cube.ide.mcu.externaltools.gnu-tools-for-stm32.10.3-2021.10.win32_1.0.100.202210260954/tools/bin/../lib/gcc/arm-none-eabi/10.3.1/thumb/v7e-m+fp/hard/crtbegin.o
 .ARM.attributes
                0x0000000000000052       0x34 ./BSP/bsp.o
 .ARM.attributes
                0x0000000000000086       0x34 ./Drivers/GPIO_DRIVERS/GPIO_driver.o
 .ARM.attributes
                0x00000000000000ba       0x34 ./Src/main.o
 .ARM.attributes
                0x00000000000000ee       0x21 ./Startup/startup_stm32f446retx.o
 .ARM.attributes
                0x000000000000010f       0x34 c:/st/stm32cubeide_1.11.2/stm32cubeide/plugins/com.st.stm32cube.ide.mcu.externaltools.gnu-tools-for-stm32.10.3-2021.10.win32_1.0.100.202210260954/tools/bin/../lib/gcc/arm-none-eabi/10.3.1/../../../../arm-none-eabi/lib/thumb/v7e-m+fp/hard\libc_nano.a(lib_a-init.o)
 .ARM.attributes
                0x0000000000000143       0x1e c:/st/stm32cubeide_1.11.2/stm32cubeide/plugins/com.st.stm32cube.ide.mcu.externaltools.gnu-tools-for-stm32.10.3-2021.10.win32_1.0.100.202210260954/tools/bin/../lib/gcc/arm-none-eabi/10.3.1/thumb/v7e-m+fp/hard/crtn.o
OUTPUT(LedDimmer.elf elf32-littlearm)
LOAD linker stubs
LOAD c:/st/stm32cubeide_1.11.2/stm32cubeide/plugins/com.st.stm32cube.ide.mcu.externaltools.gnu-tools-for-stm32.10.3-2021.10.win32_1.0.100.202210260954/tools/bin/../lib/gcc/arm-none-eabi/10.3.1/../../../../arm-none-eabi/lib/thumb/v7e-m+fp/hard\libc.a
LOAD c:/st/stm32cubeide_1.11.2/stm32cubeide/plugins/com.st.stm32cube.ide.mcu.externaltools.gnu-tools-for-stm32.10.3-2021.10.win32_1.0.100.202210260954/tools/bin/../lib/gcc/arm-none-eabi/10.3.1/../../../../arm-none-eabi/lib/thumb/v7e-m+fp/hard\libm.a
LOAD c:/st/stm32cubeide_1.11.2/stm32cubeide/plugins/com.st.stm32cube.ide.mcu.externaltools.gnu-tools-for-stm32.10.3-2021.10.win32_1.0.100.202210260954/tools/bin/../lib/gcc/arm-none-eabi/10.3.1/thumb/v7e-m+fp/hard\libgcc.a

.debug_info     0x0000000000000000     0x145c
 .debug_info    0x0000000000000000      0x463 ./BSP/bsp.o
 .debug_info    0x0000000000000463      0x7dc ./Drivers/GPIO_DRIVERS/GPIO_driver.o
 .debug_info    0x0000000000000c3f      0x7fb ./Src/main.o
 .debug_info    0x000000000000143a       0x22 ./Startup/startup_stm32f446retx.o

.debug_abbrev   0x0000000000000000      0x4c2
 .debug_abbrev  0x0000000000000000      0x14a ./BSP/bsp.o
 .debug_abbrev  0x000000000000014a      0x18f ./Drivers/GPIO_DRIVERS/GPIO_driver.o
 .debug_abbrev  0x00000000000002d9      0x1d7 ./Src/main.o
 .debug_abbrev  0x00000000000004b0       0x12 ./Startup/startup_stm32f446retx.o

.debug_aranges  0x0000000000000000      0x160
 .debug_aranges
                0x0000000000000000       0x50 ./BSP/bsp.o
 .debug_aranges
                0x0000000000000050       0x78 ./Drivers/GPIO_DRIVERS/GPIO_driver.o
 .debug_aranges
                0x00000000000000c8       0x70 ./Src/main.o
 .debug_aranges
                0x0000000000000138       0x28 ./Startup/startup_stm32f446retx.o

.debug_ranges   0x0000000000000000      0x128
 .debug_ranges  0x0000000000000000       0x40 ./BSP/bsp.o
 .debug_ranges  0x0000000000000040       0x68 ./Drivers/GPIO_DRIVERS/GPIO_driver.o
 .debug_ranges  0x00000000000000a8       0x60 ./Src/main.o
 .debug_ranges  0x0000000000000108       0x20 ./Startup/startup_stm32f446retx.o

.debug_macro    0x0000000000000000     0x27c4
 .debug_macro   0x0000000000000000       0x9c ./BSP/bsp.o
 .debug_macro   0x000000000000009c      0xa84 ./BSP/bsp.o
 .debug_macro   0x0000000000000b20       0x22 ./BSP/bsp.o
 .debug_macro   0x0000000000000b42       0x8e ./BSP/bsp.o
 .debug_macro   0x0000000000000bd0       0x51 ./BSP/bsp.o
 .debug_macro   0x0000000000000c21      0x103 ./BSP/bsp.o
 .debug_macro   0x0000000000000d24       0x6a ./BSP/bsp.o
 .debug_macro   0x0000000000000d8e      0x1df ./BSP/bsp.o
 .debug_macro   0x0000000000000f6d      0x174 ./BSP/bsp.o
 .debug_macro   0x00000000000010e1      0xb2d ./BSP/bsp.o
 .debug_macro   0x0000000000001c0e       0xc4 ./BSP/bsp.o
 .debug_macro   0x0000000000001cd2       0x10 ./BSP/bsp.o
 .debug_macro   0x0000000000001ce2       0xe2 ./BSP/bsp.o
 .debug_macro   0x0000000000001dc4       0x8a ./Drivers/GPIO_DRIVERS/GPIO_driver.o
 .debug_macro   0x0000000000001e4e       0xc4 ./Drivers/GPIO_DRIVERS/GPIO_driver.o
 .debug_macro   0x0000000000001f12      0x180 ./Src/main.o
 .debug_macro   0x0000000000002092       0x52 ./Src/main.o
 .debug_macro   0x00000000000020e4       0x1e ./Src/main.o
 .debug_macro   0x0000000000002102       0x3c ./Src/main.o
 .debug_macro   0x000000000000213e       0x34 ./Src/main.o
 .debug_macro   0x0000000000002172       0x16 ./Src/main.o
 .debug_macro   0x0000000000002188       0x43 ./Src/main.o
 .debug_macro   0x00000000000021cb       0x34 ./Src/main.o
 .debug_macro   0x00000000000021ff       0x10 ./Src/main.o
 .debug_macro   0x000000000000220f       0x58 ./Src/main.o
 .debug_macro   0x0000000000002267       0x71 ./Src/main.o
 .debug_macro   0x00000000000022d8       0x1c ./Src/main.o
 .debug_macro   0x00000000000022f4      0x12a ./Src/main.o
 .debug_macro   0x000000000000241e      0x341 ./Src/main.o
 .debug_macro   0x000000000000275f       0x10 ./Src/main.o
 .debug_macro   0x000000000000276f       0x35 ./Src/main.o
 .debug_macro   0x00000000000027a4       0x20 ./Src/main.o

.debug_line     0x0000000000000000     0x1615
 .debug_line    0x0000000000000000      0x56b ./BSP/bsp.o
 .debug_line    0x000000000000056b      0x903 ./Drivers/GPIO_DRIVERS/GPIO_driver.o
 .debug_line    0x0000000000000e6e      0x723 ./Src/main.o
 .debug_line    0x0000000000001591       0x84 ./Startup/startup_stm32f446retx.o

.debug_str      0x0000000000000000     0xa215
 .debug_str     0x0000000000000000     0x6e8e ./BSP/bsp.o
                                       0x708d (size before relaxing)
 .debug_str     0x0000000000006e8e      0x2bc ./Drivers/GPIO_DRIVERS/GPIO_driver.o
                                       0x6fcc (size before relaxing)
 .debug_str     0x000000000000714a     0x307e ./Src/main.o
                                       0x9e3a (size before relaxing)
 .debug_str     0x000000000000a1c8       0x4d ./Startup/startup_stm32f446retx.o

.comment        0x0000000000000000       0x50
 .comment       0x0000000000000000       0x50 ./BSP/bsp.o
                                         0x51 (size before relaxing)
 .comment       0x0000000000000050       0x51 ./Drivers/GPIO_DRIVERS/GPIO_driver.o
 .comment       0x0000000000000050       0x51 ./Src/main.o

.debug_frame    0x0000000000000000      0x4c0
 .debug_frame   0x0000000000000000      0x114 ./BSP/bsp.o
 .debug_frame   0x0000000000000114      0x1f0 ./Drivers/GPIO_DRIVERS/GPIO_driver.o
 .debug_frame   0x0000000000000304      0x190 ./Src/main.o
 .debug_frame   0x0000000000000494       0x2c c:/st/stm32cubeide_1.11.2/stm32cubeide/plugins/com.st.stm32cube.ide.mcu.externaltools.gnu-tools-for-stm32.10.3-2021.10.win32_1.0.100.202210260954/tools/bin/../lib/gcc/arm-none-eabi/10.3.1/../../../../arm-none-eabi/lib/thumb/v7e-m+fp/hard\libc_nano.a(lib_a-init.o)
