Archive member included to satisfy reference by file (symbol)

c:/st/stm32cubeide_1.11.2/stm32cubeide/plugins/com.st.stm32cube.ide.mcu.externaltools.gnu-tools-for-stm32.10.3-2021.10.win32_1.0.100.202210260954/tools/bin/../lib/gcc/arm-none-eabi/10.3.1/../../../../arm-none-eabi/lib/thumb/v7e-m/nofp\libc_nano.a(lib_a-errno.o)
                              ./Src/syscalls.o (__errno)
c:/st/stm32cubeide_1.11.2/stm32cubeide/plugins/com.st.stm32cube.ide.mcu.externaltools.gnu-tools-for-stm32.10.3-2021.10.win32_1.0.100.202210260954/tools/bin/../lib/gcc/arm-none-eabi/10.3.1/../../../../arm-none-eabi/lib/thumb/v7e-m/nofp\libc_nano.a(lib_a-exit.o)
                              c:/st/stm32cubeide_1.11.2/stm32cubeide/plugins/com.st.stm32cube.ide.mcu.externaltools.gnu-tools-for-stm32.10.3-2021.10.win32_1.0.100.202210260954/tools/bin/../lib/gcc/arm-none-eabi/10.3.1/../../../../arm-none-eabi/lib/thumb/v7e-m/nofp/crt0.o (exit)
c:/st/stm32cubeide_1.11.2/stm32cubeide/plugins/com.st.stm32cube.ide.mcu.externaltools.gnu-tools-for-stm32.10.3-2021.10.win32_1.0.100.202210260954/tools/bin/../lib/gcc/arm-none-eabi/10.3.1/../../../../arm-none-eabi/lib/thumb/v7e-m/nofp\libc_nano.a(lib_a-impure.o)
                              c:/st/stm32cubeide_1.11.2/stm32cubeide/plugins/com.st.stm32cube.ide.mcu.externaltools.gnu-tools-for-stm32.10.3-2021.10.win32_1.0.100.202210260954/tools/bin/../lib/gcc/arm-none-eabi/10.3.1/../../../../arm-none-eabi/lib/thumb/v7e-m/nofp\libc_nano.a(lib_a-exit.o) (_global_impure_ptr)
c:/st/stm32cubeide_1.11.2/stm32cubeide/plugins/com.st.stm32cube.ide.mcu.externaltools.gnu-tools-for-stm32.10.3-2021.10.win32_1.0.100.202210260954/tools/bin/../lib/gcc/arm-none-eabi/10.3.1/../../../../arm-none-eabi/lib/thumb/v7e-m/nofp\libc_nano.a(lib_a-init.o)
                              c:/st/stm32cubeide_1.11.2/stm32cubeide/plugins/com.st.stm32cube.ide.mcu.externaltools.gnu-tools-for-stm32.10.3-2021.10.win32_1.0.100.202210260954/tools/bin/../lib/gcc/arm-none-eabi/10.3.1/../../../../arm-none-eabi/lib/thumb/v7e-m/nofp/crt0.o (__libc_init_array)
c:/st/stm32cubeide_1.11.2/stm32cubeide/plugins/com.st.stm32cube.ide.mcu.externaltools.gnu-tools-for-stm32.10.3-2021.10.win32_1.0.100.202210260954/tools/bin/../lib/gcc/arm-none-eabi/10.3.1/../../../../arm-none-eabi/lib/thumb/v7e-m/nofp\libc_nano.a(lib_a-memset.o)
                              c:/st/stm32cubeide_1.11.2/stm32cubeide/plugins/com.st.stm32cube.ide.mcu.externaltools.gnu-tools-for-stm32.10.3-2021.10.win32_1.0.100.202210260954/tools/bin/../lib/gcc/arm-none-eabi/10.3.1/../../../../arm-none-eabi/lib/thumb/v7e-m/nofp/crt0.o (memset)

Discarded input sections

 .text          0x0000000000000000        0x0 c:/st/stm32cubeide_1.11.2/stm32cubeide/plugins/com.st.stm32cube.ide.mcu.externaltools.gnu-tools-for-stm32.10.3-2021.10.win32_1.0.100.202210260954/tools/bin/../lib/gcc/arm-none-eabi/10.3.1/thumb/v7e-m/nofp/crti.o
 .data          0x0000000000000000        0x0 c:/st/stm32cubeide_1.11.2/stm32cubeide/plugins/com.st.stm32cube.ide.mcu.externaltools.gnu-tools-for-stm32.10.3-2021.10.win32_1.0.100.202210260954/tools/bin/../lib/gcc/arm-none-eabi/10.3.1/thumb/v7e-m/nofp/crti.o
 .bss           0x0000000000000000        0x0 c:/st/stm32cubeide_1.11.2/stm32cubeide/plugins/com.st.stm32cube.ide.mcu.externaltools.gnu-tools-for-stm32.10.3-2021.10.win32_1.0.100.202210260954/tools/bin/../lib/gcc/arm-none-eabi/10.3.1/thumb/v7e-m/nofp/crti.o
 .data          0x0000000000000000        0x4 c:/st/stm32cubeide_1.11.2/stm32cubeide/plugins/com.st.stm32cube.ide.mcu.externaltools.gnu-tools-for-stm32.10.3-2021.10.win32_1.0.100.202210260954/tools/bin/../lib/gcc/arm-none-eabi/10.3.1/thumb/v7e-m/nofp/crtbegin.o
 .rodata        0x0000000000000000       0x24 c:/st/stm32cubeide_1.11.2/stm32cubeide/plugins/com.st.stm32cube.ide.mcu.externaltools.gnu-tools-for-stm32.10.3-2021.10.win32_1.0.100.202210260954/tools/bin/../lib/gcc/arm-none-eabi/10.3.1/thumb/v7e-m/nofp/crtbegin.o
 .text          0x0000000000000000       0x7c c:/st/stm32cubeide_1.11.2/stm32cubeide/plugins/com.st.stm32cube.ide.mcu.externaltools.gnu-tools-for-stm32.10.3-2021.10.win32_1.0.100.202210260954/tools/bin/../lib/gcc/arm-none-eabi/10.3.1/../../../../arm-none-eabi/lib/thumb/v7e-m/nofp/crt0.o
 .data          0x0000000000000000        0x0 c:/st/stm32cubeide_1.11.2/stm32cubeide/plugins/com.st.stm32cube.ide.mcu.externaltools.gnu-tools-for-stm32.10.3-2021.10.win32_1.0.100.202210260954/tools/bin/../lib/gcc/arm-none-eabi/10.3.1/../../../../arm-none-eabi/lib/thumb/v7e-m/nofp/crt0.o
 .bss           0x0000000000000000        0x0 c:/st/stm32cubeide_1.11.2/stm32cubeide/plugins/com.st.stm32cube.ide.mcu.externaltools.gnu-tools-for-stm32.10.3-2021.10.win32_1.0.100.202210260954/tools/bin/../lib/gcc/arm-none-eabi/10.3.1/../../../../arm-none-eabi/lib/thumb/v7e-m/nofp/crt0.o
 .ARM.extab     0x0000000000000000        0x0 c:/st/stm32cubeide_1.11.2/stm32cubeide/plugins/com.st.stm32cube.ide.mcu.externaltools.gnu-tools-for-stm32.10.3-2021.10.win32_1.0.100.202210260954/tools/bin/../lib/gcc/arm-none-eabi/10.3.1/../../../../arm-none-eabi/lib/thumb/v7e-m/nofp/crt0.o
 .ARM.exidx     0x0000000000000000       0x10 c:/st/stm32cubeide_1.11.2/stm32cubeide/plugins/com.st.stm32cube.ide.mcu.externaltools.gnu-tools-for-stm32.10.3-2021.10.win32_1.0.100.202210260954/tools/bin/../lib/gcc/arm-none-eabi/10.3.1/../../../../arm-none-eabi/lib/thumb/v7e-m/nofp/crt0.o
 .ARM.attributes
                0x0000000000000000       0x1c c:/st/stm32cubeide_1.11.2/stm32cubeide/plugins/com.st.stm32cube.ide.mcu.externaltools.gnu-tools-for-stm32.10.3-2021.10.win32_1.0.100.202210260954/tools/bin/../lib/gcc/arm-none-eabi/10.3.1/../../../../arm-none-eabi/lib/thumb/v7e-m/nofp/crt0.o
 .group         0x0000000000000000        0xc ./BSP/bsp.o
 .group         0x0000000000000000        0xc ./BSP/bsp.o
 .group         0x0000000000000000        0xc ./BSP/bsp.o
 .group         0x0000000000000000        0xc ./BSP/bsp.o
 .group         0x0000000000000000        0xc ./BSP/bsp.o
 .group         0x0000000000000000        0xc ./BSP/bsp.o
 .group         0x0000000000000000        0xc ./BSP/bsp.o
 .group         0x0000000000000000        0xc ./BSP/bsp.o
 .group         0x0000000000000000        0xc ./BSP/bsp.o
 .group         0x0000000000000000        0xc ./BSP/bsp.o
 .group         0x0000000000000000        0xc ./BSP/bsp.o
 .text          0x0000000000000000        0x0 ./BSP/bsp.o
 .data          0x0000000000000000        0x0 ./BSP/bsp.o
 .bss           0x0000000000000000        0x0 ./BSP/bsp.o
 .text.systick_init
                0x0000000000000000       0x44 ./BSP/bsp.o
 .text.SPI2_GPIOInit
                0x0000000000000000       0x42 ./BSP/bsp.o
 .text.delay    0x0000000000000000       0x30 ./BSP/bsp.o
 .group         0x0000000000000000        0xc ./Drivers/GPIO_DRIVERS/GPIO_driver.o
 .group         0x0000000000000000        0xc ./Drivers/GPIO_DRIVERS/GPIO_driver.o
 .group         0x0000000000000000        0xc ./Drivers/GPIO_DRIVERS/GPIO_driver.o
 .group         0x0000000000000000        0xc ./Drivers/GPIO_DRIVERS/GPIO_driver.o
 .group         0x0000000000000000        0xc ./Drivers/GPIO_DRIVERS/GPIO_driver.o
 .group         0x0000000000000000        0xc ./Drivers/GPIO_DRIVERS/GPIO_driver.o
 .group         0x0000000000000000        0xc ./Drivers/GPIO_DRIVERS/GPIO_driver.o
 .group         0x0000000000000000        0xc ./Drivers/GPIO_DRIVERS/GPIO_driver.o
 .group         0x0000000000000000        0xc ./Drivers/GPIO_DRIVERS/GPIO_driver.o
 .text          0x0000000000000000        0x0 ./Drivers/GPIO_DRIVERS/GPIO_driver.o
 .data          0x0000000000000000        0x0 ./Drivers/GPIO_DRIVERS/GPIO_driver.o
 .bss           0x0000000000000000        0x0 ./Drivers/GPIO_DRIVERS/GPIO_driver.o
 .text.GPIO_DeInit
                0x0000000000000000      0x144 ./Drivers/GPIO_DRIVERS/GPIO_driver.o
 .text.GPIO_ReadFromInputPin
                0x0000000000000000       0x2a ./Drivers/GPIO_DRIVERS/GPIO_driver.o
 .text.GPIO_ReadFromInputPort
                0x0000000000000000       0x1a ./Drivers/GPIO_DRIVERS/GPIO_driver.o
 .text.GPIO_WriteToOutputPin
                0x0000000000000000       0x48 ./Drivers/GPIO_DRIVERS/GPIO_driver.o
 .text.GPIO_WriteToOutputPort
                0x0000000000000000       0x1c ./Drivers/GPIO_DRIVERS/GPIO_driver.o
 .text.GPIO_ToggleOutputPin
                0x0000000000000000       0x28 ./Drivers/GPIO_DRIVERS/GPIO_driver.o
 .text.GPIO_IRQInterruptConfig
                0x0000000000000000      0x108 ./Drivers/GPIO_DRIVERS/GPIO_driver.o
 .text.GPIO_IRQPriorityConfig
                0x0000000000000000       0x52 ./Drivers/GPIO_DRIVERS/GPIO_driver.o
 .text.GPIO_IRQHandling
                0x0000000000000000       0x14 ./Drivers/GPIO_DRIVERS/GPIO_driver.o
 .debug_macro   0x0000000000000000      0xa78 ./Drivers/GPIO_DRIVERS/GPIO_driver.o
 .debug_macro   0x0000000000000000       0x22 ./Drivers/GPIO_DRIVERS/GPIO_driver.o
 .debug_macro   0x0000000000000000       0x8e ./Drivers/GPIO_DRIVERS/GPIO_driver.o
 .debug_macro   0x0000000000000000       0x51 ./Drivers/GPIO_DRIVERS/GPIO_driver.o
 .debug_macro   0x0000000000000000      0x103 ./Drivers/GPIO_DRIVERS/GPIO_driver.o
 .debug_macro   0x0000000000000000       0x6a ./Drivers/GPIO_DRIVERS/GPIO_driver.o
 .debug_macro   0x0000000000000000      0x1df ./Drivers/GPIO_DRIVERS/GPIO_driver.o
 .group         0x0000000000000000        0xc ./Drivers/I2C_Driver/I2C_Driver.o
 .group         0x0000000000000000        0xc ./Drivers/I2C_Driver/I2C_Driver.o
 .group         0x0000000000000000        0xc ./Drivers/I2C_Driver/I2C_Driver.o
 .group         0x0000000000000000        0xc ./Drivers/I2C_Driver/I2C_Driver.o
 .group         0x0000000000000000        0xc ./Drivers/I2C_Driver/I2C_Driver.o
 .group         0x0000000000000000        0xc ./Drivers/I2C_Driver/I2C_Driver.o
 .group         0x0000000000000000        0xc ./Drivers/I2C_Driver/I2C_Driver.o
 .group         0x0000000000000000        0xc ./Drivers/I2C_Driver/I2C_Driver.o
 .group         0x0000000000000000        0xc ./Drivers/I2C_Driver/I2C_Driver.o
 .group         0x0000000000000000        0xc ./Drivers/I2C_Driver/I2C_Driver.o
 .group         0x0000000000000000        0xc ./Drivers/I2C_Driver/I2C_Driver.o
 .text          0x0000000000000000        0x0 ./Drivers/I2C_Driver/I2C_Driver.o
 .data          0x0000000000000000        0x0 ./Drivers/I2C_Driver/I2C_Driver.o
 .bss           0x0000000000000000        0x0 ./Drivers/I2C_Driver/I2C_Driver.o
 .bss.count     0x0000000000000000        0x2 ./Drivers/I2C_Driver/I2C_Driver.o
 .text.I2C_DeInit
                0x0000000000000000       0x58 ./Drivers/I2C_Driver/I2C_Driver.o
 .text.I2C_MasterSendData
                0x0000000000000000       0xce ./Drivers/I2C_Driver/I2C_Driver.o
 .text.I2C_MasterRecieveData
                0x0000000000000000      0x19e ./Drivers/I2C_Driver/I2C_Driver.o
 .text.I2C_SLaveSendData
                0x0000000000000000       0x18 ./Drivers/I2C_Driver/I2C_Driver.o
 .text.I2C_IRQInterruptConfig
                0x0000000000000000       0x1a ./Drivers/I2C_Driver/I2C_Driver.o
 .text.I2C_IRQPriorityConfig
                0x0000000000000000       0x16 ./Drivers/I2C_Driver/I2C_Driver.o
 .text.I2C_GenerateStartCondition
                0x0000000000000000       0x1e ./Drivers/I2C_Driver/I2C_Driver.o
 .text.I2C_ExecuteAddressPhaseWrite
                0x0000000000000000       0x30 ./Drivers/I2C_Driver/I2C_Driver.o
 .debug_macro   0x0000000000000000      0xa78 ./Drivers/I2C_Driver/I2C_Driver.o
 .debug_macro   0x0000000000000000       0x22 ./Drivers/I2C_Driver/I2C_Driver.o
 .debug_macro   0x0000000000000000       0x8e ./Drivers/I2C_Driver/I2C_Driver.o
 .debug_macro   0x0000000000000000       0x51 ./Drivers/I2C_Driver/I2C_Driver.o
 .debug_macro   0x0000000000000000      0x103 ./Drivers/I2C_Driver/I2C_Driver.o
 .debug_macro   0x0000000000000000       0x6a ./Drivers/I2C_Driver/I2C_Driver.o
 .debug_macro   0x0000000000000000      0x1df ./Drivers/I2C_Driver/I2C_Driver.o
 .debug_macro   0x0000000000000000      0x696 ./Drivers/I2C_Driver/I2C_Driver.o
 .debug_macro   0x0000000000000000       0xc4 ./Drivers/I2C_Driver/I2C_Driver.o
 .group         0x0000000000000000        0xc ./Drivers/RCC_Driver/RCC_driver.o
 .group         0x0000000000000000        0xc ./Drivers/RCC_Driver/RCC_driver.o
 .group         0x0000000000000000        0xc ./Drivers/RCC_Driver/RCC_driver.o
 .group         0x0000000000000000        0xc ./Drivers/RCC_Driver/RCC_driver.o
 .group         0x0000000000000000        0xc ./Drivers/RCC_Driver/RCC_driver.o
 .group         0x0000000000000000        0xc ./Drivers/RCC_Driver/RCC_driver.o
 .group         0x0000000000000000        0xc ./Drivers/RCC_Driver/RCC_driver.o
 .group         0x0000000000000000        0xc ./Drivers/RCC_Driver/RCC_driver.o
 .group         0x0000000000000000        0xc ./Drivers/RCC_Driver/RCC_driver.o
 .text          0x0000000000000000        0x0 ./Drivers/RCC_Driver/RCC_driver.o
 .data          0x0000000000000000        0x0 ./Drivers/RCC_Driver/RCC_driver.o
 .bss           0x0000000000000000        0x0 ./Drivers/RCC_Driver/RCC_driver.o
 .data.AHB_PRESCALERS
                0x0000000000000000       0x10 ./Drivers/RCC_Driver/RCC_driver.o
 .data.APB_PRESCALERS
                0x0000000000000000        0x8 ./Drivers/RCC_Driver/RCC_driver.o
 .text.getAHBClock
                0x0000000000000000       0x50 ./Drivers/RCC_Driver/RCC_driver.o
 .text.getAPBClock
                0x0000000000000000       0x8c ./Drivers/RCC_Driver/RCC_driver.o
 .debug_macro   0x0000000000000000      0xa78 ./Drivers/RCC_Driver/RCC_driver.o
 .debug_macro   0x0000000000000000       0x22 ./Drivers/RCC_Driver/RCC_driver.o
 .debug_macro   0x0000000000000000       0x8e ./Drivers/RCC_Driver/RCC_driver.o
 .debug_macro   0x0000000000000000       0x51 ./Drivers/RCC_Driver/RCC_driver.o
 .debug_macro   0x0000000000000000      0x103 ./Drivers/RCC_Driver/RCC_driver.o
 .debug_macro   0x0000000000000000       0x6a ./Drivers/RCC_Driver/RCC_driver.o
 .debug_macro   0x0000000000000000      0x1df ./Drivers/RCC_Driver/RCC_driver.o
 .debug_macro   0x0000000000000000      0x696 ./Drivers/RCC_Driver/RCC_driver.o
 .debug_macro   0x0000000000000000       0x16 ./Drivers/RCC_Driver/RCC_driver.o
 .group         0x0000000000000000        0xc ./Drivers/SPI_DRIVER/SPI_driver.o
 .group         0x0000000000000000        0xc ./Drivers/SPI_DRIVER/SPI_driver.o
 .group         0x0000000000000000        0xc ./Drivers/SPI_DRIVER/SPI_driver.o
 .group         0x0000000000000000        0xc ./Drivers/SPI_DRIVER/SPI_driver.o
 .group         0x0000000000000000        0xc ./Drivers/SPI_DRIVER/SPI_driver.o
 .group         0x0000000000000000        0xc ./Drivers/SPI_DRIVER/SPI_driver.o
 .group         0x0000000000000000        0xc ./Drivers/SPI_DRIVER/SPI_driver.o
 .group         0x0000000000000000        0xc ./Drivers/SPI_DRIVER/SPI_driver.o
 .group         0x0000000000000000        0xc ./Drivers/SPI_DRIVER/SPI_driver.o
 .group         0x0000000000000000        0xc ./Drivers/SPI_DRIVER/SPI_driver.o
 .text          0x0000000000000000        0x0 ./Drivers/SPI_DRIVER/SPI_driver.o
 .data          0x0000000000000000        0x0 ./Drivers/SPI_DRIVER/SPI_driver.o
 .bss           0x0000000000000000        0x0 ./Drivers/SPI_DRIVER/SPI_driver.o
 .text.SPI_CLKCNT
                0x0000000000000000       0xe0 ./Drivers/SPI_DRIVER/SPI_driver.o
 .text.SPI_Init
                0x0000000000000000       0xa4 ./Drivers/SPI_DRIVER/SPI_driver.o
 .text.SPI_DeInit
                0x0000000000000000       0x70 ./Drivers/SPI_DRIVER/SPI_driver.o
 .text.GetFlagStatus
                0x0000000000000000       0x28 ./Drivers/SPI_DRIVER/SPI_driver.o
 .text.SPI_SendData
                0x0000000000000000       0x98 ./Drivers/SPI_DRIVER/SPI_driver.o
 .text.SPI_ReceiveData
                0x0000000000000000       0x78 ./Drivers/SPI_DRIVER/SPI_driver.o
 .text.SPI_IRQInterruptConfig
                0x0000000000000000       0x1a ./Drivers/SPI_DRIVER/SPI_driver.o
 .text.SPI_IRQPriorityConfig
                0x0000000000000000       0x16 ./Drivers/SPI_DRIVER/SPI_driver.o
 .text.SPI_IRQHandling
                0x0000000000000000       0x12 ./Drivers/SPI_DRIVER/SPI_driver.o
 .text.SPI_Enable
                0x0000000000000000       0x36 ./Drivers/SPI_DRIVER/SPI_driver.o
 .text.SSI_Enable
                0x0000000000000000       0x36 ./Drivers/SPI_DRIVER/SPI_driver.o
 .text.SSOE_Enable
                0x0000000000000000       0x36 ./Drivers/SPI_DRIVER/SPI_driver.o
 .debug_info    0x0000000000000000      0x663 ./Drivers/SPI_DRIVER/SPI_driver.o
 .debug_abbrev  0x0000000000000000      0x132 ./Drivers/SPI_DRIVER/SPI_driver.o
 .debug_aranges
                0x0000000000000000       0x78 ./Drivers/SPI_DRIVER/SPI_driver.o
 .debug_ranges  0x0000000000000000       0x68 ./Drivers/SPI_DRIVER/SPI_driver.o
 .debug_macro   0x0000000000000000       0x94 ./Drivers/SPI_DRIVER/SPI_driver.o
 .debug_macro   0x0000000000000000      0xa78 ./Drivers/SPI_DRIVER/SPI_driver.o
 .debug_macro   0x0000000000000000       0x22 ./Drivers/SPI_DRIVER/SPI_driver.o
 .debug_macro   0x0000000000000000       0x8e ./Drivers/SPI_DRIVER/SPI_driver.o
 .debug_macro   0x0000000000000000       0x51 ./Drivers/SPI_DRIVER/SPI_driver.o
 .debug_macro   0x0000000000000000      0x103 ./Drivers/SPI_DRIVER/SPI_driver.o
 .debug_macro   0x0000000000000000       0x6a ./Drivers/SPI_DRIVER/SPI_driver.o
 .debug_macro   0x0000000000000000      0x1df ./Drivers/SPI_DRIVER/SPI_driver.o
 .debug_macro   0x0000000000000000      0x696 ./Drivers/SPI_DRIVER/SPI_driver.o
 .debug_macro   0x0000000000000000       0xb8 ./Drivers/SPI_DRIVER/SPI_driver.o
 .debug_macro   0x0000000000000000       0xc4 ./Drivers/SPI_DRIVER/SPI_driver.o
 .debug_line    0x0000000000000000      0x736 ./Drivers/SPI_DRIVER/SPI_driver.o
 .debug_str     0x0000000000000000     0x6058 ./Drivers/SPI_DRIVER/SPI_driver.o
 .comment       0x0000000000000000       0x51 ./Drivers/SPI_DRIVER/SPI_driver.o
 .debug_frame   0x0000000000000000      0x1e8 ./Drivers/SPI_DRIVER/SPI_driver.o
 .ARM.attributes
                0x0000000000000000       0x2e ./Drivers/SPI_DRIVER/SPI_driver.o
 .group         0x0000000000000000        0xc ./Src/Slave_ReceiveData.o
 .group         0x0000000000000000        0xc ./Src/Slave_ReceiveData.o
 .group         0x0000000000000000        0xc ./Src/Slave_ReceiveData.o
 .group         0x0000000000000000        0xc ./Src/Slave_ReceiveData.o
 .group         0x0000000000000000        0xc ./Src/Slave_ReceiveData.o
 .group         0x0000000000000000        0xc ./Src/Slave_ReceiveData.o
 .group         0x0000000000000000        0xc ./Src/Slave_ReceiveData.o
 .group         0x0000000000000000        0xc ./Src/Slave_ReceiveData.o
 .group         0x0000000000000000        0xc ./Src/Slave_ReceiveData.o
 .group         0x0000000000000000        0xc ./Src/Slave_ReceiveData.o
 .group         0x0000000000000000        0xc ./Src/Slave_ReceiveData.o
 .group         0x0000000000000000        0xc ./Src/Slave_ReceiveData.o
 .text          0x0000000000000000        0x0 ./Src/Slave_ReceiveData.o
 .data          0x0000000000000000        0x0 ./Src/Slave_ReceiveData.o
 .bss           0x0000000000000000        0x0 ./Src/Slave_ReceiveData.o
 .debug_macro   0x0000000000000000      0xa78 ./Src/Slave_ReceiveData.o
 .debug_macro   0x0000000000000000       0x22 ./Src/Slave_ReceiveData.o
 .debug_macro   0x0000000000000000       0x8e ./Src/Slave_ReceiveData.o
 .debug_macro   0x0000000000000000       0x51 ./Src/Slave_ReceiveData.o
 .debug_macro   0x0000000000000000      0x103 ./Src/Slave_ReceiveData.o
 .debug_macro   0x0000000000000000       0x6a ./Src/Slave_ReceiveData.o
 .debug_macro   0x0000000000000000      0x1df ./Src/Slave_ReceiveData.o
 .debug_macro   0x0000000000000000      0x696 ./Src/Slave_ReceiveData.o
 .debug_macro   0x0000000000000000       0xc4 ./Src/Slave_ReceiveData.o
 .debug_macro   0x0000000000000000       0x8e ./Src/Slave_ReceiveData.o
 .debug_macro   0x0000000000000000       0x10 ./Src/Slave_ReceiveData.o
 .group         0x0000000000000000        0xc ./Src/syscalls.o
 .group         0x0000000000000000        0xc ./Src/syscalls.o
 .group         0x0000000000000000        0xc ./Src/syscalls.o
 .group         0x0000000000000000        0xc ./Src/syscalls.o
 .group         0x0000000000000000        0xc ./Src/syscalls.o
 .group         0x0000000000000000        0xc ./Src/syscalls.o
 .group         0x0000000000000000        0xc ./Src/syscalls.o
 .group         0x0000000000000000        0xc ./Src/syscalls.o
 .group         0x0000000000000000        0xc ./Src/syscalls.o
 .group         0x0000000000000000        0xc ./Src/syscalls.o
 .group         0x0000000000000000        0xc ./Src/syscalls.o
 .group         0x0000000000000000        0xc ./Src/syscalls.o
 .group         0x0000000000000000        0xc ./Src/syscalls.o
 .group         0x0000000000000000        0xc ./Src/syscalls.o
 .group         0x0000000000000000        0xc ./Src/syscalls.o
 .group         0x0000000000000000        0xc ./Src/syscalls.o
 .group         0x0000000000000000        0xc ./Src/syscalls.o
 .group         0x0000000000000000        0xc ./Src/syscalls.o
 .group         0x0000000000000000        0xc ./Src/syscalls.o
 .group         0x0000000000000000        0xc ./Src/syscalls.o
 .group         0x0000000000000000        0xc ./Src/syscalls.o
 .group         0x0000000000000000        0xc ./Src/syscalls.o
 .group         0x0000000000000000        0xc ./Src/syscalls.o
 .group         0x0000000000000000        0xc ./Src/syscalls.o
 .group         0x0000000000000000        0xc ./Src/syscalls.o
 .group         0x0000000000000000        0xc ./Src/syscalls.o
 .group         0x0000000000000000        0xc ./Src/syscalls.o
 .group         0x0000000000000000        0xc ./Src/syscalls.o
 .group         0x0000000000000000        0xc ./Src/syscalls.o
 .group         0x0000000000000000        0xc ./Src/syscalls.o
 .group         0x0000000000000000        0xc ./Src/syscalls.o
 .group         0x0000000000000000        0xc ./Src/syscalls.o
 .group         0x0000000000000000        0xc ./Src/syscalls.o
 .group         0x0000000000000000        0xc ./Src/syscalls.o
 .group         0x0000000000000000        0xc ./Src/syscalls.o
 .group         0x0000000000000000        0xc ./Src/syscalls.o
 .group         0x0000000000000000        0xc ./Src/syscalls.o
 .group         0x0000000000000000        0xc ./Src/syscalls.o
 .group         0x0000000000000000        0xc ./Src/syscalls.o
 .group         0x0000000000000000        0xc ./Src/syscalls.o
 .group         0x0000000000000000        0xc ./Src/syscalls.o
 .group         0x0000000000000000        0xc ./Src/syscalls.o
 .group         0x0000000000000000        0xc ./Src/syscalls.o
 .group         0x0000000000000000        0xc ./Src/syscalls.o
 .group         0x0000000000000000        0xc ./Src/syscalls.o
 .group         0x0000000000000000        0xc ./Src/syscalls.o
 .group         0x0000000000000000        0xc ./Src/syscalls.o
 .text          0x0000000000000000        0x0 ./Src/syscalls.o
 .data          0x0000000000000000        0x0 ./Src/syscalls.o
 .bss           0x0000000000000000        0x0 ./Src/syscalls.o
 .text.ITM_SendChar
                0x0000000000000000       0x4c ./Src/syscalls.o
 .bss.__env     0x0000000000000000        0x4 ./Src/syscalls.o
 .data.environ  0x0000000000000000        0x4 ./Src/syscalls.o
 .text.initialise_monitor_handles
                0x0000000000000000        0xc ./Src/syscalls.o
 .text._getpid  0x0000000000000000        0xe ./Src/syscalls.o
 .text._kill    0x0000000000000000       0x20 ./Src/syscalls.o
 .text._exit    0x0000000000000000       0x14 ./Src/syscalls.o
 .text._read    0x0000000000000000       0x3a ./Src/syscalls.o
 .text._write   0x0000000000000000       0x38 ./Src/syscalls.o
 .text._close   0x0000000000000000       0x16 ./Src/syscalls.o
 .text._fstat   0x0000000000000000       0x1e ./Src/syscalls.o
 .text._isatty  0x0000000000000000       0x14 ./Src/syscalls.o
 .text._lseek   0x0000000000000000       0x18 ./Src/syscalls.o
 .text._open    0x0000000000000000       0x1a ./Src/syscalls.o
 .text._wait    0x0000000000000000       0x1e ./Src/syscalls.o
 .text._unlink  0x0000000000000000       0x1e ./Src/syscalls.o
 .text._times   0x0000000000000000       0x16 ./Src/syscalls.o
 .text._stat    0x0000000000000000       0x1e ./Src/syscalls.o
 .text._link    0x0000000000000000       0x20 ./Src/syscalls.o
 .text._fork    0x0000000000000000       0x16 ./Src/syscalls.o
 .text._execve  0x0000000000000000       0x22 ./Src/syscalls.o
 .debug_info    0x0000000000000000      0x70f ./Src/syscalls.o
 .debug_abbrev  0x0000000000000000      0x1af ./Src/syscalls.o
 .debug_aranges
                0x0000000000000000       0xb0 ./Src/syscalls.o
 .debug_ranges  0x0000000000000000       0xa0 ./Src/syscalls.o
 .debug_macro   0x0000000000000000      0x25e ./Src/syscalls.o
 .debug_macro   0x0000000000000000      0xa78 ./Src/syscalls.o
 .debug_macro   0x0000000000000000       0x22 ./Src/syscalls.o
 .debug_macro   0x0000000000000000       0x4c ./Src/syscalls.o
 .debug_macro   0x0000000000000000       0x18 ./Src/syscalls.o
 .debug_macro   0x0000000000000000       0x94 ./Src/syscalls.o
 .debug_macro   0x0000000000000000       0x3c ./Src/syscalls.o
 .debug_macro   0x0000000000000000       0x34 ./Src/syscalls.o
 .debug_macro   0x0000000000000000       0x57 ./Src/syscalls.o
 .debug_macro   0x0000000000000000      0x174 ./Src/syscalls.o
 .debug_macro   0x0000000000000000      0x341 ./Src/syscalls.o
 .debug_macro   0x0000000000000000       0x16 ./Src/syscalls.o
 .debug_macro   0x0000000000000000       0x43 ./Src/syscalls.o
 .debug_macro   0x0000000000000000       0x34 ./Src/syscalls.o
 .debug_macro   0x0000000000000000       0x10 ./Src/syscalls.o
 .debug_macro   0x0000000000000000       0x58 ./Src/syscalls.o
 .debug_macro   0x0000000000000000       0x71 ./Src/syscalls.o
 .debug_macro   0x0000000000000000       0x1c ./Src/syscalls.o
 .debug_macro   0x0000000000000000      0x12a ./Src/syscalls.o
 .debug_macro   0x0000000000000000       0x10 ./Src/syscalls.o
 .debug_macro   0x0000000000000000       0x35 ./Src/syscalls.o
 .debug_macro   0x0000000000000000       0x10 ./Src/syscalls.o
 .debug_macro   0x0000000000000000       0x10 ./Src/syscalls.o
 .debug_macro   0x0000000000000000       0x10 ./Src/syscalls.o
 .debug_macro   0x0000000000000000       0x6a ./Src/syscalls.o
 .debug_macro   0x0000000000000000       0x1c ./Src/syscalls.o
 .debug_macro   0x0000000000000000       0x52 ./Src/syscalls.o
 .debug_macro   0x0000000000000000       0x22 ./Src/syscalls.o
 .debug_macro   0x0000000000000000       0x10 ./Src/syscalls.o
 .debug_macro   0x0000000000000000       0x52 ./Src/syscalls.o
 .debug_macro   0x0000000000000000       0xd5 ./Src/syscalls.o
 .debug_macro   0x0000000000000000       0x1c ./Src/syscalls.o
 .debug_macro   0x0000000000000000       0x3d ./Src/syscalls.o
 .debug_macro   0x0000000000000000       0x35 ./Src/syscalls.o
 .debug_macro   0x0000000000000000      0x12c ./Src/syscalls.o
 .debug_macro   0x0000000000000000       0x16 ./Src/syscalls.o
 .debug_macro   0x0000000000000000       0x16 ./Src/syscalls.o
 .debug_macro   0x0000000000000000       0x29 ./Src/syscalls.o
 .debug_macro   0x0000000000000000       0x10 ./Src/syscalls.o
 .debug_macro   0x0000000000000000      0x241 ./Src/syscalls.o
 .debug_macro   0x0000000000000000       0x1c ./Src/syscalls.o
 .debug_macro   0x0000000000000000       0x10 ./Src/syscalls.o
 .debug_macro   0x0000000000000000       0x10 ./Src/syscalls.o
 .debug_macro   0x0000000000000000       0x16 ./Src/syscalls.o
 .debug_macro   0x0000000000000000      0x145 ./Src/syscalls.o
 .debug_macro   0x0000000000000000      0x189 ./Src/syscalls.o
 .debug_macro   0x0000000000000000       0x16 ./Src/syscalls.o
 .debug_macro   0x0000000000000000       0xce ./Src/syscalls.o
 .debug_line    0x0000000000000000      0x82e ./Src/syscalls.o
 .debug_str     0x0000000000000000     0x8abf ./Src/syscalls.o
 .comment       0x0000000000000000       0x51 ./Src/syscalls.o
 .debug_frame   0x0000000000000000      0x2d4 ./Src/syscalls.o
 .ARM.attributes
                0x0000000000000000       0x2e ./Src/syscalls.o
 .group         0x0000000000000000        0xc ./Src/sysmem.o
 .group         0x0000000000000000        0xc ./Src/sysmem.o
 .group         0x0000000000000000        0xc ./Src/sysmem.o
 .group         0x0000000000000000        0xc ./Src/sysmem.o
 .group         0x0000000000000000        0xc ./Src/sysmem.o
 .group         0x0000000000000000        0xc ./Src/sysmem.o
 .group         0x0000000000000000        0xc ./Src/sysmem.o
 .group         0x0000000000000000        0xc ./Src/sysmem.o
 .group         0x0000000000000000        0xc ./Src/sysmem.o
 .group         0x0000000000000000        0xc ./Src/sysmem.o
 .group         0x0000000000000000        0xc ./Src/sysmem.o
 .group         0x0000000000000000        0xc ./Src/sysmem.o
 .group         0x0000000000000000        0xc ./Src/sysmem.o
 .group         0x0000000000000000        0xc ./Src/sysmem.o
 .group         0x0000000000000000        0xc ./Src/sysmem.o
 .group         0x0000000000000000        0xc ./Src/sysmem.o
 .group         0x0000000000000000        0xc ./Src/sysmem.o
 .group         0x0000000000000000        0xc ./Src/sysmem.o
 .group         0x0000000000000000        0xc ./Src/sysmem.o
 .group         0x0000000000000000        0xc ./Src/sysmem.o
 .group         0x0000000000000000        0xc ./Src/sysmem.o
 .group         0x0000000000000000        0xc ./Src/sysmem.o
 .text          0x0000000000000000        0x0 ./Src/sysmem.o
 .data          0x0000000000000000        0x0 ./Src/sysmem.o
 .bss           0x0000000000000000        0x0 ./Src/sysmem.o
 .bss.__sbrk_heap_end
                0x0000000000000000        0x4 ./Src/sysmem.o
 .text._sbrk    0x0000000000000000       0x6c ./Src/sysmem.o
 .debug_info    0x0000000000000000      0x171 ./Src/sysmem.o
 .debug_abbrev  0x0000000000000000       0xbb ./Src/sysmem.o
 .debug_aranges
                0x0000000000000000       0x20 ./Src/sysmem.o
 .debug_ranges  0x0000000000000000       0x10 ./Src/sysmem.o
 .debug_macro   0x0000000000000000       0xff ./Src/sysmem.o
 .debug_macro   0x0000000000000000      0xa78 ./Src/sysmem.o
 .debug_macro   0x0000000000000000       0x10 ./Src/sysmem.o
 .debug_macro   0x0000000000000000       0x22 ./Src/sysmem.o
 .debug_macro   0x0000000000000000       0x4c ./Src/sysmem.o
 .debug_macro   0x0000000000000000       0x18 ./Src/sysmem.o
 .debug_macro   0x0000000000000000       0x94 ./Src/sysmem.o
 .debug_macro   0x0000000000000000       0x3c ./Src/sysmem.o
 .debug_macro   0x0000000000000000       0x34 ./Src/sysmem.o
 .debug_macro   0x0000000000000000      0x174 ./Src/sysmem.o
 .debug_macro   0x0000000000000000       0x16 ./Src/sysmem.o
 .debug_macro   0x0000000000000000       0x43 ./Src/sysmem.o
 .debug_macro   0x0000000000000000       0x57 ./Src/sysmem.o
 .debug_macro   0x0000000000000000       0x34 ./Src/sysmem.o
 .debug_macro   0x0000000000000000       0x10 ./Src/sysmem.o
 .debug_macro   0x0000000000000000       0x58 ./Src/sysmem.o
 .debug_macro   0x0000000000000000       0x71 ./Src/sysmem.o
 .debug_macro   0x0000000000000000       0x1c ./Src/sysmem.o
 .debug_macro   0x0000000000000000      0x12a ./Src/sysmem.o
 .debug_macro   0x0000000000000000      0x23b ./Src/sysmem.o
 .debug_macro   0x0000000000000000      0x103 ./Src/sysmem.o
 .debug_macro   0x0000000000000000       0x6a ./Src/sysmem.o
 .debug_macro   0x0000000000000000      0x1df ./Src/sysmem.o
 .debug_line    0x0000000000000000      0x4ef ./Src/sysmem.o
 .debug_str     0x0000000000000000     0x5d4d ./Src/sysmem.o
 .comment       0x0000000000000000       0x51 ./Src/sysmem.o
 .debug_frame   0x0000000000000000       0x34 ./Src/sysmem.o
 .ARM.attributes
                0x0000000000000000       0x2e ./Src/sysmem.o
 .text          0x0000000000000000       0x14 ./Startup/startup_stm32f446retx.o
 .data          0x0000000000000000        0x0 ./Startup/startup_stm32f446retx.o
 .bss           0x0000000000000000        0x0 ./Startup/startup_stm32f446retx.o
 .text          0x0000000000000000        0x0 c:/st/stm32cubeide_1.11.2/stm32cubeide/plugins/com.st.stm32cube.ide.mcu.externaltools.gnu-tools-for-stm32.10.3-2021.10.win32_1.0.100.202210260954/tools/bin/../lib/gcc/arm-none-eabi/10.3.1/../../../../arm-none-eabi/lib/thumb/v7e-m/nofp\libc_nano.a(lib_a-errno.o)
 .data          0x0000000000000000        0x0 c:/st/stm32cubeide_1.11.2/stm32cubeide/plugins/com.st.stm32cube.ide.mcu.externaltools.gnu-tools-for-stm32.10.3-2021.10.win32_1.0.100.202210260954/tools/bin/../lib/gcc/arm-none-eabi/10.3.1/../../../../arm-none-eabi/lib/thumb/v7e-m/nofp\libc_nano.a(lib_a-errno.o)
 .bss           0x0000000000000000        0x0 c:/st/stm32cubeide_1.11.2/stm32cubeide/plugins/com.st.stm32cube.ide.mcu.externaltools.gnu-tools-for-stm32.10.3-2021.10.win32_1.0.100.202210260954/tools/bin/../lib/gcc/arm-none-eabi/10.3.1/../../../../arm-none-eabi/lib/thumb/v7e-m/nofp\libc_nano.a(lib_a-errno.o)
 .text.__errno  0x0000000000000000        0xc c:/st/stm32cubeide_1.11.2/stm32cubeide/plugins/com.st.stm32cube.ide.mcu.externaltools.gnu-tools-for-stm32.10.3-2021.10.win32_1.0.100.202210260954/tools/bin/../lib/gcc/arm-none-eabi/10.3.1/../../../../arm-none-eabi/lib/thumb/v7e-m/nofp\libc_nano.a(lib_a-errno.o)
 .debug_frame   0x0000000000000000       0x20 c:/st/stm32cubeide_1.11.2/stm32cubeide/plugins/com.st.stm32cube.ide.mcu.externaltools.gnu-tools-for-stm32.10.3-2021.10.win32_1.0.100.202210260954/tools/bin/../lib/gcc/arm-none-eabi/10.3.1/../../../../arm-none-eabi/lib/thumb/v7e-m/nofp\libc_nano.a(lib_a-errno.o)
 .ARM.attributes
                0x0000000000000000       0x2e c:/st/stm32cubeide_1.11.2/stm32cubeide/plugins/com.st.stm32cube.ide.mcu.externaltools.gnu-tools-for-stm32.10.3-2021.10.win32_1.0.100.202210260954/tools/bin/../lib/gcc/arm-none-eabi/10.3.1/../../../../arm-none-eabi/lib/thumb/v7e-m/nofp\libc_nano.a(lib_a-errno.o)
 .text          0x0000000000000000        0x0 c:/st/stm32cubeide_1.11.2/stm32cubeide/plugins/com.st.stm32cube.ide.mcu.externaltools.gnu-tools-for-stm32.10.3-2021.10.win32_1.0.100.202210260954/tools/bin/../lib/gcc/arm-none-eabi/10.3.1/../../../../arm-none-eabi/lib/thumb/v7e-m/nofp\libc_nano.a(lib_a-exit.o)
 .data          0x0000000000000000        0x0 c:/st/stm32cubeide_1.11.2/stm32cubeide/plugins/com.st.stm32cube.ide.mcu.externaltools.gnu-tools-for-stm32.10.3-2021.10.win32_1.0.100.202210260954/tools/bin/../lib/gcc/arm-none-eabi/10.3.1/../../../../arm-none-eabi/lib/thumb/v7e-m/nofp\libc_nano.a(lib_a-exit.o)
 .bss           0x0000000000000000        0x0 c:/st/stm32cubeide_1.11.2/stm32cubeide/plugins/com.st.stm32cube.ide.mcu.externaltools.gnu-tools-for-stm32.10.3-2021.10.win32_1.0.100.202210260954/tools/bin/../lib/gcc/arm-none-eabi/10.3.1/../../../../arm-none-eabi/lib/thumb/v7e-m/nofp\libc_nano.a(lib_a-exit.o)
 .text.exit     0x0000000000000000       0x28 c:/st/stm32cubeide_1.11.2/stm32cubeide/plugins/com.st.stm32cube.ide.mcu.externaltools.gnu-tools-for-stm32.10.3-2021.10.win32_1.0.100.202210260954/tools/bin/../lib/gcc/arm-none-eabi/10.3.1/../../../../arm-none-eabi/lib/thumb/v7e-m/nofp\libc_nano.a(lib_a-exit.o)
 .debug_frame   0x0000000000000000       0x28 c:/st/stm32cubeide_1.11.2/stm32cubeide/plugins/com.st.stm32cube.ide.mcu.externaltools.gnu-tools-for-stm32.10.3-2021.10.win32_1.0.100.202210260954/tools/bin/../lib/gcc/arm-none-eabi/10.3.1/../../../../arm-none-eabi/lib/thumb/v7e-m/nofp\libc_nano.a(lib_a-exit.o)
 .ARM.attributes
                0x0000000000000000       0x2e c:/st/stm32cubeide_1.11.2/stm32cubeide/plugins/com.st.stm32cube.ide.mcu.externaltools.gnu-tools-for-stm32.10.3-2021.10.win32_1.0.100.202210260954/tools/bin/../lib/gcc/arm-none-eabi/10.3.1/../../../../arm-none-eabi/lib/thumb/v7e-m/nofp\libc_nano.a(lib_a-exit.o)
 .text          0x0000000000000000        0x0 c:/st/stm32cubeide_1.11.2/stm32cubeide/plugins/com.st.stm32cube.ide.mcu.externaltools.gnu-tools-for-stm32.10.3-2021.10.win32_1.0.100.202210260954/tools/bin/../lib/gcc/arm-none-eabi/10.3.1/../../../../arm-none-eabi/lib/thumb/v7e-m/nofp\libc_nano.a(lib_a-impure.o)
 .data          0x0000000000000000        0x0 c:/st/stm32cubeide_1.11.2/stm32cubeide/plugins/com.st.stm32cube.ide.mcu.externaltools.gnu-tools-for-stm32.10.3-2021.10.win32_1.0.100.202210260954/tools/bin/../lib/gcc/arm-none-eabi/10.3.1/../../../../arm-none-eabi/lib/thumb/v7e-m/nofp\libc_nano.a(lib_a-impure.o)
 .bss           0x0000000000000000        0x0 c:/st/stm32cubeide_1.11.2/stm32cubeide/plugins/com.st.stm32cube.ide.mcu.externaltools.gnu-tools-for-stm32.10.3-2021.10.win32_1.0.100.202210260954/tools/bin/../lib/gcc/arm-none-eabi/10.3.1/../../../../arm-none-eabi/lib/thumb/v7e-m/nofp\libc_nano.a(lib_a-impure.o)
 .data._impure_ptr
                0x0000000000000000        0x4 c:/st/stm32cubeide_1.11.2/stm32cubeide/plugins/com.st.stm32cube.ide.mcu.externaltools.gnu-tools-for-stm32.10.3-2021.10.win32_1.0.100.202210260954/tools/bin/../lib/gcc/arm-none-eabi/10.3.1/../../../../arm-none-eabi/lib/thumb/v7e-m/nofp\libc_nano.a(lib_a-impure.o)
 .data.impure_data
                0x0000000000000000       0x60 c:/st/stm32cubeide_1.11.2/stm32cubeide/plugins/com.st.stm32cube.ide.mcu.externaltools.gnu-tools-for-stm32.10.3-2021.10.win32_1.0.100.202210260954/tools/bin/../lib/gcc/arm-none-eabi/10.3.1/../../../../arm-none-eabi/lib/thumb/v7e-m/nofp\libc_nano.a(lib_a-impure.o)
 .rodata._global_impure_ptr
                0x0000000000000000        0x4 c:/st/stm32cubeide_1.11.2/stm32cubeide/plugins/com.st.stm32cube.ide.mcu.externaltools.gnu-tools-for-stm32.10.3-2021.10.win32_1.0.100.202210260954/tools/bin/../lib/gcc/arm-none-eabi/10.3.1/../../../../arm-none-eabi/lib/thumb/v7e-m/nofp\libc_nano.a(lib_a-impure.o)
 .ARM.attributes
                0x0000000000000000       0x2e c:/st/stm32cubeide_1.11.2/stm32cubeide/plugins/com.st.stm32cube.ide.mcu.externaltools.gnu-tools-for-stm32.10.3-2021.10.win32_1.0.100.202210260954/tools/bin/../lib/gcc/arm-none-eabi/10.3.1/../../../../arm-none-eabi/lib/thumb/v7e-m/nofp\libc_nano.a(lib_a-impure.o)
 .text          0x0000000000000000        0x0 c:/st/stm32cubeide_1.11.2/stm32cubeide/plugins/com.st.stm32cube.ide.mcu.externaltools.gnu-tools-for-stm32.10.3-2021.10.win32_1.0.100.202210260954/tools/bin/../lib/gcc/arm-none-eabi/10.3.1/../../../../arm-none-eabi/lib/thumb/v7e-m/nofp\libc_nano.a(lib_a-init.o)
 .data          0x0000000000000000        0x0 c:/st/stm32cubeide_1.11.2/stm32cubeide/plugins/com.st.stm32cube.ide.mcu.externaltools.gnu-tools-for-stm32.10.3-2021.10.win32_1.0.100.202210260954/tools/bin/../lib/gcc/arm-none-eabi/10.3.1/../../../../arm-none-eabi/lib/thumb/v7e-m/nofp\libc_nano.a(lib_a-init.o)
 .bss           0x0000000000000000        0x0 c:/st/stm32cubeide_1.11.2/stm32cubeide/plugins/com.st.stm32cube.ide.mcu.externaltools.gnu-tools-for-stm32.10.3-2021.10.win32_1.0.100.202210260954/tools/bin/../lib/gcc/arm-none-eabi/10.3.1/../../../../arm-none-eabi/lib/thumb/v7e-m/nofp\libc_nano.a(lib_a-init.o)
 .text          0x0000000000000000        0x0 c:/st/stm32cubeide_1.11.2/stm32cubeide/plugins/com.st.stm32cube.ide.mcu.externaltools.gnu-tools-for-stm32.10.3-2021.10.win32_1.0.100.202210260954/tools/bin/../lib/gcc/arm-none-eabi/10.3.1/../../../../arm-none-eabi/lib/thumb/v7e-m/nofp\libc_nano.a(lib_a-memset.o)
 .data          0x0000000000000000        0x0 c:/st/stm32cubeide_1.11.2/stm32cubeide/plugins/com.st.stm32cube.ide.mcu.externaltools.gnu-tools-for-stm32.10.3-2021.10.win32_1.0.100.202210260954/tools/bin/../lib/gcc/arm-none-eabi/10.3.1/../../../../arm-none-eabi/lib/thumb/v7e-m/nofp\libc_nano.a(lib_a-memset.o)
 .bss           0x0000000000000000        0x0 c:/st/stm32cubeide_1.11.2/stm32cubeide/plugins/com.st.stm32cube.ide.mcu.externaltools.gnu-tools-for-stm32.10.3-2021.10.win32_1.0.100.202210260954/tools/bin/../lib/gcc/arm-none-eabi/10.3.1/../../../../arm-none-eabi/lib/thumb/v7e-m/nofp\libc_nano.a(lib_a-memset.o)
 .text.memset   0x0000000000000000       0x10 c:/st/stm32cubeide_1.11.2/stm32cubeide/plugins/com.st.stm32cube.ide.mcu.externaltools.gnu-tools-for-stm32.10.3-2021.10.win32_1.0.100.202210260954/tools/bin/../lib/gcc/arm-none-eabi/10.3.1/../../../../arm-none-eabi/lib/thumb/v7e-m/nofp\libc_nano.a(lib_a-memset.o)
 .debug_frame   0x0000000000000000       0x20 c:/st/stm32cubeide_1.11.2/stm32cubeide/plugins/com.st.stm32cube.ide.mcu.externaltools.gnu-tools-for-stm32.10.3-2021.10.win32_1.0.100.202210260954/tools/bin/../lib/gcc/arm-none-eabi/10.3.1/../../../../arm-none-eabi/lib/thumb/v7e-m/nofp\libc_nano.a(lib_a-memset.o)
 .ARM.attributes
                0x0000000000000000       0x2e c:/st/stm32cubeide_1.11.2/stm32cubeide/plugins/com.st.stm32cube.ide.mcu.externaltools.gnu-tools-for-stm32.10.3-2021.10.win32_1.0.100.202210260954/tools/bin/../lib/gcc/arm-none-eabi/10.3.1/../../../../arm-none-eabi/lib/thumb/v7e-m/nofp\libc_nano.a(lib_a-memset.o)
 .text          0x0000000000000000        0x0 c:/st/stm32cubeide_1.11.2/stm32cubeide/plugins/com.st.stm32cube.ide.mcu.externaltools.gnu-tools-for-stm32.10.3-2021.10.win32_1.0.100.202210260954/tools/bin/../lib/gcc/arm-none-eabi/10.3.1/thumb/v7e-m/nofp/crtend.o
 .data          0x0000000000000000        0x0 c:/st/stm32cubeide_1.11.2/stm32cubeide/plugins/com.st.stm32cube.ide.mcu.externaltools.gnu-tools-for-stm32.10.3-2021.10.win32_1.0.100.202210260954/tools/bin/../lib/gcc/arm-none-eabi/10.3.1/thumb/v7e-m/nofp/crtend.o
 .bss           0x0000000000000000        0x0 c:/st/stm32cubeide_1.11.2/stm32cubeide/plugins/com.st.stm32cube.ide.mcu.externaltools.gnu-tools-for-stm32.10.3-2021.10.win32_1.0.100.202210260954/tools/bin/../lib/gcc/arm-none-eabi/10.3.1/thumb/v7e-m/nofp/crtend.o
 .rodata        0x0000000000000000       0x24 c:/st/stm32cubeide_1.11.2/stm32cubeide/plugins/com.st.stm32cube.ide.mcu.externaltools.gnu-tools-for-stm32.10.3-2021.10.win32_1.0.100.202210260954/tools/bin/../lib/gcc/arm-none-eabi/10.3.1/thumb/v7e-m/nofp/crtend.o
 .eh_frame      0x0000000000000000        0x4 c:/st/stm32cubeide_1.11.2/stm32cubeide/plugins/com.st.stm32cube.ide.mcu.externaltools.gnu-tools-for-stm32.10.3-2021.10.win32_1.0.100.202210260954/tools/bin/../lib/gcc/arm-none-eabi/10.3.1/thumb/v7e-m/nofp/crtend.o
 .ARM.attributes
                0x0000000000000000       0x2e c:/st/stm32cubeide_1.11.2/stm32cubeide/plugins/com.st.stm32cube.ide.mcu.externaltools.gnu-tools-for-stm32.10.3-2021.10.win32_1.0.100.202210260954/tools/bin/../lib/gcc/arm-none-eabi/10.3.1/thumb/v7e-m/nofp/crtend.o
 .text          0x0000000000000000        0x0 c:/st/stm32cubeide_1.11.2/stm32cubeide/plugins/com.st.stm32cube.ide.mcu.externaltools.gnu-tools-for-stm32.10.3-2021.10.win32_1.0.100.202210260954/tools/bin/../lib/gcc/arm-none-eabi/10.3.1/thumb/v7e-m/nofp/crtn.o
 .data          0x0000000000000000        0x0 c:/st/stm32cubeide_1.11.2/stm32cubeide/plugins/com.st.stm32cube.ide.mcu.externaltools.gnu-tools-for-stm32.10.3-2021.10.win32_1.0.100.202210260954/tools/bin/../lib/gcc/arm-none-eabi/10.3.1/thumb/v7e-m/nofp/crtn.o
 .bss           0x0000000000000000        0x0 c:/st/stm32cubeide_1.11.2/stm32cubeide/plugins/com.st.stm32cube.ide.mcu.externaltools.gnu-tools-for-stm32.10.3-2021.10.win32_1.0.100.202210260954/tools/bin/../lib/gcc/arm-none-eabi/10.3.1/thumb/v7e-m/nofp/crtn.o

Memory Configuration

Name             Origin             Length             Attributes
RAM              0x0000000020000000 0x0000000000020000 xrw
FLASH            0x0000000008000000 0x0000000000080000 xr
*default*        0x0000000000000000 0xffffffffffffffff

Linker script and memory map

LOAD c:/st/stm32cubeide_1.11.2/stm32cubeide/plugins/com.st.stm32cube.ide.mcu.externaltools.gnu-tools-for-stm32.10.3-2021.10.win32_1.0.100.202210260954/tools/bin/../lib/gcc/arm-none-eabi/10.3.1/thumb/v7e-m/nofp/crti.o
LOAD c:/st/stm32cubeide_1.11.2/stm32cubeide/plugins/com.st.stm32cube.ide.mcu.externaltools.gnu-tools-for-stm32.10.3-2021.10.win32_1.0.100.202210260954/tools/bin/../lib/gcc/arm-none-eabi/10.3.1/thumb/v7e-m/nofp/crtbegin.o
LOAD c:/st/stm32cubeide_1.11.2/stm32cubeide/plugins/com.st.stm32cube.ide.mcu.externaltools.gnu-tools-for-stm32.10.3-2021.10.win32_1.0.100.202210260954/tools/bin/../lib/gcc/arm-none-eabi/10.3.1/../../../../arm-none-eabi/lib/thumb/v7e-m/nofp/crt0.o
LOAD ./BSP/bsp.o
LOAD ./Drivers/GPIO_DRIVERS/GPIO_driver.o
LOAD ./Drivers/I2C_Driver/I2C_Driver.o
LOAD ./Drivers/RCC_Driver/RCC_driver.o
LOAD ./Drivers/SPI_DRIVER/SPI_driver.o
LOAD ./Src/Slave_ReceiveData.o
LOAD ./Src/syscalls.o
LOAD ./Src/sysmem.o
LOAD ./Startup/startup_stm32f446retx.o
START GROUP
LOAD c:/st/stm32cubeide_1.11.2/stm32cubeide/plugins/com.st.stm32cube.ide.mcu.externaltools.gnu-tools-for-stm32.10.3-2021.10.win32_1.0.100.202210260954/tools/bin/../lib/gcc/arm-none-eabi/10.3.1/../../../../arm-none-eabi/lib/thumb/v7e-m/nofp\libc_nano.a
LOAD c:/st/stm32cubeide_1.11.2/stm32cubeide/plugins/com.st.stm32cube.ide.mcu.externaltools.gnu-tools-for-stm32.10.3-2021.10.win32_1.0.100.202210260954/tools/bin/../lib/gcc/arm-none-eabi/10.3.1/../../../../arm-none-eabi/lib/thumb/v7e-m/nofp\libm.a
END GROUP
START GROUP
LOAD c:/st/stm32cubeide_1.11.2/stm32cubeide/plugins/com.st.stm32cube.ide.mcu.externaltools.gnu-tools-for-stm32.10.3-2021.10.win32_1.0.100.202210260954/tools/bin/../lib/gcc/arm-none-eabi/10.3.1/thumb/v7e-m/nofp\libgcc.a
LOAD c:/st/stm32cubeide_1.11.2/stm32cubeide/plugins/com.st.stm32cube.ide.mcu.externaltools.gnu-tools-for-stm32.10.3-2021.10.win32_1.0.100.202210260954/tools/bin/../lib/gcc/arm-none-eabi/10.3.1/../../../../arm-none-eabi/lib/thumb/v7e-m/nofp\libc_nano.a
END GROUP
START GROUP
LOAD c:/st/stm32cubeide_1.11.2/stm32cubeide/plugins/com.st.stm32cube.ide.mcu.externaltools.gnu-tools-for-stm32.10.3-2021.10.win32_1.0.100.202210260954/tools/bin/../lib/gcc/arm-none-eabi/10.3.1/thumb/v7e-m/nofp\libgcc.a
LOAD c:/st/stm32cubeide_1.11.2/stm32cubeide/plugins/com.st.stm32cube.ide.mcu.externaltools.gnu-tools-for-stm32.10.3-2021.10.win32_1.0.100.202210260954/tools/bin/../lib/gcc/arm-none-eabi/10.3.1/../../../../arm-none-eabi/lib/thumb/v7e-m/nofp\libc_nano.a
LOAD c:/st/stm32cubeide_1.11.2/stm32cubeide/plugins/com.st.stm32cube.ide.mcu.externaltools.gnu-tools-for-stm32.10.3-2021.10.win32_1.0.100.202210260954/tools/bin/../lib/gcc/arm-none-eabi/10.3.1/../../../../arm-none-eabi/lib/thumb/v7e-m/nofp\libnosys.a
END GROUP
START GROUP
LOAD c:/st/stm32cubeide_1.11.2/stm32cubeide/plugins/com.st.stm32cube.ide.mcu.externaltools.gnu-tools-for-stm32.10.3-2021.10.win32_1.0.100.202210260954/tools/bin/../lib/gcc/arm-none-eabi/10.3.1/thumb/v7e-m/nofp\libgcc.a
LOAD c:/st/stm32cubeide_1.11.2/stm32cubeide/plugins/com.st.stm32cube.ide.mcu.externaltools.gnu-tools-for-stm32.10.3-2021.10.win32_1.0.100.202210260954/tools/bin/../lib/gcc/arm-none-eabi/10.3.1/../../../../arm-none-eabi/lib/thumb/v7e-m/nofp\libc_nano.a
LOAD c:/st/stm32cubeide_1.11.2/stm32cubeide/plugins/com.st.stm32cube.ide.mcu.externaltools.gnu-tools-for-stm32.10.3-2021.10.win32_1.0.100.202210260954/tools/bin/../lib/gcc/arm-none-eabi/10.3.1/../../../../arm-none-eabi/lib/thumb/v7e-m/nofp\libnosys.a
END GROUP
LOAD c:/st/stm32cubeide_1.11.2/stm32cubeide/plugins/com.st.stm32cube.ide.mcu.externaltools.gnu-tools-for-stm32.10.3-2021.10.win32_1.0.100.202210260954/tools/bin/../lib/gcc/arm-none-eabi/10.3.1/thumb/v7e-m/nofp/crtend.o
LOAD c:/st/stm32cubeide_1.11.2/stm32cubeide/plugins/com.st.stm32cube.ide.mcu.externaltools.gnu-tools-for-stm32.10.3-2021.10.win32_1.0.100.202210260954/tools/bin/../lib/gcc/arm-none-eabi/10.3.1/thumb/v7e-m/nofp/crtn.o
                0x0000000020020000                _estack = (ORIGIN (RAM) + LENGTH (RAM))
                0x0000000000000200                _Min_Heap_Size = 0x200
                0x0000000000000400                _Min_Stack_Size = 0x400

.isr_vector     0x0000000008000000      0x1c4
                0x0000000008000000                . = ALIGN (0x4)
 *(.isr_vector)
 .isr_vector    0x0000000008000000      0x1c4 ./Startup/startup_stm32f446retx.o
                0x0000000008000000                g_pfnVectors
                0x00000000080001c4                . = ALIGN (0x4)

.text           0x00000000080001c4      0xacc
                0x00000000080001c4                . = ALIGN (0x4)
 *(.text)
 .text          0x00000000080001c4       0x40 c:/st/stm32cubeide_1.11.2/stm32cubeide/plugins/com.st.stm32cube.ide.mcu.externaltools.gnu-tools-for-stm32.10.3-2021.10.win32_1.0.100.202210260954/tools/bin/../lib/gcc/arm-none-eabi/10.3.1/thumb/v7e-m/nofp/crtbegin.o
 *(.text*)
 .text.I2C1_GPIOInit
                0x0000000008000204       0x5a ./BSP/bsp.o
                0x0000000008000204                I2C1_GPIOInit
 *fill*         0x000000000800025e        0x2 
 .text.GPIO_CLKCNT
                0x0000000008000260      0x1a0 ./Drivers/GPIO_DRIVERS/GPIO_driver.o
                0x0000000008000260                GPIO_CLKCNT
 .text.GPIO_PORTCODE
                0x0000000008000400       0x2a ./Drivers/GPIO_DRIVERS/GPIO_driver.o
                0x0000000008000400                GPIO_PORTCODE
 *fill*         0x000000000800042a        0x2 
 .text.GPIO_Init
                0x000000000800042c      0x298 ./Drivers/GPIO_DRIVERS/GPIO_driver.o
                0x000000000800042c                GPIO_Init
 .text.I2C_Enable
                0x00000000080006c4       0x36 ./Drivers/I2C_Driver/I2C_Driver.o
                0x00000000080006c4                I2C_Enable
 *fill*         0x00000000080006fa        0x2 
 .text.I2C_CLKCNT
                0x00000000080006fc       0xb0 ./Drivers/I2C_Driver/I2C_Driver.o
                0x00000000080006fc                I2C_CLKCNT
 .text.I2C_Init
                0x00000000080007ac      0x1b8 ./Drivers/I2C_Driver/I2C_Driver.o
                0x00000000080007ac                I2C_Init
 .text.I2C_GetFlagStatus
                0x0000000008000964       0x28 ./Drivers/I2C_Driver/I2C_Driver.o
                0x0000000008000964                I2C_GetFlagStatus
 .text.I2C_SlaveRecieveData
                0x000000000800098c       0x98 ./Drivers/I2C_Driver/I2C_Driver.o
                0x000000000800098c                I2C_SlaveRecieveData
 .text.I2C_ClearADDRFlag
                0x0000000008000a24       0x3a ./Drivers/I2C_Driver/I2C_Driver.o
 .text.I2C_GenerateDataReceiving
                0x0000000008000a5e       0x18 ./Drivers/I2C_Driver/I2C_Driver.o
 *fill*         0x0000000008000a76        0x2 
 .text.getSystemClock
                0x0000000008000a78       0xe0 ./Drivers/RCC_Driver/RCC_driver.o
                0x0000000008000a78                getSystemClock
 .text.main     0x0000000008000b58       0x84 ./Src/Slave_ReceiveData.o
                0x0000000008000b58                main
 .text.Reset_Handler
                0x0000000008000bdc       0x50 ./Startup/startup_stm32f446retx.o
                0x0000000008000bdc                Reset_Handler
 .text.Default_Handler
                0x0000000008000c2c        0x2 ./Startup/startup_stm32f446retx.o
                0x0000000008000c2c                RTC_Alarm_IRQHandler
                0x0000000008000c2c                EXTI2_IRQHandler
                0x0000000008000c2c                TIM8_CC_IRQHandler
                0x0000000008000c2c                SPDIF_Rx_IRQHandler
                0x0000000008000c2c                DebugMon_Handler
                0x0000000008000c2c                SPI4_IRQHandler
                0x0000000008000c2c                TIM1_CC_IRQHandler
                0x0000000008000c2c                QuadSPI_IRQHandler
                0x0000000008000c2c                DMA2_Stream5_IRQHandler
                0x0000000008000c2c                HardFault_Handler
                0x0000000008000c2c                DMA1_Stream5_IRQHandler
                0x0000000008000c2c                SysTick_Handler
                0x0000000008000c2c                PVD_IRQHandler
                0x0000000008000c2c                SDIO_IRQHandler
                0x0000000008000c2c                TAMP_STAMP_IRQHandler
                0x0000000008000c2c                PendSV_Handler
                0x0000000008000c2c                NMI_Handler
                0x0000000008000c2c                CAN2_RX1_IRQHandler
                0x0000000008000c2c                EXTI3_IRQHandler
                0x0000000008000c2c                TIM8_TRG_COM_TIM14_IRQHandler
                0x0000000008000c2c                TIM1_UP_TIM10_IRQHandler
                0x0000000008000c2c                FMPI2C1_error_IRQHandler
                0x0000000008000c2c                TIM8_UP_TIM13_IRQHandler
                0x0000000008000c2c                I2C3_ER_IRQHandler
                0x0000000008000c2c                EXTI0_IRQHandler
                0x0000000008000c2c                I2C2_EV_IRQHandler
                0x0000000008000c2c                DMA1_Stream2_IRQHandler
                0x0000000008000c2c                CAN1_RX0_IRQHandler
                0x0000000008000c2c                OTG_HS_WKUP_IRQHandler
                0x0000000008000c2c                UsageFault_Handler
                0x0000000008000c2c                CAN2_SCE_IRQHandler
                0x0000000008000c2c                DMA2_Stream2_IRQHandler
                0x0000000008000c2c                SPI1_IRQHandler
                0x0000000008000c2c                TIM6_DAC_IRQHandler
                0x0000000008000c2c                TIM1_BRK_TIM9_IRQHandler
                0x0000000008000c2c                DCMI_IRQHandler
                0x0000000008000c2c                CAN2_RX0_IRQHandler
                0x0000000008000c2c                DMA2_Stream3_IRQHandler
                0x0000000008000c2c                FMPI2C1_IRQHandler
                0x0000000008000c2c                SAI2_IRQHandler
                0x0000000008000c2c                USART6_IRQHandler
                0x0000000008000c2c                USART3_IRQHandler
                0x0000000008000c2c                CAN1_RX1_IRQHandler
                0x0000000008000c2c                UART5_IRQHandler
                0x0000000008000c2c                DMA2_Stream0_IRQHandler
                0x0000000008000c2c                TIM4_IRQHandler
                0x0000000008000c2c                I2C1_EV_IRQHandler
                0x0000000008000c2c                HDMI_CEC_IRQHandler
                0x0000000008000c2c                DMA1_Stream6_IRQHandler
                0x0000000008000c2c                DMA1_Stream1_IRQHandler
                0x0000000008000c2c                UART4_IRQHandler
                0x0000000008000c2c                TIM3_IRQHandler
                0x0000000008000c2c                RCC_IRQHandler
                0x0000000008000c2c                TIM8_BRK_TIM12_IRQHandler
                0x0000000008000c2c                Default_Handler
                0x0000000008000c2c                EXTI15_10_IRQHandler
                0x0000000008000c2c                ADC_IRQHandler
                0x0000000008000c2c                DMA1_Stream7_IRQHandler
                0x0000000008000c2c                TIM7_IRQHandler
                0x0000000008000c2c                CAN2_TX_IRQHandler
                0x0000000008000c2c                TIM5_IRQHandler
                0x0000000008000c2c                DMA2_Stream7_IRQHandler
                0x0000000008000c2c                I2C3_EV_IRQHandler
                0x0000000008000c2c                EXTI9_5_IRQHandler
                0x0000000008000c2c                RTC_WKUP_IRQHandler
                0x0000000008000c2c                SPI2_IRQHandler
                0x0000000008000c2c                OTG_HS_EP1_IN_IRQHandler
                0x0000000008000c2c                MemManage_Handler
                0x0000000008000c2c                DMA1_Stream0_IRQHandler
                0x0000000008000c2c                CAN1_TX_IRQHandler
                0x0000000008000c2c                SVC_Handler
                0x0000000008000c2c                EXTI4_IRQHandler
                0x0000000008000c2c                OTG_HS_EP1_OUT_IRQHandler
                0x0000000008000c2c                WWDG_IRQHandler
                0x0000000008000c2c                TIM2_IRQHandler
                0x0000000008000c2c                OTG_FS_WKUP_IRQHandler
                0x0000000008000c2c                TIM1_TRG_COM_TIM11_IRQHandler
                0x0000000008000c2c                OTG_HS_IRQHandler
                0x0000000008000c2c                EXTI1_IRQHandler
                0x0000000008000c2c                USART2_IRQHandler
                0x0000000008000c2c                I2C2_ER_IRQHandler
                0x0000000008000c2c                DMA2_Stream1_IRQHandler
                0x0000000008000c2c                CAN1_SCE_IRQHandler
                0x0000000008000c2c                FLASH_IRQHandler
                0x0000000008000c2c                DMA2_Stream4_IRQHandler
                0x0000000008000c2c                BusFault_Handler
                0x0000000008000c2c                USART1_IRQHandler
                0x0000000008000c2c                OTG_FS_IRQHandler
                0x0000000008000c2c                SPI3_IRQHandler
                0x0000000008000c2c                DMA1_Stream4_IRQHandler
                0x0000000008000c2c                I2C1_ER_IRQHandler
                0x0000000008000c2c                FMC_IRQHandler
                0x0000000008000c2c                DMA2_Stream6_IRQHandler
                0x0000000008000c2c                SAI1_IRQHandler
                0x0000000008000c2c                DMA1_Stream3_IRQHandler
 *fill*         0x0000000008000c2e        0x2 
 .text.__libc_init_array
                0x0000000008000c30       0x48 c:/st/stm32cubeide_1.11.2/stm32cubeide/plugins/com.st.stm32cube.ide.mcu.externaltools.gnu-tools-for-stm32.10.3-2021.10.win32_1.0.100.202210260954/tools/bin/../lib/gcc/arm-none-eabi/10.3.1/../../../../arm-none-eabi/lib/thumb/v7e-m/nofp\libc_nano.a(lib_a-init.o)
                0x0000000008000c30                __libc_init_array
 *(.glue_7)
 .glue_7        0x0000000008000c78        0x0 linker stubs
 *(.glue_7t)
 .glue_7t       0x0000000008000c78        0x0 linker stubs
 *(.eh_frame)
 .eh_frame      0x0000000008000c78        0x0 c:/st/stm32cubeide_1.11.2/stm32cubeide/plugins/com.st.stm32cube.ide.mcu.externaltools.gnu-tools-for-stm32.10.3-2021.10.win32_1.0.100.202210260954/tools/bin/../lib/gcc/arm-none-eabi/10.3.1/thumb/v7e-m/nofp/crtbegin.o
 *(.init)
 .init          0x0000000008000c78        0x4 c:/st/stm32cubeide_1.11.2/stm32cubeide/plugins/com.st.stm32cube.ide.mcu.externaltools.gnu-tools-for-stm32.10.3-2021.10.win32_1.0.100.202210260954/tools/bin/../lib/gcc/arm-none-eabi/10.3.1/thumb/v7e-m/nofp/crti.o
                0x0000000008000c78                _init
 .init          0x0000000008000c7c        0x8 c:/st/stm32cubeide_1.11.2/stm32cubeide/plugins/com.st.stm32cube.ide.mcu.externaltools.gnu-tools-for-stm32.10.3-2021.10.win32_1.0.100.202210260954/tools/bin/../lib/gcc/arm-none-eabi/10.3.1/thumb/v7e-m/nofp/crtn.o
 *(.fini)
 .fini          0x0000000008000c84        0x4 c:/st/stm32cubeide_1.11.2/stm32cubeide/plugins/com.st.stm32cube.ide.mcu.externaltools.gnu-tools-for-stm32.10.3-2021.10.win32_1.0.100.202210260954/tools/bin/../lib/gcc/arm-none-eabi/10.3.1/thumb/v7e-m/nofp/crti.o
                0x0000000008000c84                _fini
 .fini          0x0000000008000c88        0x8 c:/st/stm32cubeide_1.11.2/stm32cubeide/plugins/com.st.stm32cube.ide.mcu.externaltools.gnu-tools-for-stm32.10.3-2021.10.win32_1.0.100.202210260954/tools/bin/../lib/gcc/arm-none-eabi/10.3.1/thumb/v7e-m/nofp/crtn.o
                0x0000000008000c90                . = ALIGN (0x4)
                0x0000000008000c90                _etext = .

.vfp11_veneer   0x0000000008000c90        0x0
 .vfp11_veneer  0x0000000008000c90        0x0 linker stubs

.v4_bx          0x0000000008000c90        0x0
 .v4_bx         0x0000000008000c90        0x0 linker stubs

.iplt           0x0000000008000c90        0x0
 .iplt          0x0000000008000c90        0x0 c:/st/stm32cubeide_1.11.2/stm32cubeide/plugins/com.st.stm32cube.ide.mcu.externaltools.gnu-tools-for-stm32.10.3-2021.10.win32_1.0.100.202210260954/tools/bin/../lib/gcc/arm-none-eabi/10.3.1/thumb/v7e-m/nofp/crtbegin.o

.rel.dyn        0x0000000008000c90        0x0
 .rel.iplt      0x0000000008000c90        0x0 c:/st/stm32cubeide_1.11.2/stm32cubeide/plugins/com.st.stm32cube.ide.mcu.externaltools.gnu-tools-for-stm32.10.3-2021.10.win32_1.0.100.202210260954/tools/bin/../lib/gcc/arm-none-eabi/10.3.1/thumb/v7e-m/nofp/crtbegin.o

.rodata         0x0000000008000c90        0x0
                0x0000000008000c90                . = ALIGN (0x4)
 *(.rodata)
 *(.rodata*)
                0x0000000008000c90                . = ALIGN (0x4)

.ARM.extab      0x0000000008000c90        0x0
                0x0000000008000c90                . = ALIGN (0x4)
 *(.ARM.extab* .gnu.linkonce.armextab.*)
                0x0000000008000c90                . = ALIGN (0x4)

.ARM            0x0000000008000c90        0x0
                0x0000000008000c90                . = ALIGN (0x4)
                0x0000000008000c90                __exidx_start = .
 *(.ARM.exidx*)
                0x0000000008000c90                __exidx_end = .
                0x0000000008000c90                . = ALIGN (0x4)

.preinit_array  0x0000000008000c90        0x0
                0x0000000008000c90                . = ALIGN (0x4)
                0x0000000008000c90                PROVIDE (__preinit_array_start = .)
 *(.preinit_array*)
                0x0000000008000c90                PROVIDE (__preinit_array_end = .)
                0x0000000008000c90                . = ALIGN (0x4)

.init_array     0x0000000008000c90        0x4
                0x0000000008000c90                . = ALIGN (0x4)
                0x0000000008000c90                PROVIDE (__init_array_start = .)
 *(SORT_BY_NAME(.init_array.*))
 *(.init_array*)
 .init_array    0x0000000008000c90        0x4 c:/st/stm32cubeide_1.11.2/stm32cubeide/plugins/com.st.stm32cube.ide.mcu.externaltools.gnu-tools-for-stm32.10.3-2021.10.win32_1.0.100.202210260954/tools/bin/../lib/gcc/arm-none-eabi/10.3.1/thumb/v7e-m/nofp/crtbegin.o
                0x0000000008000c94                PROVIDE (__init_array_end = .)
                0x0000000008000c94                . = ALIGN (0x4)

.fini_array     0x0000000008000c94        0x4
                0x0000000008000c94                . = ALIGN (0x4)
                [!provide]                        PROVIDE (__fini_array_start = .)
 *(SORT_BY_NAME(.fini_array.*))
 *(.fini_array*)
 .fini_array    0x0000000008000c94        0x4 c:/st/stm32cubeide_1.11.2/stm32cubeide/plugins/com.st.stm32cube.ide.mcu.externaltools.gnu-tools-for-stm32.10.3-2021.10.win32_1.0.100.202210260954/tools/bin/../lib/gcc/arm-none-eabi/10.3.1/thumb/v7e-m/nofp/crtbegin.o
                [!provide]                        PROVIDE (__fini_array_end = .)
                0x0000000008000c98                . = ALIGN (0x4)
                0x0000000008000c98                _sidata = LOADADDR (.data)

.data           0x0000000020000000        0x0 load address 0x0000000008000c98
                0x0000000020000000                . = ALIGN (0x4)
                0x0000000020000000                _sdata = .
 *(.data)
 *(.data*)
 *(.RamFunc)
 *(.RamFunc*)
                0x0000000020000000                . = ALIGN (0x4)
                0x0000000020000000                _edata = .

.igot.plt       0x0000000020000000        0x0 load address 0x0000000008000c98
 .igot.plt      0x0000000020000000        0x0 c:/st/stm32cubeide_1.11.2/stm32cubeide/plugins/com.st.stm32cube.ide.mcu.externaltools.gnu-tools-for-stm32.10.3-2021.10.win32_1.0.100.202210260954/tools/bin/../lib/gcc/arm-none-eabi/10.3.1/thumb/v7e-m/nofp/crtbegin.o
                0x0000000020000000                . = ALIGN (0x4)

.bss            0x0000000020000000       0x1c load address 0x0000000008000c98
                0x0000000020000000                _sbss = .
                0x0000000020000000                __bss_start__ = _sbss
 *(.bss)
 .bss           0x0000000020000000       0x1c c:/st/stm32cubeide_1.11.2/stm32cubeide/plugins/com.st.stm32cube.ide.mcu.externaltools.gnu-tools-for-stm32.10.3-2021.10.win32_1.0.100.202210260954/tools/bin/../lib/gcc/arm-none-eabi/10.3.1/thumb/v7e-m/nofp/crtbegin.o
 *(.bss*)
 *(COMMON)
                0x000000002000001c                . = ALIGN (0x4)
                0x000000002000001c                _ebss = .
                0x000000002000001c                __bss_end__ = _ebss

._user_heap_stack
                0x000000002000001c      0x604 load address 0x0000000008000c98
                0x0000000020000020                . = ALIGN (0x8)
 *fill*         0x000000002000001c        0x4 
                [!provide]                        PROVIDE (end = .)
                0x0000000020000020                PROVIDE (_end = .)
                0x0000000020000220                . = (. + _Min_Heap_Size)
 *fill*         0x0000000020000020      0x200 
                0x0000000020000620                . = (. + _Min_Stack_Size)
 *fill*         0x0000000020000220      0x400 
                0x0000000020000620                . = ALIGN (0x8)

/DISCARD/
 libc.a(*)
 libm.a(*)
 libgcc.a(*)

.ARM.attributes
                0x0000000000000000       0x2a
 *(.ARM.attributes)
 .ARM.attributes
                0x0000000000000000       0x1e c:/st/stm32cubeide_1.11.2/stm32cubeide/plugins/com.st.stm32cube.ide.mcu.externaltools.gnu-tools-for-stm32.10.3-2021.10.win32_1.0.100.202210260954/tools/bin/../lib/gcc/arm-none-eabi/10.3.1/thumb/v7e-m/nofp/crti.o
 .ARM.attributes
                0x000000000000001e       0x2e c:/st/stm32cubeide_1.11.2/stm32cubeide/plugins/com.st.stm32cube.ide.mcu.externaltools.gnu-tools-for-stm32.10.3-2021.10.win32_1.0.100.202210260954/tools/bin/../lib/gcc/arm-none-eabi/10.3.1/thumb/v7e-m/nofp/crtbegin.o
 .ARM.attributes
                0x000000000000004c       0x2e ./BSP/bsp.o
 .ARM.attributes
                0x000000000000007a       0x2e ./Drivers/GPIO_DRIVERS/GPIO_driver.o
 .ARM.attributes
                0x00000000000000a8       0x2e ./Drivers/I2C_Driver/I2C_Driver.o
 .ARM.attributes
                0x00000000000000d6       0x2e ./Drivers/RCC_Driver/RCC_driver.o
 .ARM.attributes
                0x0000000000000104       0x2e ./Src/Slave_ReceiveData.o
 .ARM.attributes
                0x0000000000000132       0x21 ./Startup/startup_stm32f446retx.o
 .ARM.attributes
                0x0000000000000153       0x2e c:/st/stm32cubeide_1.11.2/stm32cubeide/plugins/com.st.stm32cube.ide.mcu.externaltools.gnu-tools-for-stm32.10.3-2021.10.win32_1.0.100.202210260954/tools/bin/../lib/gcc/arm-none-eabi/10.3.1/../../../../arm-none-eabi/lib/thumb/v7e-m/nofp\libc_nano.a(lib_a-init.o)
 .ARM.attributes
                0x0000000000000181       0x1e c:/st/stm32cubeide_1.11.2/stm32cubeide/plugins/com.st.stm32cube.ide.mcu.externaltools.gnu-tools-for-stm32.10.3-2021.10.win32_1.0.100.202210260954/tools/bin/../lib/gcc/arm-none-eabi/10.3.1/thumb/v7e-m/nofp/crtn.o
OUTPUT(I2C_SlaveBoard.elf elf32-littlearm)
LOAD linker stubs
LOAD c:/st/stm32cubeide_1.11.2/stm32cubeide/plugins/com.st.stm32cube.ide.mcu.externaltools.gnu-tools-for-stm32.10.3-2021.10.win32_1.0.100.202210260954/tools/bin/../lib/gcc/arm-none-eabi/10.3.1/../../../../arm-none-eabi/lib/thumb/v7e-m/nofp\libc.a
LOAD c:/st/stm32cubeide_1.11.2/stm32cubeide/plugins/com.st.stm32cube.ide.mcu.externaltools.gnu-tools-for-stm32.10.3-2021.10.win32_1.0.100.202210260954/tools/bin/../lib/gcc/arm-none-eabi/10.3.1/../../../../arm-none-eabi/lib/thumb/v7e-m/nofp\libm.a
LOAD c:/st/stm32cubeide_1.11.2/stm32cubeide/plugins/com.st.stm32cube.ide.mcu.externaltools.gnu-tools-for-stm32.10.3-2021.10.win32_1.0.100.202210260954/tools/bin/../lib/gcc/arm-none-eabi/10.3.1/thumb/v7e-m/nofp\libgcc.a

.debug_info     0x0000000000000000     0x1b1a
 .debug_info    0x0000000000000000      0x34c ./BSP/bsp.o
 .debug_info    0x000000000000034c      0x7e4 ./Drivers/GPIO_DRIVERS/GPIO_driver.o
 .debug_info    0x0000000000000b30      0x7ce ./Drivers/I2C_Driver/I2C_Driver.o
 .debug_info    0x00000000000012fe      0x417 ./Drivers/RCC_Driver/RCC_driver.o
 .debug_info    0x0000000000001715      0x3e3 ./Src/Slave_ReceiveData.o
 .debug_info    0x0000000000001af8       0x22 ./Startup/startup_stm32f446retx.o

.debug_abbrev   0x0000000000000000      0x6c6
 .debug_abbrev  0x0000000000000000      0x14a ./BSP/bsp.o
 .debug_abbrev  0x000000000000014a      0x173 ./Drivers/GPIO_DRIVERS/GPIO_driver.o
 .debug_abbrev  0x00000000000002bd      0x20d ./Drivers/I2C_Driver/I2C_Driver.o
 .debug_abbrev  0x00000000000004ca      0x109 ./Drivers/RCC_Driver/RCC_driver.o
 .debug_abbrev  0x00000000000005d3       0xe1 ./Src/Slave_ReceiveData.o
 .debug_abbrev  0x00000000000006b4       0x12 ./Startup/startup_stm32f446retx.o

.debug_aranges  0x0000000000000000      0x1b8
 .debug_aranges
                0x0000000000000000       0x38 ./BSP/bsp.o
 .debug_aranges
                0x0000000000000038       0x78 ./Drivers/GPIO_DRIVERS/GPIO_driver.o
 .debug_aranges
                0x00000000000000b0       0x90 ./Drivers/I2C_Driver/I2C_Driver.o
 .debug_aranges
                0x0000000000000140       0x30 ./Drivers/RCC_Driver/RCC_driver.o
 .debug_aranges
                0x0000000000000170       0x20 ./Src/Slave_ReceiveData.o
 .debug_aranges
                0x0000000000000190       0x28 ./Startup/startup_stm32f446retx.o

.debug_ranges   0x0000000000000000      0x160
 .debug_ranges  0x0000000000000000       0x28 ./BSP/bsp.o
 .debug_ranges  0x0000000000000028       0x68 ./Drivers/GPIO_DRIVERS/GPIO_driver.o
 .debug_ranges  0x0000000000000090       0x80 ./Drivers/I2C_Driver/I2C_Driver.o
 .debug_ranges  0x0000000000000110       0x20 ./Drivers/RCC_Driver/RCC_driver.o
 .debug_ranges  0x0000000000000130       0x10 ./Src/Slave_ReceiveData.o
 .debug_ranges  0x0000000000000140       0x20 ./Startup/startup_stm32f446retx.o

.debug_macro    0x0000000000000000     0x21e5
 .debug_macro   0x0000000000000000       0xa7 ./BSP/bsp.o
 .debug_macro   0x00000000000000a7      0xa78 ./BSP/bsp.o
 .debug_macro   0x0000000000000b1f       0x22 ./BSP/bsp.o
 .debug_macro   0x0000000000000b41       0x8e ./BSP/bsp.o
 .debug_macro   0x0000000000000bcf       0x51 ./BSP/bsp.o
 .debug_macro   0x0000000000000c20      0x103 ./BSP/bsp.o
 .debug_macro   0x0000000000000d23       0x6a ./BSP/bsp.o
 .debug_macro   0x0000000000000d8d      0x1df ./BSP/bsp.o
 .debug_macro   0x0000000000000f6c      0x696 ./BSP/bsp.o
 .debug_macro   0x0000000000001602       0xc4 ./BSP/bsp.o
 .debug_macro   0x00000000000016c6       0x10 ./BSP/bsp.o
 .debug_macro   0x00000000000016d6       0xb8 ./BSP/bsp.o
 .debug_macro   0x000000000000178e       0x81 ./Drivers/GPIO_DRIVERS/GPIO_driver.o
 .debug_macro   0x000000000000180f      0x696 ./Drivers/GPIO_DRIVERS/GPIO_driver.o
 .debug_macro   0x0000000000001ea5       0xc4 ./Drivers/GPIO_DRIVERS/GPIO_driver.o
 .debug_macro   0x0000000000001f69       0x9d ./Drivers/I2C_Driver/I2C_Driver.o
 .debug_macro   0x0000000000002006       0x8e ./Drivers/I2C_Driver/I2C_Driver.o
 .debug_macro   0x0000000000002094       0x16 ./Drivers/I2C_Driver/I2C_Driver.o
 .debug_macro   0x00000000000020aa       0x7b ./Drivers/RCC_Driver/RCC_driver.o
 .debug_macro   0x0000000000002125       0xb0 ./Src/Slave_ReceiveData.o
 .debug_macro   0x00000000000021d5       0x10 ./Src/Slave_ReceiveData.o

.debug_line     0x0000000000000000     0x21ab
 .debug_line    0x0000000000000000      0x4ff ./BSP/bsp.o
 .debug_line    0x00000000000004ff      0x8fb ./Drivers/GPIO_DRIVERS/GPIO_driver.o
 .debug_line    0x0000000000000dfa      0x970 ./Drivers/I2C_Driver/I2C_Driver.o
 .debug_line    0x000000000000176a      0x4eb ./Drivers/RCC_Driver/RCC_driver.o
 .debug_line    0x0000000000001c55      0x4d2 ./Src/Slave_ReceiveData.o
 .debug_line    0x0000000000002127       0x84 ./Startup/startup_stm32f446retx.o

.debug_str      0x0000000000000000     0x65d7
 .debug_str     0x0000000000000000     0x5d5f ./BSP/bsp.o
                                       0x5ee8 (size before relaxing)
 .debug_str     0x0000000000005d5f      0x2c7 ./Drivers/GPIO_DRIVERS/GPIO_driver.o
                                       0x5eda (size before relaxing)
 .debug_str     0x0000000000006026      0x49b ./Drivers/I2C_Driver/I2C_Driver.o
                                       0x6100 (size before relaxing)
 .debug_str     0x00000000000064c1       0xb3 ./Drivers/RCC_Driver/RCC_driver.o
                                       0x5b32 (size before relaxing)
 .debug_str     0x0000000000006574       0x32 ./Src/Slave_ReceiveData.o
                                       0x5f63 (size before relaxing)
 .debug_str     0x00000000000065a6       0x31 ./Startup/startup_stm32f446retx.o
                                         0x4e (size before relaxing)

.comment        0x0000000000000000       0x50
 .comment       0x0000000000000000       0x50 ./BSP/bsp.o
                                         0x51 (size before relaxing)
 .comment       0x0000000000000050       0x51 ./Drivers/GPIO_DRIVERS/GPIO_driver.o
 .comment       0x0000000000000050       0x51 ./Drivers/I2C_Driver/I2C_Driver.o
 .comment       0x0000000000000050       0x51 ./Drivers/RCC_Driver/RCC_driver.o
 .comment       0x0000000000000050       0x51 ./Src/Slave_ReceiveData.o

.debug_frame    0x0000000000000000      0x5c0
 .debug_frame   0x0000000000000000       0xa0 ./BSP/bsp.o
 .debug_frame   0x00000000000000a0      0x1f0 ./Drivers/GPIO_DRIVERS/GPIO_driver.o
 .debug_frame   0x0000000000000290      0x254 ./Drivers/I2C_Driver/I2C_Driver.o
 .debug_frame   0x00000000000004e4       0x80 ./Drivers/RCC_Driver/RCC_driver.o
 .debug_frame   0x0000000000000564       0x30 ./Src/Slave_ReceiveData.o
 .debug_frame   0x0000000000000594       0x2c c:/st/stm32cubeide_1.11.2/stm32cubeide/plugins/com.st.stm32cube.ide.mcu.externaltools.gnu-tools-for-stm32.10.3-2021.10.win32_1.0.100.202210260954/tools/bin/../lib/gcc/arm-none-eabi/10.3.1/../../../../arm-none-eabi/lib/thumb/v7e-m/nofp\libc_nano.a(lib_a-init.o)
