10:32:22 **** Incremental Build of configuration Debug for project 005STM32_Drivers ****
make -j8 all 
arm-none-eabi-gcc -mcpu=cortex-m4 -g3 -DDEBUG -c -x assembler-with-cpp -MMD -MP -MF"Startup/startup_stm32f446retx.d" -MT"Startup/startup_stm32f446retx.o" --specs=nano.specs -mfloat-abi=soft -mthumb -o "Startup/startup_stm32f446retx.o" "../Startup/startup_stm32f446retx.s"
arm-none-eabi-gcc "../Src/009SPI_InterruptSendData.c" -mcpu=cortex-m4 -std=gnu18 -g3 -DDEBUG -DSTM32 -DSTM32F4 -DSTM32F446RETx -DNUCLEO_F446RE -c -I"E:/MCU1/005STM32_Drivers/Drivers/GPIO_DRIVERS" -I"E:/MCU1/005STM32_Drivers/Drivers/USART_Driver" -I"E:/MCU1/005STM32_Drivers/Drivers/I2C_Driver" -I"E:/MCU1/005STM32_Drivers/Drivers/stm32f446re" -I"E:/MCU1/005STM32_Drivers/Drivers/SPI_DRIVER" -I"E:/MCU1/005STM32_Drivers/BSP" -I../Inc -I"E:/MCU1/005STM32_Drivers/Drivers/RCC_Driver" -O0 -ffunction-sections -fdata-sections -Wall -fstack-usage -MMD -MP -MF"Src/009SPI_InterruptSendData.d" -MT"Src/009SPI_InterruptSendData.o" --specs=nano.specs -mfloat-abi=soft -mthumb -o "Src/009SPI_InterruptSendData.o"
arm-none-eabi-gcc "../Src/syscalls.c" -mcpu=cortex-m4 -std=gnu18 -g3 -DDEBUG -DSTM32 -DSTM32F4 -DSTM32F446RETx -DNUCLEO_F446RE -c -I"E:/MCU1/005STM32_Drivers/Drivers/GPIO_DRIVERS" -I"E:/MCU1/005STM32_Drivers/Drivers/USART_Driver" -I"E:/MCU1/005STM32_Drivers/Drivers/I2C_Driver" -I"E:/MCU1/005STM32_Drivers/Drivers/stm32f446re" -I"E:/MCU1/005STM32_Drivers/Drivers/SPI_DRIVER" -I"E:/MCU1/005STM32_Drivers/BSP" -I../Inc -I"E:/MCU1/005STM32_Drivers/Drivers/RCC_Driver" -O0 -ffunction-sections -fdata-sections -Wall -fstack-usage -MMD -MP -MF"Src/syscalls.d" -MT"Src/syscalls.o" --specs=nano.specs -mfloat-abi=soft -mthumb -o "Src/syscalls.o"
arm-none-eabi-gcc "../Src/sysmem.c" -mcpu=cortex-m4 -std=gnu18 -g3 -DDEBUG -DSTM32 -DSTM32F4 -DSTM32F446RETx -DNUCLEO_F446RE -c -I"E:/MCU1/005STM32_Drivers/Drivers/GPIO_DRIVERS" -I"E:/MCU1/005STM32_Drivers/Drivers/USART_Driver" -I"E:/MCU1/005STM32_Drivers/Drivers/I2C_Driver" -I"E:/MCU1/005STM32_Drivers/Drivers/stm32f446re" -I"E:/MCU1/005STM32_Drivers/Drivers/SPI_DRIVER" -I"E:/MCU1/005STM32_Drivers/BSP" -I../Inc -I"E:/MCU1/005STM32_Drivers/Drivers/RCC_Driver" -O0 -ffunction-sections -fdata-sections -Wall -fstack-usage -MMD -MP -MF"Src/sysmem.d" -MT"Src/sysmem.o" --specs=nano.specs -mfloat-abi=soft -mthumb -o "Src/sysmem.o"
arm-none-eabi-gcc "../Drivers/USART_Driver/USART_driver.c" -mcpu=cortex-m4 -std=gnu18 -g3 -DDEBUG -DSTM32 -DSTM32F4 -DSTM32F446RETx -DNUCLEO_F446RE -c -I"E:/MCU1/005STM32_Drivers/Drivers/GPIO_DRIVERS" -I"E:/MCU1/005STM32_Drivers/Drivers/USART_Driver" -I"E:/MCU1/005STM32_Drivers/Drivers/I2C_Driver" -I"E:/MCU1/005STM32_Drivers/Drivers/stm32f446re" -I"E:/MCU1/005STM32_Drivers/Drivers/SPI_DRIVER" -I"E:/MCU1/005STM32_Drivers/BSP" -I../Inc -I"E:/MCU1/005STM32_Drivers/Drivers/RCC_Driver" -O0 -ffunction-sections -fdata-sections -Wall -fstack-usage -MMD -MP -MF"Drivers/USART_Driver/USART_driver.d" -MT"Drivers/USART_Driver/USART_driver.o" --specs=nano.specs -mfloat-abi=soft -mthumb -o "Drivers/USART_Driver/USART_driver.o"
arm-none-eabi-gcc "../Drivers/SPI_DRIVER/SPI_driver.c" -mcpu=cortex-m4 -std=gnu18 -g3 -DDEBUG -DSTM32 -DSTM32F4 -DSTM32F446RETx -DNUCLEO_F446RE -c -I"E:/MCU1/005STM32_Drivers/Drivers/GPIO_DRIVERS" -I"E:/MCU1/005STM32_Drivers/Drivers/USART_Driver" -I"E:/MCU1/005STM32_Drivers/Drivers/I2C_Driver" -I"E:/MCU1/005STM32_Drivers/Drivers/stm32f446re" -I"E:/MCU1/005STM32_Drivers/Drivers/SPI_DRIVER" -I"E:/MCU1/005STM32_Drivers/BSP" -I../Inc -I"E:/MCU1/005STM32_Drivers/Drivers/RCC_Driver" -O0 -ffunction-sections -fdata-sections -Wall -fstack-usage -MMD -MP -MF"Drivers/SPI_DRIVER/SPI_driver.d" -MT"Drivers/SPI_DRIVER/SPI_driver.o" --specs=nano.specs -mfloat-abi=soft -mthumb -o "Drivers/SPI_DRIVER/SPI_driver.o"
arm-none-eabi-gcc "../Drivers/RCC_Driver/RCC_driver.c" -mcpu=cortex-m4 -std=gnu18 -g3 -DDEBUG -DSTM32 -DSTM32F4 -DSTM32F446RETx -DNUCLEO_F446RE -c -I"E:/MCU1/005STM32_Drivers/Drivers/GPIO_DRIVERS" -I"E:/MCU1/005STM32_Drivers/Drivers/USART_Driver" -I"E:/MCU1/005STM32_Drivers/Drivers/I2C_Driver" -I"E:/MCU1/005STM32_Drivers/Drivers/stm32f446re" -I"E:/MCU1/005STM32_Drivers/Drivers/SPI_DRIVER" -I"E:/MCU1/005STM32_Drivers/BSP" -I../Inc -I"E:/MCU1/005STM32_Drivers/Drivers/RCC_Driver" -O0 -ffunction-sections -fdata-sections -Wall -fstack-usage -MMD -MP -MF"Drivers/RCC_Driver/RCC_driver.d" -MT"Drivers/RCC_Driver/RCC_driver.o" --specs=nano.specs -mfloat-abi=soft -mthumb -o "Drivers/RCC_Driver/RCC_driver.o"
arm-none-eabi-gcc "../Drivers/I2C_Driver/I2C_Driver.c" -mcpu=cortex-m4 -std=gnu18 -g3 -DDEBUG -DSTM32 -DSTM32F4 -DSTM32F446RETx -DNUCLEO_F446RE -c -I"E:/MCU1/005STM32_Drivers/Drivers/GPIO_DRIVERS" -I"E:/MCU1/005STM32_Drivers/Drivers/USART_Driver" -I"E:/MCU1/005STM32_Drivers/Drivers/I2C_Driver" -I"E:/MCU1/005STM32_Drivers/Drivers/stm32f446re" -I"E:/MCU1/005STM32_Drivers/Drivers/SPI_DRIVER" -I"E:/MCU1/005STM32_Drivers/BSP" -I../Inc -I"E:/MCU1/005STM32_Drivers/Drivers/RCC_Driver" -O0 -ffunction-sections -fdata-sections -Wall -fstack-usage -MMD -MP -MF"Drivers/I2C_Driver/I2C_Driver.d" -MT"Drivers/I2C_Driver/I2C_Driver.o" --specs=nano.specs -mfloat-abi=soft -mthumb -o "Drivers/I2C_Driver/I2C_Driver.o"
../Drivers/RCC_Driver/RCC_driver.c: In function 'getSystemClock':
../Drivers/RCC_Driver/RCC_driver.c:48:1: warning: control reaches end of non-void function [-Wreturn-type]
   48 | }
      | ^
../Drivers/USART_Driver/USART_driver.c: In function 'USART_IRQPriorityConfig':
../Drivers/USART_Driver/USART_driver.c:600:10: warning: unused variable 'iprx' [-Wunused-variable]
  600 |  uint8_t iprx = IRQNumber / 4;
      |          ^~~~
../Drivers/USART_Driver/USART_driver.c: In function 'USART_IRQHandling':
../Drivers/I2C_Driver/I2C_Driver.c: In function 'I2C_ExecuteAddressPhaseWrite':
../Drivers/I2C_Driver/I2C_Driver.c:285:12: warning: variable 'DummyRead' set but not used [-Wunused-but-set-variable]
  285 |   uint16_t DummyRead;
      |            ^~~~~~~~~
../Drivers/I2C_Driver/I2C_Driver.c: At top level:
../Drivers/I2C_Driver/I2C_Driver.c:15:13: warning: 'I2C_ExecuteAddressPhaseRead' declared 'static' but never defined [-Wunused-function]
   15 | static void I2C_ExecuteAddressPhaseRead(I2C_type *pI2Cx, uint8_t SlaveAddr);
      |             ^~~~~~~~~~~~~~~~~~~~~~~~~~~
../Drivers/I2C_Driver/I2C_Driver.c:17:13: warning: 'I2C_MasterHandleRXNEInterrupt' declared 'static' but never defined [-Wunused-function]
   17 | static void I2C_MasterHandleRXNEInterrupt(I2C_Handle *pI2CHandle );
      |             ^~~~~~~~~~~~~~~~~~~~~~~~~~~~~
../Drivers/I2C_Driver/I2C_Driver.c:18:13: warning: 'I2C_MasterHandleTXEInterrupt' declared 'static' but never defined [-Wunused-function]
   18 | static void I2C_MasterHandleTXEInterrupt(I2C_Handle *pI2CHandle );
      |             ^~~~~~~~~~~~~~~~~~~~~~~~~~~~
../Drivers/USART_Driver/USART_driver.c:626:26: warning: variable 'temp3' set but not used [-Wunused-but-set-variable]
  626 |  uint32_t temp1 , temp2, temp3;
      |                          ^~~~~
arm-none-eabi-gcc "../Drivers/GPIO_DRIVERS/GPIO_driver.c" -mcpu=cortex-m4 -std=gnu18 -g3 -DDEBUG -DSTM32 -DSTM32F4 -DSTM32F446RETx -DNUCLEO_F446RE -c -I"E:/MCU1/005STM32_Drivers/Drivers/GPIO_DRIVERS" -I"E:/MCU1/005STM32_Drivers/Drivers/USART_Driver" -I"E:/MCU1/005STM32_Drivers/Drivers/I2C_Driver" -I"E:/MCU1/005STM32_Drivers/Drivers/stm32f446re" -I"E:/MCU1/005STM32_Drivers/Drivers/SPI_DRIVER" -I"E:/MCU1/005STM32_Drivers/BSP" -I../Inc -I"E:/MCU1/005STM32_Drivers/Drivers/RCC_Driver" -O0 -ffunction-sections -fdata-sections -Wall -fstack-usage -MMD -MP -MF"Drivers/GPIO_DRIVERS/GPIO_driver.d" -MT"Drivers/GPIO_DRIVERS/GPIO_driver.o" --specs=nano.specs -mfloat-abi=soft -mthumb -o "Drivers/GPIO_DRIVERS/GPIO_driver.o"
arm-none-eabi-gcc "../BSP/bsp.c" -mcpu=cortex-m4 -std=gnu18 -g3 -DDEBUG -DSTM32 -DSTM32F4 -DSTM32F446RETx -DNUCLEO_F446RE -c -I"E:/MCU1/005STM32_Drivers/Drivers/GPIO_DRIVERS" -I"E:/MCU1/005STM32_Drivers/Drivers/USART_Driver" -I"E:/MCU1/005STM32_Drivers/Drivers/I2C_Driver" -I"E:/MCU1/005STM32_Drivers/Drivers/stm32f446re" -I"E:/MCU1/005STM32_Drivers/Drivers/SPI_DRIVER" -I"E:/MCU1/005STM32_Drivers/BSP" -I../Inc -I"E:/MCU1/005STM32_Drivers/Drivers/RCC_Driver" -O0 -ffunction-sections -fdata-sections -Wall -fstack-usage -MMD -MP -MF"BSP/bsp.d" -MT"BSP/bsp.o" --specs=nano.specs -mfloat-abi=soft -mthumb -o "BSP/bsp.o"
arm-none-eabi-gcc -o "005STM32_Drivers.elf" @"objects.list"   -mcpu=cortex-m4 -T"E:\MCU1\005STM32_Drivers\STM32F446RETX_FLASH.ld" --specs=nosys.specs -Wl,-Map="005STM32_Drivers.map" -Wl,--gc-sections -static --specs=nano.specs -mfloat-abi=soft -mthumb -Wl,--start-group -lc -lm -Wl,--end-group
Finished building target: 005STM32_Drivers.elf
 
arm-none-eabi-size   005STM32_Drivers.elf 
arm-none-eabi-objdump -h -S  005STM32_Drivers.elf  > "005STM32_Drivers.list"
   text	   data	    bss	    dec	    hex	filename
    704	      8	   1568	   2280	    8e8	005STM32_Drivers.elf
Finished building: default.size.stdout
 
Finished building: 005STM32_Drivers.list
 

10:32:26 Build Finished. 0 errors, 7 warnings. (took 3s.490ms)

