14:14:34 **** Build of configuration Debug for project SPI_SlaveBoard ****
make -j8 all 
arm-none-eabi-gcc "../Src/Slave_receiveData.c" -mcpu=cortex-m4 -std=gnu11 -g3 -DDEBUG -DSTM32 -DSTM32F4 -DSTM32F446RETx -DNUCLEO_F446RE -c -I../Inc -I"E:/MCU1/SPI_SlaveBoard/BSP" -I"E:/MCU1/SPI_SlaveBoard/Drivers/GPIO_DRIVERS" -I"E:/MCU1/SPI_SlaveBoard/Drivers/inc" -I"E:/MCU1/SPI_SlaveBoard/Drivers/SPI_DRIVER" -O0 -ffunction-sections -fdata-sections -Wall -fstack-usage -MMD -MP -MF"Src/Slave_receiveData.d" -MT"Src/Slave_receiveData.o" --specs=nano.specs -mfloat-abi=soft -mthumb -o "Src/Slave_receiveData.o"
arm-none-eabi-gcc "../Src/syscalls.c" -mcpu=cortex-m4 -std=gnu11 -g3 -DDEBUG -DSTM32 -DSTM32F4 -DSTM32F446RETx -DNUCLEO_F446RE -c -I../Inc -I"E:/MCU1/SPI_SlaveBoard/BSP" -I"E:/MCU1/SPI_SlaveBoard/Drivers/GPIO_DRIVERS" -I"E:/MCU1/SPI_SlaveBoard/Drivers/inc" -I"E:/MCU1/SPI_SlaveBoard/Drivers/SPI_DRIVER" -O0 -ffunction-sections -fdata-sections -Wall -fstack-usage -MMD -MP -MF"Src/syscalls.d" -MT"Src/syscalls.o" --specs=nano.specs -mfloat-abi=soft -mthumb -o "Src/syscalls.o"
arm-none-eabi-gcc "../Src/sysmem.c" -mcpu=cortex-m4 -std=gnu11 -g3 -DDEBUG -DSTM32 -DSTM32F4 -DSTM32F446RETx -DNUCLEO_F446RE -c -I../Inc -I"E:/MCU1/SPI_SlaveBoard/BSP" -I"E:/MCU1/SPI_SlaveBoard/Drivers/GPIO_DRIVERS" -I"E:/MCU1/SPI_SlaveBoard/Drivers/inc" -I"E:/MCU1/SPI_SlaveBoard/Drivers/SPI_DRIVER" -O0 -ffunction-sections -fdata-sections -Wall -fstack-usage -MMD -MP -MF"Src/sysmem.d" -MT"Src/sysmem.o" --specs=nano.specs -mfloat-abi=soft -mthumb -o "Src/sysmem.o"
arm-none-eabi-gcc "../Drivers/SPI_DRIVER/SPI_driver.c" -mcpu=cortex-m4 -std=gnu11 -g3 -DDEBUG -DSTM32 -DSTM32F4 -DSTM32F446RETx -DNUCLEO_F446RE -c -I../Inc -I"E:/MCU1/SPI_SlaveBoard/BSP" -I"E:/MCU1/SPI_SlaveBoard/Drivers/GPIO_DRIVERS" -I"E:/MCU1/SPI_SlaveBoard/Drivers/inc" -I"E:/MCU1/SPI_SlaveBoard/Drivers/SPI_DRIVER" -O0 -ffunction-sections -fdata-sections -Wall -fstack-usage -MMD -MP -MF"Drivers/SPI_DRIVER/SPI_driver.d" -MT"Drivers/SPI_DRIVER/SPI_driver.o" --specs=nano.specs -mfloat-abi=soft -mthumb -o "Drivers/SPI_DRIVER/SPI_driver.o"
arm-none-eabi-gcc "../Drivers/GPIO_DRIVERS/GPIO_driver.c" -mcpu=cortex-m4 -std=gnu11 -g3 -DDEBUG -DSTM32 -DSTM32F4 -DSTM32F446RETx -DNUCLEO_F446RE -c -I../Inc -I"E:/MCU1/SPI_SlaveBoard/BSP" -I"E:/MCU1/SPI_SlaveBoard/Drivers/GPIO_DRIVERS" -I"E:/MCU1/SPI_SlaveBoard/Drivers/inc" -I"E:/MCU1/SPI_SlaveBoard/Drivers/SPI_DRIVER" -O0 -ffunction-sections -fdata-sections -Wall -fstack-usage -MMD -MP -MF"Drivers/GPIO_DRIVERS/GPIO_driver.d" -MT"Drivers/GPIO_DRIVERS/GPIO_driver.o" --specs=nano.specs -mfloat-abi=soft -mthumb -o "Drivers/GPIO_DRIVERS/GPIO_driver.o"
arm-none-eabi-gcc "../BSP/bsp.c" -mcpu=cortex-m4 -std=gnu11 -g3 -DDEBUG -DSTM32 -DSTM32F4 -DSTM32F446RETx -DNUCLEO_F446RE -c -I../Inc -I"E:/MCU1/SPI_SlaveBoard/BSP" -I"E:/MCU1/SPI_SlaveBoard/Drivers/GPIO_DRIVERS" -I"E:/MCU1/SPI_SlaveBoard/Drivers/inc" -I"E:/MCU1/SPI_SlaveBoard/Drivers/SPI_DRIVER" -O0 -ffunction-sections -fdata-sections -Wall -fstack-usage -MMD -MP -MF"BSP/bsp.d" -MT"BSP/bsp.o" --specs=nano.specs -mfloat-abi=soft -mthumb -o "BSP/bsp.o"
arm-none-eabi-gcc -o "SPI_SlaveBoard.elf" @"objects.list"   -mcpu=cortex-m4 -T"E:\MCU1\SPI_SlaveBoard\STM32F446RETX_FLASH.ld" --specs=nosys.specs -Wl,-Map="SPI_SlaveBoard.map" -Wl,--gc-sections -static --specs=nano.specs -mfloat-abi=soft -mthumb -Wl,--start-group -lc -lm -Wl,--end-group
Finished building target: SPI_SlaveBoard.elf
 
arm-none-eabi-size   SPI_SlaveBoard.elf 
arm-none-eabi-objdump -h -S  SPI_SlaveBoard.elf  > "SPI_SlaveBoard.list"
   text	   data	    bss	    dec	    hex	filename
   2788	      8	   1568	   4364	   110c	SPI_SlaveBoard.elf
Finished building: default.size.stdout
 
Finished building: SPI_SlaveBoard.list
 

14:14:35 Build Finished. 0 errors, 0 warnings. (took 970ms)

