07:54:33 **** Incremental Build of configuration Debug for project Test1 ****
make -j8 all 
arm-none-eabi-gcc "../Core/Src/main.c" -mcpu=cortex-m4 -std=gnu11 -g3 -DDEBUG -DUSE_HAL_DRIVER -DSTM32F446xx -c -I../Core/Inc -I../Drivers/STM32F4xx_HAL_Driver/Inc -I../Drivers/STM32F4xx_HAL_Driver/Inc/Legacy -I../Drivers/CMSIS/Device/ST/STM32F4xx/Include -I../Drivers/CMSIS/Include -O0 -ffunction-sections -fdata-sections -Wall -fstack-usage -MMD -MP -MF"Core/Src/main.d" -MT"Core/Src/main.o" --specs=nano.specs -mfpu=fpv4-sp-d16 -mfloat-abi=hard -mthumb -o "Core/Src/main.o"
arm-none-eabi-gcc -o "Test1.elf" @"objects.list"   -mcpu=cortex-m4 -T"E:\MCU1\Test1\STM32F446RETX_FLASH.ld" --specs=nosys.specs -Wl,-Map="Test1.map" -Wl,--gc-sections -static --specs=nano.specs -mfpu=fpv4-sp-d16 -mfloat-abi=hard -mthumb -Wl,--start-group -lc -lm -Wl,--end-group
Finished building target: Test1.elf
 
arm-none-eabi-size   Test1.elf 
arm-none-eabi-objdump -h -S  Test1.elf  > "Test1.list"
   text	   data	    bss	    dec	    hex	filename
   5564	     20	   1572	   7156	   1bf4	Test1.elf
Finished building: default.size.stdout
 
Finished building: Test1.list
 

07:54:36 Build Finished. 0 errors, 0 warnings. (took 2s.687ms)

