17:50:15 **** Incremental Build of configuration Debug for project USART_Board ****
make -j8 all 
arm-none-eabi-gcc "../Src/main.c" -mcpu=cortex-m4 -std=gnu11 -g3 -DDEBUG -DSTM32 -DSTM32F4 -DSTM32F446RETx -DNUCLEO_F446RE -c -I../Inc -I"E:/MCU1/USART_Board/BSP" -I"E:/MCU1/USART_Board/Drivers/GPIO_DRIVERS" -I"E:/MCU1/USART_Board/Drivers/I2C_Driver" -I"E:/MCU1/USART_Board/Drivers/RCC_Driver" -I"E:/MCU1/USART_Board/Drivers/SPI_DRIVER" -I"E:/MCU1/USART_Board/Drivers/stm32f446re" -I"E:/MCU1/USART_Board/Drivers/UART" -O0 -ffunction-sections -fdata-sections -Wall -fstack-usage -MMD -MP -MF"Src/main.d" -MT"Src/main.o" --specs=nano.specs -mfloat-abi=soft -mthumb -o "Src/main.o"
../Src/main.c: In function 'main':
../Src/main.c:58:27: warning: pointer targets in passing argument 1 of 'strcmp' differ in signedness [-Wpointer-sign]
   58 |   uint8_t result = strcmp(data,s1);
      |                           ^~~~
      |                           |
      |                           uint8_t * {aka unsigned char *}
In file included from ../Src/main.c:18:
c:\st\stm32cubeide_1.11.2\stm32cubeide\plugins\com.st.stm32cube.ide.mcu.externaltools.gnu-tools-for-stm32.10.3-2021.10.win32_1.0.100.202210260954\tools\arm-none-eabi\include\string.h:36:14: note: expected 'const char *' but argument is of type 'uint8_t *' {aka 'unsigned char *'}
   36 | int  strcmp (const char *, const char *);
      |              ^~~~~~~~~~~~
../Src/main.c:58:32: warning: pointer targets in passing argument 2 of 'strcmp' differ in signedness [-Wpointer-sign]
   58 |   uint8_t result = strcmp(data,s1);
      |                                ^~
      |                                |
      |                                uint8_t * {aka unsigned char *}
In file included from ../Src/main.c:18:
c:\st\stm32cubeide_1.11.2\stm32cubeide\plugins\com.st.stm32cube.ide.mcu.externaltools.gnu-tools-for-stm32.10.3-2021.10.win32_1.0.100.202210260954\tools\arm-none-eabi\include\string.h:36:28: note: expected 'const char *' but argument is of type 'uint8_t *' {aka 'unsigned char *'}
   36 | int  strcmp (const char *, const char *);
      |                            ^~~~~~~~~~~~
../Src/main.c:27:10: warning: unused variable 's2' [-Wunused-variable]
   27 |  uint8_t s2[] = "Salah Ahmed\n";
      |          ^~
arm-none-eabi-gcc -o "USART_Board.elf" @"objects.list"   -mcpu=cortex-m4 -T"E:\MCU1\USART_Board\STM32F446RETX_FLASH.ld" --specs=nosys.specs -Wl,-Map="USART_Board.map" -Wl,--gc-sections -static --specs=nano.specs -mfloat-abi=soft -mthumb -Wl,--start-group -lc -lm -Wl,--end-group
Finished building target: USART_Board.elf
 
arm-none-eabi-size   USART_Board.elf 
arm-none-eabi-objdump -h -S  USART_Board.elf  > "USART_Board.list"
   text	   data	    bss	    dec	    hex	filename
   3848	     16	   1568	   5432	   1538	USART_Board.elf
Finished building: default.size.stdout
 
Finished building: USART_Board.list
 

17:50:15 Build Finished. 0 errors, 3 warnings. (took 813ms)

